[2022-03-19T09:30:49.797+0000][175][gc] Using G1
[2022-03-19T09:30:49.806+0000][175][gc,init] Version: 17.0.1+12 (release)
[2022-03-19T09:30:49.807+0000][175][gc,init] CPUs: 4 total, 4 available
[2022-03-19T09:30:49.807+0000][175][gc,init] Memory: 6251M
[2022-03-19T09:30:49.807+0000][175][gc,init] Large Page Support: Disabled
[2022-03-19T09:30:49.807+0000][175][gc,init] NUMA Support: Disabled
[2022-03-19T09:30:49.807+0000][175][gc,init] Compressed Oops: Enabled (Zero based)
[2022-03-19T09:30:49.807+0000][175][gc,init] Heap Region Size: 2M
[2022-03-19T09:30:49.808+0000][175][gc,init] Heap Min Capacity: 3126M
[2022-03-19T09:30:49.808+0000][175][gc,init] Heap Initial Capacity: 3126M
[2022-03-19T09:30:49.874+0000][175][gc,init] Heap Max Capacity: 3126M
[2022-03-19T09:30:49.874+0000][175][gc,init] Pre-touch: Disabled
[2022-03-19T09:30:49.875+0000][175][gc,init] Parallel Workers: 4
[2022-03-19T09:30:49.875+0000][175][gc,init] Concurrent Workers: 1
[2022-03-19T09:30:49.875+0000][175][gc,init] Concurrent Refinement Workers: 4
[2022-03-19T09:30:49.876+0000][175][gc,init] Periodic GC: Disabled
[2022-03-19T09:30:49.876+0000][175][gc,metaspace] CDS archive(s) not mapped
[2022-03-19T09:30:49.876+0000][175][gc,metaspace] Compressed class space mapped at: 0x00000007c0000000-0x0000000800000000, reserved size: 1073741824
[2022-03-19T09:30:49.877+0000][175][gc,metaspace] Narrow klass base: 0x0000000000000000, Narrow klass shift: 3, Narrow klass range: 0x800000000
[2022-03-19T09:30:50.041+0000][175][gc,heap,exit] Heap
[2022-03-19T09:30:50.041+0000][175][gc,heap,exit]  garbage-first heap   total 3201024K, used 3074K [0x00000006fca00000, 0x00000007c0000000)
[2022-03-19T09:30:50.041+0000][175][gc,heap,exit]   region size 2048K, 2 young (4096K), 0 survivors (0K)
[2022-03-19T09:30:50.042+0000][175][gc,heap,exit]  Metaspace       used 3477K, committed 3584K, reserved 1056768K
[2022-03-19T09:30:50.042+0000][175][gc,heap,exit]   class space    used 277K, committed 320K, reserved 1048576K
