[2022-03-19T08:50:25.774+0000][8][gc] Using G1
[2022-03-19T08:50:45.993+0000][8][gc,init] Version: 17.0.1+12 (release)
[2022-03-19T08:50:45.994+0000][8][gc,init] CPUs: 4 total, 4 available
[2022-03-19T08:50:45.994+0000][8][gc,init] Memory: 6251M
[2022-03-19T08:50:45.994+0000][8][gc,init] Large Page Support: Disabled
[2022-03-19T08:50:45.994+0000][8][gc,init] NUMA Support: Disabled
[2022-03-19T08:50:45.995+0000][8][gc,init] Compressed Oops: Enabled (Zero based)
[2022-03-19T08:50:45.995+0000][8][gc,init] Heap Region Size: 4M
[2022-03-19T08:50:45.995+0000][8][gc,init] Heap Min Capacity: 3128M
[2022-03-19T08:50:45.995+0000][8][gc,init] Heap Initial Capacity: 3128M
[2022-03-19T08:50:45.996+0000][8][gc,init] Heap Max Capacity: 3128M
[2022-03-19T08:50:45.996+0000][8][gc,init] Pre-touch: Enabled
[2022-03-19T08:50:45.996+0000][8][gc,init] Parallel Workers: 4
[2022-03-19T08:50:45.996+0000][8][gc,init] Concurrent Workers: 1
[2022-03-19T08:50:45.996+0000][8][gc,init] Concurrent Refinement Workers: 4
[2022-03-19T08:50:45.996+0000][8][gc,init] Periodic GC: Disabled
[2022-03-19T08:50:45.997+0000][8][gc,metaspace] CDS archive(s) mapped at: [0x0000000800000000-0x0000000800bd1000-0x0000000800bd1000), size 12390400, SharedBaseAddress: 0x0000000800000000, ArchiveRelocationMode: 0.
[2022-03-19T08:50:45.997+0000][8][gc,metaspace] Compressed class space mapped at: 0x0000000800c00000-0x0000000840c00000, reserved size: 1073741824
[2022-03-19T08:50:45.997+0000][8][gc,metaspace] Narrow klass base: 0x0000000800000000, Narrow klass shift: 0, Narrow klass range: 0x100000000
[2022-03-19T08:50:46.611+0000][8][safepoint   ] Safepoint "ICBufferFull", Time since last: 599142500 ns, Reaching safepoint: 202000 ns, At safepoint: 28900 ns, Total: 230900 ns
[2022-03-19T08:50:47.760+0000][8][safepoint   ] Safepoint "ICBufferFull", Time since last: 1148527900 ns, Reaching safepoint: 221700 ns, At safepoint: 26700 ns, Total: 248400 ns
[2022-03-19T08:50:48.848+0000][8][safepoint   ] Safepoint "Cleanup", Time since last: 1087742100 ns, Reaching safepoint: 131900 ns, At safepoint: 29000 ns, Total: 160900 ns
[2022-03-19T08:50:50.082+0000][8][safepoint   ] Safepoint "ICBufferFull", Time since last: 1233785100 ns, Reaching safepoint: 185500 ns, At safepoint: 6000 ns, Total: 191500 ns
[2022-03-19T08:50:50.101+0000][8][gc,start    ] GC(0) Pause Young (Normal) (G1 Evacuation Pause)
[2022-03-19T08:50:50.102+0000][8][gc,task     ] GC(0) Using 4 workers of 4 for evacuation
[2022-03-19T08:50:50.102+0000][8][gc,age      ] GC(0) Desired survivor size 10485760 bytes, new threshold 15 (max threshold 15)
[2022-03-19T08:50:50.115+0000][8][gc,age      ] GC(0) Age table with threshold 15 (max threshold 15)
[2022-03-19T08:50:50.115+0000][8][gc,age      ] GC(0) - age   1:    9513824 bytes,    9513824 total
[2022-03-19T08:50:50.116+0000][8][gc,phases   ] GC(0)   Pre Evacuate Collection Set: 0.2ms
[2022-03-19T08:50:50.116+0000][8][gc,phases   ] GC(0)   Merge Heap Roots: 1.0ms
[2022-03-19T08:50:50.117+0000][8][gc,phases   ] GC(0)   Evacuate Collection Set: 9.3ms
[2022-03-19T08:50:50.117+0000][8][gc,phases   ] GC(0)   Post Evacuate Collection Set: 1.9ms
[2022-03-19T08:50:50.117+0000][8][gc,phases   ] GC(0)   Other: 2.9ms
[2022-03-19T08:50:50.117+0000][8][gc,heap     ] GC(0) Eden regions: 39->0(36)
[2022-03-19T08:50:50.117+0000][8][gc,heap     ] GC(0) Survivor regions: 0->3(5)
[2022-03-19T08:50:50.117+0000][8][gc,heap     ] GC(0) Old regions: 0->0
[2022-03-19T08:50:50.118+0000][8][gc,heap     ] GC(0) Archive regions: 2->2
[2022-03-19T08:50:50.118+0000][8][gc,heap     ] GC(0) Humongous regions: 0->0
[2022-03-19T08:50:50.118+0000][8][gc,metaspace] GC(0) Metaspace: 15894K(16192K)->15894K(16192K) NonClass: 14019K(14144K)->14019K(14144K) Class: 1874K(2048K)->1874K(2048K)
[2022-03-19T08:50:50.118+0000][8][gc          ] GC(0) Pause Young (Normal) (G1 Evacuation Pause) 159M->13M(3128M) 17.062ms
[2022-03-19T08:50:50.119+0000][8][gc,cpu      ] GC(0) User=0.05s Sys=0.00s Real=0.01s
[2022-03-19T08:50:50.119+0000][8][safepoint   ] Safepoint "G1CollectForAllocation", Time since last: 17717700 ns, Reaching safepoint: 493600 ns, At safepoint: 18873500 ns, Total: 19367100 ns
[2022-03-19T08:50:50.318+0000][8][safepoint   ] Safepoint "ICBufferFull", Time since last: 198543900 ns, Reaching safepoint: 248000 ns, At safepoint: 10300 ns, Total: 258300 ns
[2022-03-19T08:50:50.319+0000][8][safepoint   ] Safepoint "ICBufferFull", Time since last: 1487700 ns, Reaching safepoint: 185300 ns, At safepoint: 11300 ns, Total: 196600 ns
[2022-03-19T08:50:50.323+0000][8][safepoint   ] Safepoint "ICBufferFull", Time since last: 3465600 ns, Reaching safepoint: 69800 ns, At safepoint: 5100 ns, Total: 74900 ns
[2022-03-19T08:50:50.324+0000][8][safepoint   ] Safepoint "ICBufferFull", Time since last: 1447400 ns, Reaching safepoint: 50600 ns, At safepoint: 5200 ns, Total: 55800 ns
[2022-03-19T08:50:50.326+0000][8][safepoint   ] Safepoint "ICBufferFull", Time since last: 1585800 ns, Reaching safepoint: 50900 ns, At safepoint: 4400 ns, Total: 55300 ns
[2022-03-19T08:50:50.695+0000][8][gc,start    ] GC(1) Pause Young (Normal) (G1 Evacuation Pause)
[2022-03-19T08:50:50.695+0000][8][gc,task     ] GC(1) Using 4 workers of 4 for evacuation
[2022-03-19T08:50:50.695+0000][8][gc,age      ] GC(1) Desired survivor size 10485760 bytes, new threshold 15 (max threshold 15)
[2022-03-19T08:50:50.721+0000][8][gc,age      ] GC(1) Age table with threshold 15 (max threshold 15)
[2022-03-19T08:50:50.721+0000][8][gc,age      ] GC(1) - age   1:    3806704 bytes,    3806704 total
[2022-03-19T08:50:50.722+0000][8][gc,age      ] GC(1) - age   2:    7910544 bytes,   11717248 total
[2022-03-19T08:50:50.722+0000][8][gc,phases   ] GC(1)   Pre Evacuate Collection Set: 0.1ms
[2022-03-19T08:50:50.722+0000][8][gc,phases   ] GC(1)   Merge Heap Roots: 0.1ms
[2022-03-19T08:50:50.722+0000][8][gc,phases   ] GC(1)   Evacuate Collection Set: 24.4ms
[2022-03-19T08:50:50.722+0000][8][gc,phases   ] GC(1)   Post Evacuate Collection Set: 1.1ms
[2022-03-19T08:50:50.723+0000][8][gc,phases   ] GC(1)   Other: 1.7ms
[2022-03-19T08:50:50.723+0000][8][gc,heap     ] GC(1) Eden regions: 36->0(36)
[2022-03-19T08:50:50.723+0000][8][gc,heap     ] GC(1) Survivor regions: 3->3(5)
[2022-03-19T08:50:50.723+0000][8][gc,heap     ] GC(1) Old regions: 0->0
[2022-03-19T08:50:50.723+0000][8][gc,heap     ] GC(1) Archive regions: 2->2
[2022-03-19T08:50:50.724+0000][8][gc,heap     ] GC(1) Humongous regions: 0->0
[2022-03-19T08:50:50.724+0000][8][gc,metaspace] GC(1) Metaspace: 17805K(18112K)->17805K(18112K) NonClass: 15651K(15808K)->15651K(15808K) Class: 2153K(2304K)->2153K(2304K)
[2022-03-19T08:50:50.724+0000][8][gc          ] GC(1) Pause Young (Normal) (G1 Evacuation Pause) 157M->15M(3128M) 29.502ms
[2022-03-19T08:50:50.724+0000][8][gc,cpu      ] GC(1) User=0.09s Sys=0.00s Real=0.03s
[2022-03-19T08:50:50.725+0000][8][safepoint   ] Safepoint "G1CollectForAllocation", Time since last: 368435300 ns, Reaching safepoint: 151100 ns, At safepoint: 30016800 ns, Total: 30167900 ns
[2022-03-19T08:50:51.032+0000][8][gc,start    ] GC(2) Pause Young (Normal) (G1 Evacuation Pause)
[2022-03-19T08:50:51.032+0000][8][gc,task     ] GC(2) Using 4 workers of 4 for evacuation
[2022-03-19T08:50:51.032+0000][8][gc,age      ] GC(2) Desired survivor size 10485760 bytes, new threshold 2 (max threshold 15)
[2022-03-19T08:50:51.062+0000][8][gc,age      ] GC(2) Age table with threshold 2 (max threshold 15)
[2022-03-19T08:50:51.062+0000][8][gc,age      ] GC(2) - age   1:    2041416 bytes,    2041416 total
[2022-03-19T08:50:51.062+0000][8][gc,age      ] GC(2) - age   2:    3016024 bytes,    5057440 total
[2022-03-19T08:50:51.062+0000][8][gc,phases   ] GC(2)   Pre Evacuate Collection Set: 0.2ms
[2022-03-19T08:50:51.062+0000][8][gc,phases   ] GC(2)   Merge Heap Roots: 0.1ms
[2022-03-19T08:50:51.062+0000][8][gc,phases   ] GC(2)   Evacuate Collection Set: 28.1ms
[2022-03-19T08:50:51.063+0000][8][gc,phases   ] GC(2)   Post Evacuate Collection Set: 0.7ms
[2022-03-19T08:50:51.063+0000][8][gc,phases   ] GC(2)   Other: 1.2ms
[2022-03-19T08:50:51.063+0000][8][gc,heap     ] GC(2) Eden regions: 36->0(55)
[2022-03-19T08:50:51.063+0000][8][gc,heap     ] GC(2) Survivor regions: 3->2(5)
[2022-03-19T08:50:51.063+0000][8][gc,heap     ] GC(2) Old regions: 0->2
[2022-03-19T08:50:51.063+0000][8][gc,heap     ] GC(2) Archive regions: 2->2
[2022-03-19T08:50:51.063+0000][8][gc,heap     ] GC(2) Humongous regions: 0->0
[2022-03-19T08:50:51.064+0000][8][gc,metaspace] GC(2) Metaspace: 18291K(18624K)->18291K(18624K) NonClass: 16052K(16256K)->16052K(16256K) Class: 2238K(2368K)->2238K(2368K)
[2022-03-19T08:50:51.064+0000][8][gc          ] GC(2) Pause Young (Normal) (G1 Evacuation Pause) 159M->17M(3128M) 31.821ms
[2022-03-19T08:50:51.064+0000][8][gc,cpu      ] GC(2) User=0.11s Sys=0.00s Real=0.03s
[2022-03-19T08:50:51.064+0000][8][safepoint   ] Safepoint "G1CollectForAllocation", Time since last: 307191800 ns, Reaching safepoint: 198400 ns, At safepoint: 32192000 ns, Total: 32390400 ns
[2022-03-19T08:50:51.555+0000][8][gc,start    ] GC(3) Pause Young (Normal) (G1 Evacuation Pause)
[2022-03-19T08:50:51.555+0000][8][gc,task     ] GC(3) Using 4 workers of 4 for evacuation
[2022-03-19T08:50:51.555+0000][8][gc,age      ] GC(3) Desired survivor size 16777216 bytes, new threshold 15 (max threshold 15)
[2022-03-19T08:50:51.563+0000][8][gc,age      ] GC(3) Age table with threshold 15 (max threshold 15)
[2022-03-19T08:50:51.564+0000][8][gc,age      ] GC(3) - age   1:    4384296 bytes,    4384296 total
[2022-03-19T08:50:51.564+0000][8][gc,age      ] GC(3) - age   2:     780680 bytes,    5164976 total
[2022-03-19T08:50:51.564+0000][8][gc,age      ] GC(3) - age   3:    3015496 bytes,    8180472 total
[2022-03-19T08:50:51.565+0000][8][gc,phases   ] GC(3)   Pre Evacuate Collection Set: 0.2ms
[2022-03-19T08:50:51.565+0000][8][gc,phases   ] GC(3)   Merge Heap Roots: 0.1ms
[2022-03-19T08:50:51.565+0000][8][gc,phases   ] GC(3)   Evacuate Collection Set: 6.6ms
[2022-03-19T08:50:51.565+0000][8][gc,phases   ] GC(3)   Post Evacuate Collection Set: 0.8ms
[2022-03-19T08:50:51.565+0000][8][gc,phases   ] GC(3)   Other: 2.1ms
[2022-03-19T08:50:51.566+0000][8][gc,heap     ] GC(3) Eden regions: 55->0(467)
[2022-03-19T08:50:51.566+0000][8][gc,heap     ] GC(3) Survivor regions: 2->2(8)
[2022-03-19T08:50:51.566+0000][8][gc,heap     ] GC(3) Old regions: 2->2
[2022-03-19T08:50:51.566+0000][8][gc,heap     ] GC(3) Archive regions: 2->2
[2022-03-19T08:50:51.566+0000][8][gc,heap     ] GC(3) Humongous regions: 0->0
[2022-03-19T08:50:51.567+0000][8][gc,metaspace] GC(3) Metaspace: 18774K(19200K)->18774K(19200K) NonClass: 16487K(16768K)->16487K(16768K) Class: 2287K(2432K)->2287K(2432K)
[2022-03-19T08:50:51.567+0000][8][gc          ] GC(3) Pause Young (Normal) (G1 Evacuation Pause) 237M->19M(3128M) 12.113ms
[2022-03-19T08:50:51.567+0000][8][gc,cpu      ] GC(3) User=0.03s Sys=0.00s Real=0.01s
[2022-03-19T08:50:51.567+0000][8][safepoint   ] Safepoint "G1CollectForAllocation", Time since last: 490525400 ns, Reaching safepoint: 98300 ns, At safepoint: 12632900 ns, Total: 12731200 ns
[2022-03-19T08:50:52.588+0000][8][safepoint   ] Safepoint "Cleanup", Time since last: 1020452300 ns, Reaching safepoint: 318300 ns, At safepoint: 34500 ns, Total: 352800 ns
[2022-03-19T08:50:53.331+0000][8][gc,start    ] GC(4) Pause Young (Concurrent Start) (Metadata GC Threshold)
[2022-03-19T08:50:53.332+0000][8][gc,task     ] GC(4) Using 4 workers of 4 for evacuation
[2022-03-19T08:50:53.332+0000][8][gc,age      ] GC(4) Desired survivor size 123731968 bytes, new threshold 15 (max threshold 15)
[2022-03-19T08:50:53.340+0000][8][gc,age      ] GC(4) Age table with threshold 15 (max threshold 15)
[2022-03-19T08:50:53.340+0000][8][gc,age      ] GC(4) - age   1:    3767520 bytes,    3767520 total
[2022-03-19T08:50:53.340+0000][8][gc,age      ] GC(4) - age   2:    2645840 bytes,    6413360 total
[2022-03-19T08:50:53.340+0000][8][gc,age      ] GC(4) - age   3:     777088 bytes,    7190448 total
[2022-03-19T08:50:53.341+0000][8][gc,age      ] GC(4) - age   4:    3012616 bytes,   10203064 total
[2022-03-19T08:50:53.341+0000][8][gc,phases   ] GC(4)   Pre Evacuate Collection Set: 0.3ms
[2022-03-19T08:50:53.341+0000][8][gc,phases   ] GC(4)   Merge Heap Roots: 0.1ms
[2022-03-19T08:50:53.341+0000][8][gc,phases   ] GC(4)   Evacuate Collection Set: 5.4ms
[2022-03-19T08:50:53.341+0000][8][gc,phases   ] GC(4)   Post Evacuate Collection Set: 0.9ms
[2022-03-19T08:50:53.341+0000][8][gc,phases   ] GC(4)   Other: 2.7ms
[2022-03-19T08:50:53.342+0000][8][gc,heap     ] GC(4) Eden regions: 240->0(361)
[2022-03-19T08:50:53.342+0000][8][gc,heap     ] GC(4) Survivor regions: 2->3(59)
[2022-03-19T08:50:53.342+0000][8][gc,heap     ] GC(4) Old regions: 2->2
[2022-03-19T08:50:53.342+0000][8][gc,heap     ] GC(4) Archive regions: 2->2
[2022-03-19T08:50:53.342+0000][8][gc,heap     ] GC(4) Humongous regions: 0->0
[2022-03-19T08:50:53.342+0000][8][gc,metaspace] GC(4) Metaspace: 20978K(21504K)->20978K(21504K) NonClass: 18386K(18688K)->18386K(18688K) Class: 2591K(2816K)->2591K(2816K)
[2022-03-19T08:50:53.343+0000][8][gc          ] GC(4) Pause Young (Concurrent Start) (Metadata GC Threshold) 979M->21M(3128M) 11.215ms
[2022-03-19T08:50:53.343+0000][8][gc,cpu      ] GC(4) User=0.02s Sys=0.00s Real=0.01s
[2022-03-19T08:50:53.343+0000][8][gc          ] GC(5) Concurrent Mark Cycle
[2022-03-19T08:50:53.344+0000][8][gc,marking  ] GC(5) Concurrent Clear Claimed Marks
[2022-03-19T08:50:53.344+0000][8][safepoint   ] Safepoint "CollectForMetadataAllocation", Time since last: 742902400 ns, Reaching safepoint: 198800 ns, At safepoint: 12812700 ns, Total: 13011500 ns
[2022-03-19T08:50:53.344+0000][8][gc,marking  ] GC(5) Concurrent Clear Claimed Marks 0.554ms
[2022-03-19T08:50:53.345+0000][8][gc,marking  ] GC(5) Concurrent Scan Root Regions
[2022-03-19T08:50:53.349+0000][8][gc,marking  ] GC(5) Concurrent Scan Root Regions 3.880ms
[2022-03-19T08:50:53.349+0000][8][gc,marking  ] GC(5) Concurrent Mark
[2022-03-19T08:50:53.349+0000][8][gc,marking  ] GC(5) Concurrent Mark From Roots
[2022-03-19T08:50:53.349+0000][8][gc,task     ] GC(5) Using 1 workers of 1 for marking
[2022-03-19T08:50:53.368+0000][8][gc,marking  ] GC(5) Concurrent Mark From Roots 19.381ms
[2022-03-19T08:50:53.369+0000][8][gc,marking  ] GC(5) Concurrent Preclean
[2022-03-19T08:50:53.369+0000][8][gc,marking  ] GC(5) Concurrent Preclean 0.652ms
[2022-03-19T08:50:53.370+0000][8][gc,start    ] GC(5) Pause Remark
[2022-03-19T08:50:53.374+0000][8][gc          ] GC(5) Pause Remark 39M->39M(3128M) 4.222ms
[2022-03-19T08:50:53.375+0000][8][gc,cpu      ] GC(5) User=0.01s Sys=0.00s Real=0.00s
[2022-03-19T08:50:53.375+0000][8][safepoint   ] Safepoint "G1Concurrent", Time since last: 25792900 ns, Reaching safepoint: 224200 ns, At safepoint: 4884700 ns, Total: 5108900 ns
[2022-03-19T08:50:53.375+0000][8][gc,marking  ] GC(5) Concurrent Mark 26.353ms
[2022-03-19T08:50:53.375+0000][8][gc,marking  ] GC(5) Concurrent Rebuild Remembered Sets
[2022-03-19T08:50:53.376+0000][8][gc,marking  ] GC(5) Concurrent Rebuild Remembered Sets 0.233ms
[2022-03-19T08:50:53.376+0000][8][gc,start    ] GC(5) Pause Cleanup
[2022-03-19T08:50:53.377+0000][8][gc          ] GC(5) Pause Cleanup 39M->39M(3128M) 0.263ms
[2022-03-19T08:50:53.377+0000][8][gc,cpu      ] GC(5) User=0.00s Sys=0.00s Real=0.00s
[2022-03-19T08:50:53.377+0000][8][safepoint   ] Safepoint "G1Concurrent", Time since last: 993800 ns, Reaching safepoint: 285300 ns, At safepoint: 846100 ns, Total: 1131400 ns
[2022-03-19T08:50:53.377+0000][8][gc,marking  ] GC(5) Concurrent Cleanup for Next Mark
[2022-03-19T08:50:53.382+0000][8][gc,marking  ] GC(5) Concurrent Cleanup for Next Mark 4.585ms
[2022-03-19T08:50:53.382+0000][8][gc          ] GC(5) Concurrent Mark Cycle 39.468ms
[2022-03-19T08:50:54.431+0000][8][safepoint   ] Safepoint "Cleanup", Time since last: 1053221200 ns, Reaching safepoint: 202800 ns, At safepoint: 26200 ns, Total: 229000 ns
[2022-03-19T08:50:54.667+0000][8][safepoint   ] Safepoint "ICBufferFull", Time since last: 236501300 ns, Reaching safepoint: 134600 ns, At safepoint: 7800 ns, Total: 142400 ns
[2022-03-19T08:50:54.669+0000][8][safepoint   ] Safepoint "ICBufferFull", Time since last: 1619900 ns, Reaching safepoint: 73000 ns, At safepoint: 6100 ns, Total: 79100 ns
[2022-03-19T08:50:54.670+0000][8][safepoint   ] Safepoint "ICBufferFull", Time since last: 1181300 ns, Reaching safepoint: 169400 ns, At safepoint: 30800 ns, Total: 200200 ns
[2022-03-19T08:50:54.704+0000][8][safepoint   ] Safepoint "ICBufferFull", Time since last: 33719300 ns, Reaching safepoint: 75800 ns, At safepoint: 30900 ns, Total: 106700 ns
[2022-03-19T08:50:54.706+0000][8][safepoint   ] Safepoint "ICBufferFull", Time since last: 1472200 ns, Reaching safepoint: 65000 ns, At safepoint: 5400 ns, Total: 70400 ns
[2022-03-19T08:50:54.747+0000][8][safepoint   ] Safepoint "ICBufferFull", Time since last: 41606500 ns, Reaching safepoint: 72900 ns, At safepoint: 28100 ns, Total: 101000 ns
[2022-03-19T08:50:54.764+0000][8][safepoint   ] Safepoint "ICBufferFull", Time since last: 16191900 ns, Reaching safepoint: 69300 ns, At safepoint: 6900 ns, Total: 76200 ns
[2022-03-19T08:50:54.773+0000][8][safepoint   ] Safepoint "ICBufferFull", Time since last: 9338400 ns, Reaching safepoint: 109100 ns, At safepoint: 6400 ns, Total: 115500 ns
[2022-03-19T08:50:54.877+0000][8][safepoint   ] Safepoint "ICBufferFull", Time since last: 103195400 ns, Reaching safepoint: 233600 ns, At safepoint: 7800 ns, Total: 241400 ns
[2022-03-19T08:50:54.885+0000][8][safepoint   ] Safepoint "ICBufferFull", Time since last: 8404000 ns, Reaching safepoint: 92800 ns, At safepoint: 4900 ns, Total: 97700 ns
[2022-03-19T08:50:54.886+0000][8][safepoint   ] Safepoint "ICBufferFull", Time since last: 1155100 ns, Reaching safepoint: 123300 ns, At safepoint: 5600 ns, Total: 128900 ns
[2022-03-19T08:50:54.893+0000][8][safepoint   ] Safepoint "ICBufferFull", Time since last: 6937000 ns, Reaching safepoint: 132100 ns, At safepoint: 5900 ns, Total: 138000 ns
[2022-03-19T08:50:56.146+0000][8][safepoint   ] Safepoint "Cleanup", Time since last: 1252340400 ns, Reaching safepoint: 341600 ns, At safepoint: 69900 ns, Total: 411500 ns
[2022-03-19T08:50:57.147+0000][8][safepoint   ] Safepoint "Cleanup", Time since last: 1000503300 ns, Reaching safepoint: 277900 ns, At safepoint: 66400 ns, Total: 344300 ns
[2022-03-19T08:50:58.148+0000][8][safepoint   ] Safepoint "Cleanup", Time since last: 1000493000 ns, Reaching safepoint: 283700 ns, At safepoint: 36800 ns, Total: 320500 ns
[2022-03-19T08:50:58.424+0000][8][gc,start    ] GC(6) Pause Young (Concurrent Start) (Metadata GC Threshold)
[2022-03-19T08:50:58.425+0000][8][gc,task     ] GC(6) Using 4 workers of 4 for evacuation
[2022-03-19T08:50:58.425+0000][8][gc,age      ] GC(6) Desired survivor size 96468992 bytes, new threshold 15 (max threshold 15)
[2022-03-19T08:50:58.473+0000][8][gc,age      ] GC(6) Age table with threshold 15 (max threshold 15)
[2022-03-19T08:50:58.473+0000][8][gc,age      ] GC(6) - age   1:   27920704 bytes,   27920704 total
[2022-03-19T08:50:58.473+0000][8][gc,age      ] GC(6) - age   2:    3730608 bytes,   31651312 total
[2022-03-19T08:50:58.474+0000][8][gc,age      ] GC(6) - age   3:    2640912 bytes,   34292224 total
[2022-03-19T08:50:58.474+0000][8][gc,age      ] GC(6) - age   4:     772368 bytes,   35064592 total
[2022-03-19T08:50:58.474+0000][8][gc,age      ] GC(6) - age   5:    2997280 bytes,   38061872 total
[2022-03-19T08:50:58.474+0000][8][gc,phases   ] GC(6)   Pre Evacuate Collection Set: 0.3ms
[2022-03-19T08:50:58.474+0000][8][gc,phases   ] GC(6)   Merge Heap Roots: 0.1ms
[2022-03-19T08:50:58.475+0000][8][gc,phases   ] GC(6)   Evacuate Collection Set: 45.5ms
[2022-03-19T08:50:58.475+0000][8][gc,phases   ] GC(6)   Post Evacuate Collection Set: 1.5ms
[2022-03-19T08:50:58.475+0000][8][gc,phases   ] GC(6)   Other: 2.4ms
[2022-03-19T08:50:58.475+0000][8][gc,heap     ] GC(6) Eden regions: 140->0(359)
[2022-03-19T08:50:58.475+0000][8][gc,heap     ] GC(6) Survivor regions: 3->10(46)
[2022-03-19T08:50:58.476+0000][8][gc,heap     ] GC(6) Old regions: 2->2
[2022-03-19T08:50:58.476+0000][8][gc,heap     ] GC(6) Archive regions: 2->2
[2022-03-19T08:50:58.476+0000][8][gc,heap     ] GC(6) Humongous regions: 0->0
[2022-03-19T08:50:58.476+0000][8][gc,metaspace] GC(6) Metaspace: 35090K(35968K)->35090K(35968K) NonClass: 30440K(30976K)->30440K(30976K) Class: 4649K(4992K)->4649K(4992K)
[2022-03-19T08:50:58.476+0000][8][gc          ] GC(6) Pause Young (Concurrent Start) (Metadata GC Threshold) 579M->48M(3128M) 52.080ms
[2022-03-19T08:50:58.477+0000][8][gc,cpu      ] GC(6) User=0.17s Sys=0.00s Real=0.05s
[2022-03-19T08:50:58.477+0000][8][gc          ] GC(7) Concurrent Mark Cycle
[2022-03-19T08:50:58.477+0000][8][gc,marking  ] GC(7) Concurrent Clear Claimed Marks
[2022-03-19T08:50:58.477+0000][8][gc,marking  ] GC(7) Concurrent Clear Claimed Marks 0.266ms
[2022-03-19T08:50:58.478+0000][8][gc,marking  ] GC(7) Concurrent Scan Root Regions
[2022-03-19T08:50:58.478+0000][8][safepoint   ] Safepoint "CollectForMetadataAllocation", Time since last: 276448000 ns, Reaching safepoint: 100900 ns, At safepoint: 53554500 ns, Total: 53655400 ns
[2022-03-19T08:50:58.517+0000][8][gc,marking  ] GC(7) Concurrent Scan Root Regions 39.441ms
[2022-03-19T08:50:58.517+0000][8][safepoint   ] Safepoint "CollectForMetadataAllocation", Time since last: 38417300 ns, Reaching safepoint: 121000 ns, At safepoint: 826500 ns, Total: 947500 ns
[2022-03-19T08:50:58.517+0000][8][gc,marking  ] GC(7) Concurrent Mark
[2022-03-19T08:50:58.518+0000][8][gc,marking  ] GC(7) Concurrent Mark From Roots
[2022-03-19T08:50:58.518+0000][8][gc,task     ] GC(7) Using 1 workers of 1 for marking
[2022-03-19T08:50:58.535+0000][8][gc,marking  ] GC(7) Concurrent Mark From Roots 17.374ms
[2022-03-19T08:50:58.536+0000][8][gc,marking  ] GC(7) Concurrent Preclean
[2022-03-19T08:50:58.536+0000][8][gc,marking  ] GC(7) Concurrent Preclean 0.417ms
[2022-03-19T08:50:58.537+0000][8][gc,start    ] GC(7) Pause Remark
[2022-03-19T08:50:58.541+0000][8][gc          ] GC(7) Pause Remark 50M->50M(3128M) 4.526ms
[2022-03-19T08:50:58.541+0000][8][gc,cpu      ] GC(7) User=0.02s Sys=0.00s Real=0.01s
[2022-03-19T08:50:58.542+0000][8][safepoint   ] Safepoint "G1Concurrent", Time since last: 19287100 ns, Reaching safepoint: 126500 ns, At safepoint: 5091400 ns, Total: 5217900 ns
[2022-03-19T08:50:58.542+0000][8][gc,marking  ] GC(7) Concurrent Mark 24.575ms
[2022-03-19T08:50:58.542+0000][8][gc,marking  ] GC(7) Concurrent Rebuild Remembered Sets
[2022-03-19T08:50:58.543+0000][8][gc,marking  ] GC(7) Concurrent Rebuild Remembered Sets 0.269ms
[2022-03-19T08:50:58.546+0000][8][gc,start    ] GC(7) Pause Cleanup
[2022-03-19T08:50:58.547+0000][8][gc          ] GC(7) Pause Cleanup 50M->50M(3128M) 0.264ms
[2022-03-19T08:50:58.547+0000][8][gc,cpu      ] GC(7) User=0.00s Sys=0.00s Real=0.00s
[2022-03-19T08:50:58.547+0000][8][safepoint   ] Safepoint "G1Concurrent", Time since last: 1041800 ns, Reaching safepoint: 3511100 ns, At safepoint: 725000 ns, Total: 4236100 ns
[2022-03-19T08:50:58.547+0000][8][gc,marking  ] GC(7) Concurrent Cleanup for Next Mark
[2022-03-19T08:50:58.551+0000][8][gc,marking  ] GC(7) Concurrent Cleanup for Next Mark 4.181ms
[2022-03-19T08:50:58.552+0000][8][gc          ] GC(7) Concurrent Mark Cycle 75.030ms
[2022-03-19T08:51:00.465+0000][8][safepoint   ] Safepoint "Cleanup", Time since last: 1917304800 ns, Reaching safepoint: 362200 ns, At safepoint: 35700 ns, Total: 397900 ns
[2022-03-19T08:51:01.848+0000][8][safepoint   ] Safepoint "Cleanup", Time since last: 1383181500 ns, Reaching safepoint: 300200 ns, At safepoint: 42900 ns, Total: 343100 ns
[2022-03-19T08:51:03.046+0000][8][safepoint   ] Safepoint "ICBufferFull", Time since last: 1194381200 ns, Reaching safepoint: 2945900 ns, At safepoint: 93000 ns, Total: 3038900 ns
[2022-03-19T08:51:04.047+0000][8][safepoint   ] Safepoint "Cleanup", Time since last: 1000538500 ns, Reaching safepoint: 332000 ns, At safepoint: 26100 ns, Total: 358100 ns
[2022-03-19T08:51:04.467+0000][8][gc,start    ] GC(8) Pause Young (Concurrent Start) (Metadata GC Threshold)
[2022-03-19T08:51:04.469+0000][8][gc,task     ] GC(8) Using 4 workers of 4 for evacuation
[2022-03-19T08:51:04.471+0000][8][gc,age      ] GC(8) Desired survivor size 123731968 bytes, new threshold 15 (max threshold 15)
[2022-03-19T08:51:04.544+0000][8][gc,age      ] GC(8) Age table with threshold 15 (max threshold 15)
[2022-03-19T08:51:04.544+0000][8][gc,age      ] GC(8) - age   1:   10779680 bytes,   10779680 total
[2022-03-19T08:51:04.545+0000][8][gc,age      ] GC(8) - age   2:   27588840 bytes,   38368520 total
[2022-03-19T08:51:04.545+0000][8][gc,age      ] GC(8) - age   3:    3672440 bytes,   42040960 total
[2022-03-19T08:51:04.545+0000][8][gc,age      ] GC(8) - age   4:    2632384 bytes,   44673344 total
[2022-03-19T08:51:04.545+0000][8][gc,age      ] GC(8) - age   5:     761344 bytes,   45434688 total
[2022-03-19T08:51:04.546+0000][8][gc,age      ] GC(8) - age   6:    2988760 bytes,   48423448 total
[2022-03-19T08:51:04.546+0000][8][gc,phases   ] GC(8)   Pre Evacuate Collection Set: 0.3ms
[2022-03-19T08:51:04.546+0000][8][gc,phases   ] GC(8)   Merge Heap Roots: 0.2ms
[2022-03-19T08:51:04.546+0000][8][gc,phases   ] GC(8)   Evacuate Collection Set: 69.7ms
[2022-03-19T08:51:04.546+0000][8][gc,phases   ] GC(8)   Post Evacuate Collection Set: 2.5ms
[2022-03-19T08:51:04.547+0000][8][gc,phases   ] GC(8)   Other: 6.4ms
[2022-03-19T08:51:04.547+0000][8][gc,heap     ] GC(8) Eden regions: 118->0(26)
[2022-03-19T08:51:04.547+0000][8][gc,heap     ] GC(8) Survivor regions: 10->13(59)
[2022-03-19T08:51:04.547+0000][8][gc,heap     ] GC(8) Old regions: 2->2
[2022-03-19T08:51:04.548+0000][8][gc,heap     ] GC(8) Archive regions: 2->2
[2022-03-19T08:51:04.548+0000][8][gc,heap     ] GC(8) Humongous regions: 0->0
[2022-03-19T08:51:04.548+0000][8][gc,metaspace] GC(8) Metaspace: 59584K(60736K)->59584K(60736K) NonClass: 51483K(52160K)->51483K(52160K) Class: 8101K(8576K)->8101K(8576K)
[2022-03-19T08:51:04.548+0000][8][gc          ] GC(8) Pause Young (Concurrent Start) (Metadata GC Threshold) 518M->62M(3128M) 81.626ms
[2022-03-19T08:51:04.549+0000][8][gc,cpu      ] GC(8) User=0.30s Sys=0.00s Real=0.08s
[2022-03-19T08:51:04.550+0000][8][gc          ] GC(9) Concurrent Mark Cycle
[2022-03-19T08:51:04.550+0000][8][gc,marking  ] GC(9) Concurrent Clear Claimed Marks
[2022-03-19T08:51:04.550+0000][8][gc,marking  ] GC(9) Concurrent Clear Claimed Marks 0.293ms
[2022-03-19T08:51:04.551+0000][8][gc,marking  ] GC(9) Concurrent Scan Root Regions
[2022-03-19T08:51:04.551+0000][8][safepoint   ] Safepoint "CollectForMetadataAllocation", Time since last: 419718800 ns, Reaching safepoint: 431300 ns, At safepoint: 83913600 ns, Total: 84344900 ns
[2022-03-19T08:51:04.617+0000][8][gc,marking  ] GC(9) Concurrent Scan Root Regions 66.943ms
[2022-03-19T08:51:04.618+0000][8][gc,marking  ] GC(9) Concurrent Mark
[2022-03-19T08:51:04.618+0000][8][gc,marking  ] GC(9) Concurrent Mark From Roots
[2022-03-19T08:51:04.619+0000][8][gc,task     ] GC(9) Using 1 workers of 1 for marking
[2022-03-19T08:51:04.649+0000][8][gc,marking  ] GC(9) Concurrent Mark From Roots 30.866ms
[2022-03-19T08:51:04.650+0000][8][gc,marking  ] GC(9) Concurrent Preclean
[2022-03-19T08:51:04.650+0000][8][gc,marking  ] GC(9) Concurrent Preclean 0.524ms
[2022-03-19T08:51:04.651+0000][8][gc,start    ] GC(9) Pause Remark
[2022-03-19T08:51:04.659+0000][8][gc          ] GC(9) Pause Remark 72M->72M(3128M) 8.370ms
[2022-03-19T08:51:04.660+0000][8][gc,cpu      ] GC(9) User=0.02s Sys=0.00s Real=0.01s
[2022-03-19T08:51:04.660+0000][8][safepoint   ] Safepoint "G1Concurrent", Time since last: 100112600 ns, Reaching safepoint: 352900 ns, At safepoint: 9019000 ns, Total: 9371900 ns
[2022-03-19T08:51:04.660+0000][8][gc,marking  ] GC(9) Concurrent Mark 42.512ms
[2022-03-19T08:51:04.661+0000][8][gc,marking  ] GC(9) Concurrent Rebuild Remembered Sets
[2022-03-19T08:51:04.661+0000][8][gc,marking  ] GC(9) Concurrent Rebuild Remembered Sets 0.248ms
[2022-03-19T08:51:04.662+0000][8][gc,start    ] GC(9) Pause Cleanup
[2022-03-19T08:51:04.662+0000][8][gc          ] GC(9) Pause Cleanup 72M->72M(3128M) 0.240ms
[2022-03-19T08:51:04.662+0000][8][gc,cpu      ] GC(9) User=0.00s Sys=0.00s Real=0.00s
[2022-03-19T08:51:04.662+0000][8][safepoint   ] Safepoint "G1Concurrent", Time since last: 1252500 ns, Reaching safepoint: 240200 ns, At safepoint: 725500 ns, Total: 965700 ns
[2022-03-19T08:51:04.663+0000][8][gc,marking  ] GC(9) Concurrent Cleanup for Next Mark
[2022-03-19T08:51:04.668+0000][8][gc,marking  ] GC(9) Concurrent Cleanup for Next Mark 5.803ms
[2022-03-19T08:51:04.669+0000][8][gc          ] GC(9) Concurrent Mark Cycle 119.123ms
[2022-03-19T08:51:05.868+0000][8][safepoint   ] Safepoint "Cleanup", Time since last: 1205281200 ns, Reaching safepoint: 606000 ns, At safepoint: 51900 ns, Total: 657900 ns
[2022-03-19T08:51:06.953+0000][8][safepoint   ] Safepoint "Cleanup", Time since last: 1082933300 ns, Reaching safepoint: 1339800 ns, At safepoint: 86800 ns, Total: 1426600 ns
[2022-03-19T08:51:07.074+0000][8][gc,start    ] GC(10) Pause Young (Normal) (G1 Evacuation Pause)
[2022-03-19T08:51:07.079+0000][8][gc,task     ] GC(10) Using 4 workers of 4 for evacuation
[2022-03-19T08:51:07.082+0000][8][gc,age      ] GC(10) Desired survivor size 10485760 bytes, new threshold 1 (max threshold 15)
[2022-03-19T08:51:07.310+0000][8][gc,age      ] GC(10) Age table with threshold 1 (max threshold 15)
[2022-03-19T08:51:07.310+0000][8][gc,age      ] GC(10) - age   1:    5224920 bytes,    5224920 total
[2022-03-19T08:51:07.311+0000][8][gc,mmu      ] GC(10) MMU target violated: 201.0ms (200.0ms/201.0ms)
[2022-03-19T08:51:07.311+0000][8][gc,phases   ] GC(10)   Pre Evacuate Collection Set: 0.3ms
[2022-03-19T08:51:07.311+0000][8][gc,phases   ] GC(10)   Merge Heap Roots: 0.1ms
[2022-03-19T08:51:07.312+0000][8][gc,phases   ] GC(10)   Evacuate Collection Set: 220.9ms
[2022-03-19T08:51:07.312+0000][8][gc,phases   ] GC(10)   Post Evacuate Collection Set: 2.1ms
[2022-03-19T08:51:07.312+0000][8][gc,phases   ] GC(10)   Other: 13.5ms
[2022-03-19T08:51:07.312+0000][8][gc,heap     ] GC(10) Eden regions: 26->0(301)
[2022-03-19T08:51:07.313+0000][8][gc,heap     ] GC(10) Survivor regions: 13->3(5)
[2022-03-19T08:51:07.313+0000][8][gc,heap     ] GC(10) Old regions: 2->14
[2022-03-19T08:51:07.313+0000][8][gc,heap     ] GC(10) Archive regions: 2->2
[2022-03-19T08:51:07.313+0000][8][gc,heap     ] GC(10) Humongous regions: 0->0
[2022-03-19T08:51:07.313+0000][8][gc,metaspace] GC(10) Metaspace: 74766K(76160K)->74766K(76160K) NonClass: 64387K(65216K)->64387K(65216K) Class: 10379K(10944K)->10379K(10944K)
[2022-03-19T08:51:07.314+0000][8][gc          ] GC(10) Pause Young (Normal) (G1 Evacuation Pause) 166M->68M(3128M) 239.435ms
[2022-03-19T08:51:07.314+0000][8][gc,cpu      ] GC(10) User=0.89s Sys=0.00s Real=0.24s
[2022-03-19T08:51:07.314+0000][8][safepoint   ] Safepoint "G1CollectForAllocation", Time since last: 121419100 ns, Reaching safepoint: 163600 ns, At safepoint: 240054800 ns, Total: 240218400 ns
[2022-03-19T08:51:08.785+0000][8][safepoint   ] Safepoint "ICBufferFull", Time since last: 1469996300 ns, Reaching safepoint: 281600 ns, At safepoint: 7700 ns, Total: 289300 ns
[2022-03-19T08:51:10.099+0000][8][safepoint   ] Safepoint "ICBufferFull", Time since last: 1314500600 ns, Reaching safepoint: 296000 ns, At safepoint: 28000 ns, Total: 324000 ns
[2022-03-19T08:51:11.183+0000][8][safepoint   ] Safepoint "Cleanup", Time since last: 1083059800 ns, Reaching safepoint: 201400 ns, At safepoint: 7900 ns, Total: 209300 ns
[2022-03-19T08:51:12.183+0000][8][safepoint   ] Safepoint "Cleanup", Time since last: 1000545000 ns, Reaching safepoint: 201400 ns, At safepoint: 14200 ns, Total: 215600 ns
[2022-03-19T08:51:13.340+0000][8][safepoint   ] Safepoint "Cleanup", Time since last: 1156387100 ns, Reaching safepoint: 203200 ns, At safepoint: 16800 ns, Total: 220000 ns
[2022-03-19T08:51:14.569+0000][8][safepoint   ] Safepoint "Cleanup", Time since last: 1228198400 ns, Reaching safepoint: 281100 ns, At safepoint: 16900 ns, Total: 298000 ns
[2022-03-19T08:51:15.585+0000][8][safepoint   ] Safepoint "Cleanup", Time since last: 1015602400 ns, Reaching safepoint: 793100 ns, At safepoint: 73500 ns, Total: 866600 ns
[2022-03-19T08:51:16.586+0000][8][safepoint   ] Safepoint "Cleanup", Time since last: 1000521400 ns, Reaching safepoint: 194000 ns, At safepoint: 14000 ns, Total: 208000 ns
[2022-03-19T08:51:17.609+0000][8][safepoint   ] Safepoint "Cleanup", Time since last: 1022444400 ns, Reaching safepoint: 353400 ns, At safepoint: 59400 ns, Total: 412800 ns
[2022-03-19T08:51:18.672+0000][8][safepoint   ] Safepoint "Cleanup", Time since last: 1000409000 ns, Reaching safepoint: 62875400 ns, At safepoint: 26000 ns, Total: 62901400 ns
[2022-03-19T08:51:19.677+0000][8][safepoint   ] Safepoint "Cleanup", Time since last: 1001712500 ns, Reaching safepoint: 3506700 ns, At safepoint: 139000 ns, Total: 3645700 ns
[2022-03-19T08:51:19.967+0000][8][gc,start    ] GC(11) Pause Young (Concurrent Start) (Metadata GC Threshold)
[2022-03-19T08:51:19.968+0000][8][gc,task     ] GC(11) Using 4 workers of 4 for evacuation
[2022-03-19T08:51:19.968+0000][8][gc,age      ] GC(11) Desired survivor size 75497472 bytes, new threshold 15 (max threshold 15)
[2022-03-19T08:51:20.039+0000][8][gc,age      ] GC(11) Age table with threshold 15 (max threshold 15)
[2022-03-19T08:51:20.039+0000][8][gc,age      ] GC(11) - age   1:   12524192 bytes,   12524192 total
[2022-03-19T08:51:20.040+0000][8][gc,age      ] GC(11) - age   2:    5053568 bytes,   17577760 total
[2022-03-19T08:51:20.040+0000][8][gc,phases   ] GC(11)   Pre Evacuate Collection Set: 0.4ms
[2022-03-19T08:51:20.040+0000][8][gc,phases   ] GC(11)   Merge Heap Roots: 0.5ms
[2022-03-19T08:51:20.041+0000][8][gc,phases   ] GC(11)   Evacuate Collection Set: 62.1ms
[2022-03-19T08:51:20.041+0000][8][gc,phases   ] GC(11)   Post Evacuate Collection Set: 7.5ms
[2022-03-19T08:51:20.041+0000][8][gc,phases   ] GC(11)   Other: 2.4ms
[2022-03-19T08:51:20.041+0000][8][gc,heap     ] GC(11) Eden regions: 62->0(135)
[2022-03-19T08:51:20.042+0000][8][gc,heap     ] GC(11) Survivor regions: 3->5(36)
[2022-03-19T08:51:20.042+0000][8][gc,heap     ] GC(11) Old regions: 14->14
[2022-03-19T08:51:20.042+0000][8][gc,heap     ] GC(11) Archive regions: 2->2
[2022-03-19T08:51:20.042+0000][8][gc,heap     ] GC(11) Humongous regions: 2->2
[2022-03-19T08:51:20.043+0000][8][gc,metaspace] GC(11) Metaspace: 100088K(101440K)->100088K(101440K) NonClass: 86018K(86848K)->86018K(86848K) Class: 14069K(14592K)->14069K(14592K)
[2022-03-19T08:51:20.043+0000][8][gc          ] GC(11) Pause Young (Concurrent Start) (Metadata GC Threshold) 322M->84M(3128M) 75.672ms
[2022-03-19T08:51:20.043+0000][8][gc,cpu      ] GC(11) User=0.21s Sys=0.00s Real=0.08s
[2022-03-19T08:51:20.044+0000][8][gc          ] GC(12) Concurrent Mark Cycle
[2022-03-19T08:51:20.044+0000][8][safepoint   ] Safepoint "CollectForMetadataAllocation", Time since last: 289781000 ns, Reaching safepoint: 114700 ns, At safepoint: 76650300 ns, Total: 76765000 ns
[2022-03-19T08:51:20.049+0000][8][gc,marking  ] GC(12) Concurrent Clear Claimed Marks
[2022-03-19T08:51:20.052+0000][8][gc,marking  ] GC(12) Concurrent Clear Claimed Marks 3.260ms
[2022-03-19T08:51:20.053+0000][8][gc,marking  ] GC(12) Concurrent Scan Root Regions
[2022-03-19T08:51:20.096+0000][8][gc,marking  ] GC(12) Concurrent Scan Root Regions 43.011ms
[2022-03-19T08:51:20.097+0000][8][gc,marking  ] GC(12) Concurrent Mark
[2022-03-19T08:51:20.097+0000][8][gc,marking  ] GC(12) Concurrent Mark From Roots
[2022-03-19T08:51:20.098+0000][8][gc,task     ] GC(12) Using 1 workers of 1 for marking
[2022-03-19T08:51:20.581+0000][8][safepoint   ] Safepoint "CollectForMetadataAllocation", Time since last: 460548100 ns, Reaching safepoint: 76618000 ns, At safepoint: 194200 ns, Total: 76812200 ns
[2022-03-19T08:51:20.621+0000][8][gc,marking  ] GC(12) Concurrent Mark From Roots 523.883ms
[2022-03-19T08:51:20.622+0000][8][gc,marking  ] GC(12) Concurrent Preclean
[2022-03-19T08:51:20.624+0000][8][gc,marking  ] GC(12) Concurrent Preclean 1.579ms
[2022-03-19T08:51:20.630+0000][8][gc,start    ] GC(12) Pause Remark
[2022-03-19T08:51:20.642+0000][8][gc          ] GC(12) Pause Remark 99M->99M(3128M) 12.408ms
[2022-03-19T08:51:20.642+0000][8][gc,cpu      ] GC(12) User=0.04s Sys=0.00s Real=0.02s
[2022-03-19T08:51:20.643+0000][8][safepoint   ] Safepoint "G1Concurrent", Time since last: 43922000 ns, Reaching safepoint: 4451300 ns, At safepoint: 13207800 ns, Total: 17659100 ns
[2022-03-19T08:51:20.643+0000][8][gc,marking  ] GC(12) Concurrent Mark 546.694ms
[2022-03-19T08:51:20.644+0000][8][gc,marking  ] GC(12) Concurrent Rebuild Remembered Sets
[2022-03-19T08:51:20.857+0000][8][gc,marking  ] GC(12) Concurrent Rebuild Remembered Sets 212.762ms
[2022-03-19T08:51:20.963+0000][8][gc,start    ] GC(12) Pause Cleanup
[2022-03-19T08:51:20.964+0000][8][gc          ] GC(12) Pause Cleanup 103M->103M(3128M) 0.813ms
[2022-03-19T08:51:20.964+0000][8][gc,cpu      ] GC(12) User=0.00s Sys=0.00s Real=0.00s
[2022-03-19T08:51:20.965+0000][8][safepoint   ] Safepoint "G1Concurrent", Time since last: 216887400 ns, Reaching safepoint: 103580300 ns, At safepoint: 1480300 ns, Total: 105060600 ns
[2022-03-19T08:51:20.965+0000][8][gc,marking  ] GC(12) Concurrent Cleanup for Next Mark
[2022-03-19T08:51:20.972+0000][8][gc,marking  ] GC(12) Concurrent Cleanup for Next Mark 6.759ms
[2022-03-19T08:51:20.973+0000][8][gc          ] GC(12) Concurrent Mark Cycle 929.039ms
[2022-03-19T08:51:21.982+0000][8][safepoint   ] Safepoint "Cleanup", Time since last: 1005170300 ns, Reaching safepoint: 12359900 ns, At safepoint: 89300 ns, Total: 12449200 ns
[2022-03-19T08:51:22.983+0000][8][safepoint   ] Safepoint "Cleanup", Time since last: 1000671100 ns, Reaching safepoint: 217300 ns, At safepoint: 15400 ns, Total: 232700 ns
[2022-03-19T08:51:24.525+0000][8][safepoint   ] Safepoint "Cleanup", Time since last: 1264361700 ns, Reaching safepoint: 277439200 ns, At safepoint: 204600 ns, Total: 277643800 ns
[2022-03-19T08:51:25.782+0000][8][safepoint   ] Safepoint "Cleanup", Time since last: 1001368100 ns, Reaching safepoint: 255300000 ns, At safepoint: 126300 ns, Total: 255426300 ns
[2022-03-19T08:51:30.877+0000][8][safepoint   ] Safepoint "Cleanup", Time since last: 5002775800 ns, Reaching safepoint: 92163000 ns, At safepoint: 70500 ns, Total: 92233500 ns
[2022-03-19T08:51:34.091+0000][8][safepoint   ] Safepoint "Cleanup", Time since last: 3003183000 ns, Reaching safepoint: 211221300 ns, At safepoint: 75300 ns, Total: 211296600 ns
[2022-03-19T08:51:35.430+0000][8][safepoint   ] Safepoint "Cleanup", Time since last: 1000838300 ns, Reaching safepoint: 337739600 ns, At safepoint: 268400 ns, Total: 338008000 ns
[2022-03-19T08:51:36.482+0000][8][safepoint   ] Safepoint "Cleanup", Time since last: 1001009500 ns, Reaching safepoint: 50654400 ns, At safepoint: 86800 ns, Total: 50741200 ns
[2022-03-19T08:51:37.575+0000][8][safepoint   ] Safepoint "Cleanup", Time since last: 1000582500 ns, Reaching safepoint: 92392300 ns, At safepoint: 91300 ns, Total: 92483600 ns
[2022-03-19T08:51:39.663+0000][8][safepoint   ] Safepoint "Cleanup", Time since last: 2003991300 ns, Reaching safepoint: 83804200 ns, At safepoint: 63600 ns, Total: 83867800 ns
[2022-03-19T08:51:40.695+0000][8][safepoint   ] Safepoint "Cleanup", Time since last: 1000623200 ns, Reaching safepoint: 31172600 ns, At safepoint: 35900 ns, Total: 31208500 ns
[2022-03-19T08:51:41.714+0000][8][safepoint   ] Safepoint "Cleanup", Time since last: 1000270000 ns, Reaching safepoint: 18395700 ns, At safepoint: 32500 ns, Total: 18428200 ns
[2022-03-19T08:51:42.747+0000][8][safepoint   ] Safepoint "Cleanup", Time since last: 1000406400 ns, Reaching safepoint: 33414300 ns, At safepoint: 41600 ns, Total: 33455900 ns
[2022-03-19T08:51:44.752+0000][8][safepoint   ] Safepoint "Cleanup", Time since last: 2001652000 ns, Reaching safepoint: 3303600 ns, At safepoint: 56500 ns, Total: 3360100 ns
[2022-03-19T08:51:45.785+0000][8][safepoint   ] Safepoint "Cleanup", Time since last: 1000362800 ns, Reaching safepoint: 32259500 ns, At safepoint: 67200 ns, Total: 32326700 ns
[2022-03-19T08:51:46.816+0000][8][safepoint   ] Safepoint "Cleanup", Time since last: 1000538500 ns, Reaching safepoint: 30182500 ns, At safepoint: 47100 ns, Total: 30229600 ns
[2022-03-19T08:51:47.853+0000][8][safepoint   ] Safepoint "Cleanup", Time since last: 1000334000 ns, Reaching safepoint: 37117600 ns, At safepoint: 47700 ns, Total: 37165300 ns
[2022-03-19T08:51:48.854+0000][8][safepoint   ] Safepoint "Cleanup", Time since last: 1000322400 ns, Reaching safepoint: 67100 ns, At safepoint: 8100 ns, Total: 75200 ns
[2022-03-19T08:51:49.895+0000][8][safepoint   ] Safepoint "Cleanup", Time since last: 1041105100 ns, Reaching safepoint: 116100 ns, At safepoint: 9600 ns, Total: 125700 ns
[2022-03-19T08:51:50.917+0000][8][safepoint   ] Safepoint "Cleanup", Time since last: 1021477900 ns, Reaching safepoint: 120600 ns, At safepoint: 12700 ns, Total: 133300 ns
[2022-03-19T08:51:57.919+0000][8][safepoint   ] Safepoint "Cleanup", Time since last: 7001901600 ns, Reaching safepoint: 105200 ns, At safepoint: 5900 ns, Total: 111100 ns
[2022-03-19T08:51:59.920+0000][8][safepoint   ] Safepoint "Cleanup", Time since last: 2001204600 ns, Reaching safepoint: 122500 ns, At safepoint: 11600 ns, Total: 134100 ns
[2022-03-19T08:52:00.921+0000][8][safepoint   ] Safepoint "Cleanup", Time since last: 1000670400 ns, Reaching safepoint: 136300 ns, At safepoint: 8100 ns, Total: 144400 ns
[2022-03-19T08:52:02.922+0000][8][safepoint   ] Safepoint "Cleanup", Time since last: 2001203300 ns, Reaching safepoint: 136500 ns, At safepoint: 12200 ns, Total: 148700 ns
[2022-03-19T08:52:04.923+0000][8][safepoint   ] Safepoint "Cleanup", Time since last: 2000811300 ns, Reaching safepoint: 136000 ns, At safepoint: 8600 ns, Total: 144600 ns
[2022-03-19T08:52:06.925+0000][8][safepoint   ] Safepoint "Cleanup", Time since last: 2001937600 ns, Reaching safepoint: 233300 ns, At safepoint: 30800 ns, Total: 264100 ns
[2022-03-19T08:52:07.926+0000][8][safepoint   ] Safepoint "Cleanup", Time since last: 1000665700 ns, Reaching safepoint: 173700 ns, At safepoint: 17800 ns, Total: 191500 ns
[2022-03-19T08:52:09.927+0000][8][safepoint   ] Safepoint "Cleanup", Time since last: 2000615900 ns, Reaching safepoint: 113800 ns, At safepoint: 10500 ns, Total: 124300 ns
[2022-03-19T08:52:12.929+0000][8][safepoint   ] Safepoint "Cleanup", Time since last: 3001492300 ns, Reaching safepoint: 122900 ns, At safepoint: 9400 ns, Total: 132300 ns
[2022-03-19T08:52:14.930+0000][8][safepoint   ] Safepoint "Cleanup", Time since last: 2001137300 ns, Reaching safepoint: 118600 ns, At safepoint: 8500 ns, Total: 127100 ns
[2022-03-19T08:52:15.931+0000][8][safepoint   ] Safepoint "Cleanup", Time since last: 1000624000 ns, Reaching safepoint: 125800 ns, At safepoint: 6500 ns, Total: 132300 ns
[2022-03-19T08:52:16.931+0000][8][safepoint   ] Safepoint "Cleanup", Time since last: 1000470700 ns, Reaching safepoint: 136000 ns, At safepoint: 7400 ns, Total: 143400 ns
[2022-03-19T08:52:17.933+0000][8][safepoint   ] Safepoint "Cleanup", Time since last: 1001736600 ns, Reaching safepoint: 101000 ns, At safepoint: 7300 ns, Total: 108300 ns
[2022-03-19T08:52:19.934+0000][8][safepoint   ] Safepoint "Cleanup", Time since last: 2000607800 ns, Reaching safepoint: 136300 ns, At safepoint: 10500 ns, Total: 146800 ns
[2022-03-19T08:52:22.935+0000][8][safepoint   ] Safepoint "Cleanup", Time since last: 3001110700 ns, Reaching safepoint: 165600 ns, At safepoint: 13600 ns, Total: 179200 ns
[2022-03-19T08:52:24.936+0000][8][safepoint   ] Safepoint "Cleanup", Time since last: 2000843500 ns, Reaching safepoint: 125000 ns, At safepoint: 21200 ns, Total: 146200 ns
[2022-03-19T08:52:25.937+0000][8][safepoint   ] Safepoint "Cleanup", Time since last: 1001108700 ns, Reaching safepoint: 119000 ns, At safepoint: 11200 ns, Total: 130200 ns
[2022-03-19T08:52:29.939+0000][8][safepoint   ] Safepoint "Cleanup", Time since last: 4001882800 ns, Reaching safepoint: 189400 ns, At safepoint: 15500 ns, Total: 204900 ns
[2022-03-19T08:52:31.941+0000][8][safepoint   ] Safepoint "Cleanup", Time since last: 2001264400 ns, Reaching safepoint: 152500 ns, At safepoint: 11300 ns, Total: 163800 ns
[2022-03-19T08:52:36.943+0000][8][safepoint   ] Safepoint "Cleanup", Time since last: 5001748600 ns, Reaching safepoint: 167400 ns, At safepoint: 11400 ns, Total: 178800 ns
[2022-03-19T08:52:38.943+0000][8][safepoint   ] Safepoint "Cleanup", Time since last: 2000585800 ns, Reaching safepoint: 87100 ns, At safepoint: 6100 ns, Total: 93200 ns
[2022-03-19T08:52:39.944+0000][8][safepoint   ] Safepoint "Cleanup", Time since last: 1000791300 ns, Reaching safepoint: 106200 ns, At safepoint: 11000 ns, Total: 117200 ns
[2022-03-19T08:52:42.946+0000][8][safepoint   ] Safepoint "Cleanup", Time since last: 3001242100 ns, Reaching safepoint: 127100 ns, At safepoint: 9600 ns, Total: 136700 ns
[2022-03-19T08:52:44.948+0000][8][safepoint   ] Safepoint "Cleanup", Time since last: 2001628200 ns, Reaching safepoint: 339700 ns, At safepoint: 50900 ns, Total: 390600 ns
[2022-03-19T08:52:45.950+0000][8][safepoint   ] Safepoint "Cleanup", Time since last: 1001709400 ns, Reaching safepoint: 168800 ns, At safepoint: 21900 ns, Total: 190700 ns
[2022-03-19T08:52:47.951+0000][8][safepoint   ] Safepoint "Cleanup", Time since last: 2001173800 ns, Reaching safepoint: 87300 ns, At safepoint: 5100 ns, Total: 92400 ns
[2022-03-19T08:52:48.952+0000][8][safepoint   ] Safepoint "Cleanup", Time since last: 1000581000 ns, Reaching safepoint: 103100 ns, At safepoint: 5400 ns, Total: 108500 ns
[2022-03-19T08:52:49.952+0000][8][safepoint   ] Safepoint "Cleanup", Time since last: 1000574300 ns, Reaching safepoint: 114300 ns, At safepoint: 7000 ns, Total: 121300 ns
[2022-03-19T08:52:51.954+0000][8][safepoint   ] Safepoint "Cleanup", Time since last: 2001344800 ns, Reaching safepoint: 173600 ns, At safepoint: 16900 ns, Total: 190500 ns
[2022-03-19T08:52:52.955+0000][8][safepoint   ] Safepoint "Cleanup", Time since last: 1000706400 ns, Reaching safepoint: 329700 ns, At safepoint: 13000 ns, Total: 342700 ns
[2022-03-19T08:52:53.955+0000][8][safepoint   ] Safepoint "Cleanup", Time since last: 1000399200 ns, Reaching safepoint: 88300 ns, At safepoint: 7000 ns, Total: 95300 ns
[2022-03-19T08:53:00.958+0000][8][safepoint   ] Safepoint "Cleanup", Time since last: 7002867000 ns, Reaching safepoint: 169100 ns, At safepoint: 15500 ns, Total: 184600 ns
[2022-03-19T08:53:11.964+0000][8][safepoint   ] Safepoint "Cleanup", Time since last: 11005468600 ns, Reaching safepoint: 206800 ns, At safepoint: 17500 ns, Total: 224300 ns
[2022-03-19T08:53:17.968+0000][8][safepoint   ] Safepoint "Cleanup", Time since last: 6003153900 ns, Reaching safepoint: 895100 ns, At safepoint: 42300 ns, Total: 937400 ns
[2022-03-19T08:53:21.973+0000][8][safepoint   ] Safepoint "Cleanup", Time since last: 4004011100 ns, Reaching safepoint: 1185200 ns, At safepoint: 54700 ns, Total: 1239900 ns
[2022-03-19T08:53:22.977+0000][8][safepoint   ] Safepoint "Cleanup", Time since last: 1002192900 ns, Reaching safepoint: 1001600 ns, At safepoint: 60100 ns, Total: 1061700 ns
[2022-03-19T08:53:25.983+0000][8][safepoint   ] Safepoint "Cleanup", Time since last: 3004924500 ns, Reaching safepoint: 1012100 ns, At safepoint: 44400 ns, Total: 1056500 ns
[2022-03-19T08:53:27.136+0000][8][safepoint   ] Safepoint "Cleanup", Time since last: 1151733700 ns, Reaching safepoint: 1190400 ns, At safepoint: 48300 ns, Total: 1238700 ns
[2022-03-19T08:53:28.140+0000][8][safepoint   ] Safepoint "Cleanup", Time since last: 1003868100 ns, Reaching safepoint: 813400 ns, At safepoint: 40700 ns, Total: 854100 ns
[2022-03-19T08:53:40.220+0000][8][safepoint   ] Safepoint "Cleanup", Time since last: 12079168200 ns, Reaching safepoint: 202900 ns, At safepoint: 15200 ns, Total: 218100 ns
[2022-03-19T08:53:43.221+0000][8][safepoint   ] Safepoint "Cleanup", Time since last: 3001454900 ns, Reaching safepoint: 134300 ns, At safepoint: 12100 ns, Total: 146400 ns
[2022-03-19T08:53:45.222+0000][8][safepoint   ] Safepoint "Cleanup", Time since last: 2000607400 ns, Reaching safepoint: 186500 ns, At safepoint: 59300 ns, Total: 245800 ns
[2022-03-19T08:53:46.223+0000][8][safepoint   ] Safepoint "Cleanup", Time since last: 1000769700 ns, Reaching safepoint: 152100 ns, At safepoint: 13500 ns, Total: 165600 ns
[2022-03-19T08:53:48.226+0000][8][safepoint   ] Safepoint "Cleanup", Time since last: 2002846200 ns, Reaching safepoint: 99800 ns, At safepoint: 7700 ns, Total: 107500 ns
[2022-03-19T08:54:00.231+0000][8][safepoint   ] Safepoint "Cleanup", Time since last: 12004130700 ns, Reaching safepoint: 326400 ns, At safepoint: 7300 ns, Total: 333700 ns
[2022-03-19T08:54:09.236+0000][8][safepoint   ] Safepoint "Cleanup", Time since last: 9005601100 ns, Reaching safepoint: 114000 ns, At safepoint: 16800 ns, Total: 130800 ns
[2022-03-19T08:54:11.238+0000][8][safepoint   ] Safepoint "Cleanup", Time since last: 2001279200 ns, Reaching safepoint: 231000 ns, At safepoint: 53300 ns, Total: 284300 ns
[2022-03-19T08:54:13.239+0000][8][safepoint   ] Safepoint "Cleanup", Time since last: 2000690400 ns, Reaching safepoint: 118400 ns, At safepoint: 7800 ns, Total: 126200 ns
[2022-03-19T08:54:21.243+0000][8][safepoint   ] Safepoint "Cleanup", Time since last: 8003997700 ns, Reaching safepoint: 177600 ns, At safepoint: 20500 ns, Total: 198100 ns
[2022-03-19T08:54:31.248+0000][8][safepoint   ] Safepoint "Cleanup", Time since last: 10005199500 ns, Reaching safepoint: 145400 ns, At safepoint: 19100 ns, Total: 164500 ns
[2022-03-19T08:54:33.249+0000][8][safepoint   ] Safepoint "Cleanup", Time since last: 2000941000 ns, Reaching safepoint: 127200 ns, At safepoint: 8400 ns, Total: 135600 ns
[2022-03-19T08:54:36.254+0000][8][safepoint   ] Safepoint "Cleanup", Time since last: 3004204600 ns, Reaching safepoint: 278700 ns, At safepoint: 42700 ns, Total: 321400 ns
[2022-03-19T08:54:41.257+0000][8][safepoint   ] Safepoint "Cleanup", Time since last: 5002697500 ns, Reaching safepoint: 151100 ns, At safepoint: 20900 ns, Total: 172000 ns
[2022-03-19T08:54:45.259+0000][8][safepoint   ] Safepoint "Cleanup", Time since last: 4002090700 ns, Reaching safepoint: 94100 ns, At safepoint: 6200 ns, Total: 100300 ns
[2022-03-19T08:55:13.301+0000][8][safepoint   ] Safepoint "Cleanup", Time since last: 28041303900 ns, Reaching safepoint: 939600 ns, At safepoint: 40300 ns, Total: 979900 ns
[2022-03-19T08:55:14.316+0000][8][safepoint   ] Safepoint "Cleanup", Time since last: 1013949900 ns, Reaching safepoint: 1029800 ns, At safepoint: 43700 ns, Total: 1073500 ns
[2022-03-19T08:55:21.323+0000][8][safepoint   ] Safepoint "Cleanup", Time since last: 7006877700 ns, Reaching safepoint: 145100 ns, At safepoint: 9000 ns, Total: 154100 ns
[2022-03-19T08:55:45.332+0000][8][safepoint   ] Safepoint "Cleanup", Time since last: 24008786500 ns, Reaching safepoint: 148300 ns, At safepoint: 11700 ns, Total: 160000 ns
[2022-03-19T08:55:51.334+0000][8][safepoint   ] Safepoint "Cleanup", Time since last: 6001900800 ns, Reaching safepoint: 122900 ns, At safepoint: 11000 ns, Total: 133900 ns
[2022-03-19T08:55:52.336+0000][8][safepoint   ] Safepoint "Cleanup", Time since last: 1001350100 ns, Reaching safepoint: 129400 ns, At safepoint: 20800 ns, Total: 150200 ns
[2022-03-19T08:55:58.338+0000][8][safepoint   ] Safepoint "Cleanup", Time since last: 6002435400 ns, Reaching safepoint: 126700 ns, At safepoint: 11900 ns, Total: 138600 ns
[2022-03-19T08:56:11.343+0000][8][safepoint   ] Safepoint "Cleanup", Time since last: 13005071900 ns, Reaching safepoint: 119000 ns, At safepoint: 8600 ns, Total: 127600 ns
[2022-03-19T08:56:13.345+0000][8][safepoint   ] Safepoint "Cleanup", Time since last: 2001381800 ns, Reaching safepoint: 154400 ns, At safepoint: 28400 ns, Total: 182800 ns
[2022-03-19T08:56:15.346+0000][8][safepoint   ] Safepoint "Cleanup", Time since last: 2001247600 ns, Reaching safepoint: 99900 ns, At safepoint: 7300 ns, Total: 107200 ns
[2022-03-19T08:56:23.351+0000][8][safepoint   ] Safepoint "Cleanup", Time since last: 8004053400 ns, Reaching safepoint: 87600 ns, At safepoint: 6700 ns, Total: 94300 ns
[2022-03-19T08:56:24.351+0000][8][safepoint   ] Safepoint "Cleanup", Time since last: 1000425400 ns, Reaching safepoint: 155500 ns, At safepoint: 10300 ns, Total: 165800 ns
[2022-03-19T08:56:25.352+0000][8][safepoint   ] Safepoint "Cleanup", Time since last: 1000658400 ns, Reaching safepoint: 126100 ns, At safepoint: 13100 ns, Total: 139200 ns
[2022-03-19T08:56:27.354+0000][8][safepoint   ] Safepoint "Cleanup", Time since last: 2001490200 ns, Reaching safepoint: 127100 ns, At safepoint: 9900 ns, Total: 137000 ns
[2022-03-19T08:56:29.355+0000][8][safepoint   ] Safepoint "Cleanup", Time since last: 2000855200 ns, Reaching safepoint: 115500 ns, At safepoint: 6600 ns, Total: 122100 ns
[2022-03-19T08:56:43.359+0000][8][safepoint   ] Safepoint "Cleanup", Time since last: 14004162000 ns, Reaching safepoint: 110900 ns, At safepoint: 6400 ns, Total: 117300 ns
[2022-03-19T08:57:03.372+0000][8][safepoint   ] Safepoint "Cleanup", Time since last: 20012468300 ns, Reaching safepoint: 1119300 ns, At safepoint: 44200 ns, Total: 1163500 ns
[2022-03-19T08:57:15.383+0000][8][safepoint   ] Safepoint "Cleanup", Time since last: 12010672000 ns, Reaching safepoint: 196400 ns, At safepoint: 11400 ns, Total: 207800 ns
[2022-03-19T08:57:31.392+0000][8][safepoint   ] Safepoint "Cleanup", Time since last: 16008239900 ns, Reaching safepoint: 151900 ns, At safepoint: 12900 ns, Total: 164800 ns
[2022-03-19T08:57:39.395+0000][8][safepoint   ] Safepoint "Cleanup", Time since last: 8003429000 ns, Reaching safepoint: 120200 ns, At safepoint: 9600 ns, Total: 129800 ns
[2022-03-19T08:57:48.400+0000][8][safepoint   ] Safepoint "Cleanup", Time since last: 9004931300 ns, Reaching safepoint: 129800 ns, At safepoint: 11500 ns, Total: 141300 ns
[2022-03-19T08:58:33.426+0000][8][safepoint   ] Safepoint "Cleanup", Time since last: 45025250400 ns, Reaching safepoint: 148500 ns, At safepoint: 8900 ns, Total: 157400 ns
[2022-03-19T08:58:38.429+0000][8][safepoint   ] Safepoint "Cleanup", Time since last: 5003376900 ns, Reaching safepoint: 122800 ns, At safepoint: 10300 ns, Total: 133100 ns
[2022-03-19T08:58:43.431+0000][8][safepoint   ] Safepoint "Cleanup", Time since last: 5002026900 ns, Reaching safepoint: 133300 ns, At safepoint: 11900 ns, Total: 145200 ns
[2022-03-19T08:58:47.434+0000][8][safepoint   ] Safepoint "Cleanup", Time since last: 4002670200 ns, Reaching safepoint: 116600 ns, At safepoint: 22800 ns, Total: 139400 ns
[2022-03-19T08:58:48.435+0000][8][safepoint   ] Safepoint "Cleanup", Time since last: 1000660400 ns, Reaching safepoint: 121000 ns, At safepoint: 11700 ns, Total: 132700 ns
[2022-03-19T08:59:03.442+0000][8][safepoint   ] Safepoint "Cleanup", Time since last: 15006889200 ns, Reaching safepoint: 153000 ns, At safepoint: 22000 ns, Total: 175000 ns
[2022-03-19T08:59:46.460+0000][8][safepoint   ] Safepoint "Cleanup", Time since last: 43018116100 ns, Reaching safepoint: 173000 ns, At safepoint: 8000 ns, Total: 181000 ns
[2022-03-19T09:00:12.469+0000][8][safepoint   ] Safepoint "Cleanup", Time since last: 26008887700 ns, Reaching safepoint: 130200 ns, At safepoint: 6600 ns, Total: 136800 ns
[2022-03-19T09:00:24.476+0000][8][safepoint   ] Safepoint "Cleanup", Time since last: 12006374000 ns, Reaching safepoint: 135600 ns, At safepoint: 18200 ns, Total: 153800 ns
[2022-03-19T09:00:34.482+0000][8][safepoint   ] Safepoint "Cleanup", Time since last: 10005891400 ns, Reaching safepoint: 158300 ns, At safepoint: 12800 ns, Total: 171100 ns
[2022-03-19T09:00:36.483+0000][8][safepoint   ] Safepoint "Cleanup", Time since last: 2001219200 ns, Reaching safepoint: 127100 ns, At safepoint: 13200 ns, Total: 140300 ns
[2022-03-19T09:01:14.500+0000][8][safepoint   ] Safepoint "Cleanup", Time since last: 38016469200 ns, Reaching safepoint: 164500 ns, At safepoint: 11700 ns, Total: 176200 ns
[2022-03-19T09:01:15.501+0000][8][safepoint   ] Safepoint "Cleanup", Time since last: 1000534500 ns, Reaching safepoint: 192700 ns, At safepoint: 14800 ns, Total: 207500 ns
[2022-03-19T09:01:38.512+0000][8][safepoint   ] Safepoint "Cleanup", Time since last: 23011186600 ns, Reaching safepoint: 152200 ns, At safepoint: 9800 ns, Total: 162000 ns
[2022-03-19T09:01:43.515+0000][8][safepoint   ] Safepoint "Cleanup", Time since last: 5002565200 ns, Reaching safepoint: 99000 ns, At safepoint: 6800 ns, Total: 105800 ns
[2022-03-19T09:01:59.524+0000][8][safepoint   ] Safepoint "Cleanup", Time since last: 16009403400 ns, Reaching safepoint: 148600 ns, At safepoint: 11200 ns, Total: 159800 ns
[2022-03-19T09:02:04.527+0000][8][safepoint   ] Safepoint "Cleanup", Time since last: 5002450300 ns, Reaching safepoint: 154100 ns, At safepoint: 18000 ns, Total: 172100 ns
[2022-03-19T09:02:07.528+0000][8][safepoint   ] Safepoint "Cleanup", Time since last: 3001398200 ns, Reaching safepoint: 99600 ns, At safepoint: 6300 ns, Total: 105900 ns
[2022-03-19T09:02:13.532+0000][8][safepoint   ] Safepoint "Cleanup", Time since last: 6003731600 ns, Reaching safepoint: 121200 ns, At safepoint: 8900 ns, Total: 130100 ns
[2022-03-19T09:02:14.487+0000][8][gc,start    ] GC(13) Pause Young (Concurrent Start) (G1 Evacuation Pause)
[2022-03-19T09:02:14.487+0000][8][gc,task     ] GC(13) Using 4 workers of 4 for evacuation
[2022-03-19T09:02:14.488+0000][8][gc,age      ] GC(13) Desired survivor size 41943040 bytes, new threshold 15 (max threshold 15)
[2022-03-19T09:02:14.625+0000][8][gc,age      ] GC(13) Age table with threshold 15 (max threshold 15)
[2022-03-19T09:02:14.625+0000][8][gc,age      ] GC(13) - age   1:    1362224 bytes,    1362224 total
[2022-03-19T09:02:14.625+0000][8][gc,age      ] GC(13) - age   2:   11767504 bytes,   13129728 total
[2022-03-19T09:02:14.625+0000][8][gc,age      ] GC(13) - age   3:    5044488 bytes,   18174216 total
[2022-03-19T09:02:14.626+0000][8][gc,phases   ] GC(13)   Pre Evacuate Collection Set: 5.8ms
[2022-03-19T09:02:14.626+0000][8][gc,phases   ] GC(13)   Merge Heap Roots: 0.7ms
[2022-03-19T09:02:14.626+0000][8][gc,phases   ] GC(13)   Evacuate Collection Set: 116.6ms
[2022-03-19T09:02:14.626+0000][8][gc,phases   ] GC(13)   Post Evacuate Collection Set: 6.2ms
[2022-03-19T09:02:14.626+0000][8][gc,phases   ] GC(13)   Other: 10.1ms
[2022-03-19T09:02:14.627+0000][8][gc,heap     ] GC(13) Eden regions: 155->0(123)
[2022-03-19T09:02:14.627+0000][8][gc,heap     ] GC(13) Survivor regions: 5->5(20)
[2022-03-19T09:02:14.627+0000][8][gc,heap     ] GC(13) Old regions: 14->14
[2022-03-19T09:02:14.627+0000][8][gc,heap     ] GC(13) Archive regions: 2->2
[2022-03-19T09:02:14.627+0000][8][gc,heap     ] GC(13) Humongous regions: 2->2
[2022-03-19T09:02:14.627+0000][8][gc,metaspace] GC(13) Metaspace: 102385K(103872K)->102385K(103872K) NonClass: 88010K(88896K)->88010K(88896K) Class: 14375K(14976K)->14375K(14976K)
[2022-03-19T09:02:14.628+0000][8][gc          ] GC(13) Pause Young (Concurrent Start) (G1 Evacuation Pause) 704M->85M(3128M) 140.983ms
[2022-03-19T09:02:14.628+0000][8][gc,cpu      ] GC(13) User=0.51s Sys=0.00s Real=0.14s
[2022-03-19T09:02:14.628+0000][8][safepoint   ] Safepoint "G1CollectForAllocation", Time since last: 953589700 ns, Reaching safepoint: 127500 ns, At safepoint: 142004600 ns, Total: 142132100 ns
[2022-03-19T09:02:14.628+0000][8][gc          ] GC(14) Concurrent Mark Cycle
[2022-03-19T09:02:14.629+0000][8][gc,marking  ] GC(14) Concurrent Clear Claimed Marks
[2022-03-19T09:02:14.629+0000][8][gc,marking  ] GC(14) Concurrent Clear Claimed Marks 0.458ms
[2022-03-19T09:02:14.631+0000][8][gc,marking  ] GC(14) Concurrent Scan Root Regions
[2022-03-19T09:02:14.676+0000][8][gc,marking  ] GC(14) Concurrent Scan Root Regions 44.861ms
[2022-03-19T09:02:14.676+0000][8][gc,marking  ] GC(14) Concurrent Mark
[2022-03-19T09:02:14.676+0000][8][gc,marking  ] GC(14) Concurrent Mark From Roots
[2022-03-19T09:02:14.676+0000][8][gc,task     ] GC(14) Using 1 workers of 1 for marking
[2022-03-19T09:02:14.873+0000][8][gc,marking  ] GC(14) Concurrent Mark From Roots 197.463ms
[2022-03-19T09:02:14.874+0000][8][gc,marking  ] GC(14) Concurrent Preclean
[2022-03-19T09:02:14.874+0000][8][gc,marking  ] GC(14) Concurrent Preclean 0.347ms
[2022-03-19T09:02:14.874+0000][8][gc,start    ] GC(14) Pause Remark
[2022-03-19T09:02:14.899+0000][8][gc          ] GC(14) Pause Remark 90M->90M(3128M) 24.541ms
[2022-03-19T09:02:14.899+0000][8][gc,cpu      ] GC(14) User=0.09s Sys=0.00s Real=0.02s
[2022-03-19T09:02:14.899+0000][8][safepoint   ] Safepoint "G1Concurrent", Time since last: 246217000 ns, Reaching safepoint: 94200 ns, At safepoint: 25037400 ns, Total: 25131600 ns
[2022-03-19T09:02:14.900+0000][8][gc,marking  ] GC(14) Concurrent Mark 223.762ms
[2022-03-19T09:02:14.900+0000][8][gc,marking  ] GC(14) Concurrent Rebuild Remembered Sets
[2022-03-19T09:02:14.946+0000][8][gc,marking  ] GC(14) Concurrent Rebuild Remembered Sets 46.239ms
[2022-03-19T09:02:14.947+0000][8][gc,start    ] GC(14) Pause Cleanup
[2022-03-19T09:02:14.947+0000][8][gc          ] GC(14) Pause Cleanup 91M->91M(3128M) 0.409ms
[2022-03-19T09:02:14.947+0000][8][gc,cpu      ] GC(14) User=0.00s Sys=0.00s Real=0.00s
[2022-03-19T09:02:14.947+0000][8][safepoint   ] Safepoint "G1Concurrent", Time since last: 47011900 ns, Reaching safepoint: 104400 ns, At safepoint: 788400 ns, Total: 892800 ns
[2022-03-19T09:02:14.948+0000][8][gc,marking  ] GC(14) Concurrent Cleanup for Next Mark
[2022-03-19T09:02:15.107+0000][8][gc,marking  ] GC(14) Concurrent Cleanup for Next Mark 159.912ms
[2022-03-19T09:02:15.108+0000][8][gc          ] GC(14) Concurrent Mark Cycle 479.610ms
[2022-03-19T09:02:15.948+0000][8][safepoint   ] Safepoint "Cleanup", Time since last: 1000704600 ns, Reaching safepoint: 127000 ns, At safepoint: 11700 ns, Total: 138700 ns
[2022-03-19T09:02:22.953+0000][8][safepoint   ] Safepoint "Cleanup", Time since last: 7004263700 ns, Reaching safepoint: 120600 ns, At safepoint: 9100 ns, Total: 129700 ns
[2022-03-19T09:03:15.979+0000][8][safepoint   ] Safepoint "Cleanup", Time since last: 53026416800 ns, Reaching safepoint: 148100 ns, At safepoint: 10600 ns, Total: 158700 ns
[2022-03-19T09:04:12.001+0000][8][safepoint   ] Safepoint "Cleanup", Time since last: 56021942800 ns, Reaching safepoint: 160200 ns, At safepoint: 22200 ns, Total: 182400 ns
[2022-03-19T09:04:46.017+0000][8][safepoint   ] Safepoint "Cleanup", Time since last: 34015246400 ns, Reaching safepoint: 228400 ns, At safepoint: 8500 ns, Total: 236900 ns
[2022-03-19T09:05:12.027+0000][8][safepoint   ] Safepoint "Cleanup", Time since last: 26010251500 ns, Reaching safepoint: 184000 ns, At safepoint: 9600 ns, Total: 193600 ns
[2022-03-19T09:05:43.040+0000][8][safepoint   ] Safepoint "Cleanup", Time since last: 31012204300 ns, Reaching safepoint: 158500 ns, At safepoint: 37000 ns, Total: 195500 ns
[2022-03-19T09:05:53.045+0000][8][safepoint   ] Safepoint "Cleanup", Time since last: 10005549600 ns, Reaching safepoint: 135000 ns, At safepoint: 10200 ns, Total: 145200 ns
[2022-03-19T09:05:58.050+0000][8][safepoint   ] Safepoint "Cleanup", Time since last: 5004097400 ns, Reaching safepoint: 140500 ns, At safepoint: 19800 ns, Total: 160300 ns
[2022-03-19T09:06:13.057+0000][8][safepoint   ] Safepoint "Cleanup", Time since last: 15007309900 ns, Reaching safepoint: 134600 ns, At safepoint: 10300 ns, Total: 144900 ns
[2022-03-19T09:06:16.059+0000][8][safepoint   ] Safepoint "Cleanup", Time since last: 3001993700 ns, Reaching safepoint: 164400 ns, At safepoint: 12300 ns, Total: 176700 ns
[2022-03-19T09:06:44.073+0000][8][safepoint   ] Safepoint "Cleanup", Time since last: 28013200200 ns, Reaching safepoint: 136200 ns, At safepoint: 9600 ns, Total: 145800 ns
[2022-03-19T09:06:46.074+0000][8][safepoint   ] Safepoint "Cleanup", Time since last: 2001234800 ns, Reaching safepoint: 269800 ns, At safepoint: 19700 ns, Total: 289500 ns
[2022-03-19T09:06:47.075+0000][8][safepoint   ] Safepoint "Cleanup", Time since last: 1000902300 ns, Reaching safepoint: 108700 ns, At safepoint: 7000 ns, Total: 115700 ns
[2022-03-19T09:06:56.080+0000][8][safepoint   ] Safepoint "Cleanup", Time since last: 9004372800 ns, Reaching safepoint: 141100 ns, At safepoint: 22000 ns, Total: 163100 ns
[2022-03-19T09:07:10.086+0000][8][safepoint   ] Safepoint "Cleanup", Time since last: 14006639700 ns, Reaching safepoint: 149900 ns, At safepoint: 11800 ns, Total: 161700 ns
[2022-03-19T09:07:13.087+0000][8][safepoint   ] Safepoint "Cleanup", Time since last: 3000915800 ns, Reaching safepoint: 119200 ns, At safepoint: 9700 ns, Total: 128900 ns
[2022-03-19T09:07:22.091+0000][8][safepoint   ] Safepoint "Cleanup", Time since last: 9003083500 ns, Reaching safepoint: 130400 ns, At safepoint: 9300 ns, Total: 139700 ns
[2022-03-19T09:07:56.106+0000][8][safepoint   ] Safepoint "Cleanup", Time since last: 34014731400 ns, Reaching safepoint: 144800 ns, At safepoint: 12100 ns, Total: 156900 ns
[2022-03-19T09:08:13.114+0000][8][safepoint   ] Safepoint "Cleanup", Time since last: 17007981100 ns, Reaching safepoint: 147300 ns, At safepoint: 9900 ns, Total: 157200 ns
[2022-03-19T09:08:43.126+0000][8][safepoint   ] Safepoint "Cleanup", Time since last: 30012382500 ns, Reaching safepoint: 238500 ns, At safepoint: 18300 ns, Total: 256800 ns
[2022-03-19T09:08:46.129+0000][8][safepoint   ] Safepoint "Cleanup", Time since last: 3002216200 ns, Reaching safepoint: 130300 ns, At safepoint: 21200 ns, Total: 151500 ns
[2022-03-19T09:08:55.287+0000][8][safepoint   ] Safepoint "Cleanup", Time since last: 9157929200 ns, Reaching safepoint: 222800 ns, At safepoint: 24000 ns, Total: 246800 ns
[2022-03-19T09:09:13.295+0000][8][safepoint   ] Safepoint "Cleanup", Time since last: 18007570500 ns, Reaching safepoint: 205000 ns, At safepoint: 18700 ns, Total: 223700 ns
[2022-03-19T09:09:16.948+0000][8][safepoint   ] Safepoint "Cleanup", Time since last: 3653164300 ns, Reaching safepoint: 212200 ns, At safepoint: 20100 ns, Total: 232300 ns
[2022-03-19T09:10:39.986+0000][8][safepoint   ] Safepoint "Cleanup", Time since last: 83037648100 ns, Reaching safepoint: 198000 ns, At safepoint: 17800 ns, Total: 215800 ns
[2022-03-19T09:10:41.987+0000][8][safepoint   ] Safepoint "Cleanup", Time since last: 2000998400 ns, Reaching safepoint: 70100 ns, At safepoint: 5500 ns, Total: 75600 ns
[2022-03-19T09:11:14.001+0000][8][safepoint   ] Safepoint "Cleanup", Time since last: 32013555800 ns, Reaching safepoint: 162000 ns, At safepoint: 19600 ns, Total: 181600 ns
[2022-03-19T09:11:20.005+0000][8][safepoint   ] Safepoint "Cleanup", Time since last: 6003837000 ns, Reaching safepoint: 171300 ns, At safepoint: 8200 ns, Total: 179500 ns
[2022-03-19T09:11:22.006+0000][8][safepoint   ] Safepoint "Cleanup", Time since last: 2000953000 ns, Reaching safepoint: 183000 ns, At safepoint: 17200 ns, Total: 200200 ns
[2022-03-19T09:11:23.007+0000][8][safepoint   ] Safepoint "Cleanup", Time since last: 1000853700 ns, Reaching safepoint: 118500 ns, At safepoint: 9000 ns, Total: 127500 ns
[2022-03-19T09:11:40.014+0000][8][safepoint   ] Safepoint "Cleanup", Time since last: 17007393500 ns, Reaching safepoint: 136700 ns, At safepoint: 11800 ns, Total: 148500 ns
[2022-03-19T09:11:43.016+0000][8][safepoint   ] Safepoint "Cleanup", Time since last: 3001696600 ns, Reaching safepoint: 107100 ns, At safepoint: 8000 ns, Total: 115100 ns
[2022-03-19T09:11:46.018+0000][8][safepoint   ] Safepoint "Cleanup", Time since last: 3001834400 ns, Reaching safepoint: 125600 ns, At safepoint: 21700 ns, Total: 147300 ns
[2022-03-19T09:12:16.034+0000][8][safepoint   ] Safepoint "Cleanup", Time since last: 30015276400 ns, Reaching safepoint: 143700 ns, At safepoint: 10100 ns, Total: 153800 ns
[2022-03-19T09:12:46.046+0000][8][safepoint   ] Safepoint "Cleanup", Time since last: 30011586800 ns, Reaching safepoint: 556500 ns, At safepoint: 61900 ns, Total: 618400 ns
[2022-03-19T09:13:13.060+0000][8][safepoint   ] Safepoint "Cleanup", Time since last: 27013859200 ns, Reaching safepoint: 205600 ns, At safepoint: 19600 ns, Total: 225200 ns
[2022-03-19T09:13:43.070+0000][8][safepoint   ] Safepoint "Cleanup", Time since last: 30010074300 ns, Reaching safepoint: 254500 ns, At safepoint: 23800 ns, Total: 278300 ns
[2022-03-19T09:13:51.387+0000][8][gc,start    ] GC(15) Pause Young (Normal) (G1 Evacuation Pause)
[2022-03-19T09:13:51.388+0000][8][gc,task     ] GC(15) Using 4 workers of 4 for evacuation
[2022-03-19T09:13:51.388+0000][8][gc,age      ] GC(15) Desired survivor size 33554432 bytes, new threshold 15 (max threshold 15)
[2022-03-19T09:13:51.404+0000][8][gc,age      ] GC(15) Age table with threshold 15 (max threshold 15)
[2022-03-19T09:13:51.404+0000][8][gc,age      ] GC(15) - age   1:      72872 bytes,      72872 total
[2022-03-19T09:13:51.405+0000][8][gc,age      ] GC(15) - age   2:    1319784 bytes,    1392656 total
[2022-03-19T09:13:51.405+0000][8][gc,age      ] GC(15) - age   3:   11716552 bytes,   13109208 total
[2022-03-19T09:13:51.405+0000][8][gc,age      ] GC(15) - age   4:    5043832 bytes,   18153040 total
[2022-03-19T09:13:51.406+0000][8][gc,phases   ] GC(15)   Pre Evacuate Collection Set: 0.2ms
[2022-03-19T09:13:51.406+0000][8][gc,phases   ] GC(15)   Merge Heap Roots: 0.1ms
[2022-03-19T09:13:51.407+0000][8][gc,phases   ] GC(15)   Evacuate Collection Set: 14.3ms
[2022-03-19T09:13:51.407+0000][8][gc,phases   ] GC(15)   Post Evacuate Collection Set: 1.2ms
[2022-03-19T09:13:51.407+0000][8][gc,phases   ] GC(15)   Other: 2.8ms
[2022-03-19T09:13:51.407+0000][8][gc,heap     ] GC(15) Eden regions: 123->0(252)
[2022-03-19T09:13:51.407+0000][8][gc,heap     ] GC(15) Survivor regions: 5->5(16)
[2022-03-19T09:13:51.408+0000][8][gc,heap     ] GC(15) Old regions: 14->14
[2022-03-19T09:13:51.408+0000][8][gc,heap     ] GC(15) Archive regions: 2->2
[2022-03-19T09:13:51.408+0000][8][gc,heap     ] GC(15) Humongous regions: 2->2
[2022-03-19T09:13:51.408+0000][8][gc,metaspace] GC(15) Metaspace: 102530K(104064K)->102530K(104064K) NonClass: 88148K(89088K)->88148K(89088K) Class: 14382K(14976K)->14382K(14976K)
[2022-03-19T09:13:51.408+0000][8][gc          ] GC(15) Pause Young (Normal) (G1 Evacuation Pause) 577M->84M(3128M) 20.875ms
[2022-03-19T09:13:51.408+0000][8][gc,cpu      ] GC(15) User=0.06s Sys=0.00s Real=0.02s
[2022-03-19T09:13:51.409+0000][8][safepoint   ] Safepoint "G1CollectForAllocation", Time since last: 8316960500 ns, Reaching safepoint: 81600 ns, At safepoint: 21240300 ns, Total: 21321900 ns
[2022-03-19T09:14:39.428+0000][8][safepoint   ] Safepoint "Cleanup", Time since last: 48018985000 ns, Reaching safepoint: 159400 ns, At safepoint: 30400 ns, Total: 189800 ns
[2022-03-19T09:16:39.478+0000][8][safepoint   ] Safepoint "Cleanup", Time since last: 120049957800 ns, Reaching safepoint: 159600 ns, At safepoint: 20700 ns, Total: 180300 ns
[2022-03-19T09:16:43.480+0000][8][safepoint   ] Safepoint "Cleanup", Time since last: 4002053000 ns, Reaching safepoint: 193800 ns, At safepoint: 14800 ns, Total: 208600 ns
[2022-03-19T09:17:13.493+0000][8][safepoint   ] Safepoint "Cleanup", Time since last: 30012804300 ns, Reaching safepoint: 153200 ns, At safepoint: 12200 ns, Total: 165400 ns
[2022-03-19T09:17:37.509+0000][8][safepoint   ] Safepoint "Cleanup", Time since last: 24015255900 ns, Reaching safepoint: 132700 ns, At safepoint: 12600 ns, Total: 145300 ns
[2022-03-19T09:17:43.511+0000][8][safepoint   ] Safepoint "Cleanup", Time since last: 6002142500 ns, Reaching safepoint: 229400 ns, At safepoint: 31400 ns, Total: 260800 ns
[2022-03-19T09:18:09.521+0000][8][safepoint   ] Safepoint "Cleanup", Time since last: 26010103700 ns, Reaching safepoint: 161400 ns, At safepoint: 9100 ns, Total: 170500 ns
[2022-03-19T09:18:17.526+0000][8][safepoint   ] Safepoint "Cleanup", Time since last: 8004487900 ns, Reaching safepoint: 120600 ns, At safepoint: 7000 ns, Total: 127600 ns
[2022-03-19T09:18:39.538+0000][8][safepoint   ] Safepoint "Cleanup", Time since last: 22011655700 ns, Reaching safepoint: 136100 ns, At safepoint: 14700 ns, Total: 150800 ns
[2022-03-19T09:18:57.549+0000][8][safepoint   ] Safepoint "Cleanup", Time since last: 18011542600 ns, Reaching safepoint: 128000 ns, At safepoint: 10900 ns, Total: 138900 ns
[2022-03-19T09:19:52.575+0000][8][safepoint   ] Safepoint "Cleanup", Time since last: 55025951800 ns, Reaching safepoint: 195300 ns, At safepoint: 18000 ns, Total: 213300 ns
[2022-03-19T09:21:14.608+0000][8][safepoint   ] Safepoint "Cleanup", Time since last: 82032114000 ns, Reaching safepoint: 149400 ns, At safepoint: 16900 ns, Total: 166300 ns
[2022-03-19T09:21:43.620+0000][8][safepoint   ] Safepoint "Cleanup", Time since last: 29012106300 ns, Reaching safepoint: 144600 ns, At safepoint: 10200 ns, Total: 154800 ns
[2022-03-19T09:21:52.623+0000][8][safepoint   ] Safepoint "Cleanup", Time since last: 9003145200 ns, Reaching safepoint: 117300 ns, At safepoint: 5600 ns, Total: 122900 ns
[2022-03-19T09:21:58.849+0000][8][safepoint   ] Safepoint "Cleanup", Time since last: 6225884000 ns, Reaching safepoint: 152900 ns, At safepoint: 19500 ns, Total: 172400 ns
[2022-03-19T09:22:43.891+0000][8][safepoint   ] Safepoint "Cleanup", Time since last: 45041281000 ns, Reaching safepoint: 151500 ns, At safepoint: 20100 ns, Total: 171600 ns
[2022-03-19T09:23:13.903+0000][8][safepoint   ] Safepoint "Cleanup", Time since last: 30012131000 ns, Reaching safepoint: 186500 ns, At safepoint: 23400 ns, Total: 209900 ns
[2022-03-19T09:23:43.920+0000][8][safepoint   ] Safepoint "Cleanup", Time since last: 30016265900 ns, Reaching safepoint: 193400 ns, At safepoint: 11800 ns, Total: 205200 ns
[2022-03-19T09:23:45.921+0000][8][safepoint   ] Safepoint "Cleanup", Time since last: 2001478800 ns, Reaching safepoint: 184800 ns, At safepoint: 13300 ns, Total: 198100 ns
[2022-03-19T09:24:13.933+0000][8][safepoint   ] Safepoint "Cleanup", Time since last: 28011610300 ns, Reaching safepoint: 261300 ns, At safepoint: 17700 ns, Total: 279000 ns
[2022-03-19T09:24:42.946+0000][8][safepoint   ] Safepoint "Cleanup", Time since last: 29012140400 ns, Reaching safepoint: 183600 ns, At safepoint: 41800 ns, Total: 225400 ns
[2022-03-19T09:24:43.947+0000][8][safepoint   ] Safepoint "Cleanup", Time since last: 1000942100 ns, Reaching safepoint: 173100 ns, At safepoint: 17200 ns, Total: 190300 ns
[2022-03-19T09:24:45.949+0000][8][safepoint   ] Safepoint "Cleanup", Time since last: 2001994600 ns, Reaching safepoint: 125900 ns, At safepoint: 11100 ns, Total: 137000 ns
[2022-03-19T09:24:52.954+0000][8][safepoint   ] Safepoint "Cleanup", Time since last: 7004914600 ns, Reaching safepoint: 120100 ns, At safepoint: 8200 ns, Total: 128300 ns
[2022-03-19T09:25:12.963+0000][8][safepoint   ] Safepoint "Cleanup", Time since last: 20009225000 ns, Reaching safepoint: 146600 ns, At safepoint: 12400 ns, Total: 159000 ns
[2022-03-19T09:26:08.991+0000][8][safepoint   ] Safepoint "Cleanup", Time since last: 56027097700 ns, Reaching safepoint: 261600 ns, At safepoint: 26300 ns, Total: 287900 ns
[2022-03-19T09:26:12.994+0000][8][safepoint   ] Safepoint "Cleanup", Time since last: 4002872900 ns, Reaching safepoint: 190700 ns, At safepoint: 15300 ns, Total: 206000 ns
[2022-03-19T09:26:15.821+0000][8][gc,heap,exit] Heap
[2022-03-19T09:26:15.821+0000][8][gc,heap,exit]  garbage-first heap   total 3203072K, used 967320K [0x000000073c800000, 0x0000000800000000)
[2022-03-19T09:26:15.822+0000][8][gc,heap,exit]   region size 4096K, 220 young (901120K), 5 survivors (20480K)
[2022-03-19T09:26:15.822+0000][8][gc,heap,exit]  Metaspace       used 102768K, committed 104192K, reserved 1138688K
[2022-03-19T09:26:15.822+0000][8][gc,heap,exit]   class space    used 14420K, committed 14976K, reserved 1048576K
