[2022-03-19T08:46:09.051+0000][7][gc] Using G1
[2022-03-19T08:47:04.738+0000][7][gc,init] Version: 17.0.1+12 (release)
[2022-03-19T08:47:04.739+0000][7][gc,init] CPUs: 4 total, 4 available
[2022-03-19T08:47:04.739+0000][7][gc,init] Memory: 6251M
[2022-03-19T08:47:04.740+0000][7][gc,init] Large Page Support: Disabled
[2022-03-19T08:47:04.740+0000][7][gc,init] NUMA Support: Disabled
[2022-03-19T08:47:04.741+0000][7][gc,init] Compressed Oops: Enabled (Zero based)
[2022-03-19T08:47:04.741+0000][7][gc,init] Heap Region Size: 4M
[2022-03-19T08:47:04.741+0000][7][gc,init] Heap Min Capacity: 3128M
[2022-03-19T08:47:04.742+0000][7][gc,init] Heap Initial Capacity: 3128M
[2022-03-19T08:47:04.743+0000][7][gc,init] Heap Max Capacity: 3128M
[2022-03-19T08:47:04.743+0000][7][gc,init] Pre-touch: Enabled
[2022-03-19T08:47:04.743+0000][7][gc,init] Parallel Workers: 4
[2022-03-19T08:47:04.744+0000][7][gc,init] Concurrent Workers: 1
[2022-03-19T08:47:04.744+0000][7][gc,init] Concurrent Refinement Workers: 4
[2022-03-19T08:47:04.744+0000][7][gc,init] Periodic GC: Disabled
[2022-03-19T08:47:04.745+0000][7][gc,metaspace] CDS archive(s) mapped at: [0x0000000800000000-0x0000000800bd1000-0x0000000800bd1000), size 12390400, SharedBaseAddress: 0x0000000800000000, ArchiveRelocationMode: 0.
[2022-03-19T08:47:04.745+0000][7][gc,metaspace] Compressed class space mapped at: 0x0000000800c00000-0x0000000840c00000, reserved size: 1073741824
[2022-03-19T08:47:04.746+0000][7][gc,metaspace] Narrow klass base: 0x0000000800000000, Narrow klass shift: 0, Narrow klass range: 0x100000000
[2022-03-19T08:47:05.661+0000][7][safepoint   ] Safepoint "ICBufferFull", Time since last: 859689300 ns, Reaching safepoint: 180500 ns, At safepoint: 55000 ns, Total: 235500 ns
[2022-03-19T08:47:06.554+0000][7][safepoint   ] Safepoint "ICBufferFull", Time since last: 892826300 ns, Reaching safepoint: 173600 ns, At safepoint: 27600 ns, Total: 201200 ns
[2022-03-19T08:47:08.270+0000][7][safepoint   ] Safepoint "Cleanup", Time since last: 1715985400 ns, Reaching safepoint: 198700 ns, At safepoint: 14400 ns, Total: 213100 ns
[2022-03-19T08:47:09.724+0000][7][safepoint   ] Safepoint "Cleanup", Time since last: 1453110000 ns, Reaching safepoint: 170700 ns, At safepoint: 6700 ns, Total: 177400 ns
[2022-03-19T08:47:11.006+0000][7][safepoint   ] Safepoint "Cleanup", Time since last: 1024632400 ns, Reaching safepoint: 258072100 ns, At safepoint: 64700 ns, Total: 258136800 ns
[2022-03-19T08:47:12.013+0000][7][safepoint   ] Safepoint "Cleanup", Time since last: 1003441700 ns, Reaching safepoint: 2903800 ns, At safepoint: 34600 ns, Total: 2938400 ns
[2022-03-19T08:47:12.060+0000][7][gc,start    ] GC(0) Pause Young (Normal) (G1 Evacuation Pause)
[2022-03-19T08:47:12.060+0000][7][gc,task     ] GC(0) Using 4 workers of 4 for evacuation
[2022-03-19T08:47:12.061+0000][7][gc,age      ] GC(0) Desired survivor size 10485760 bytes, new threshold 15 (max threshold 15)
[2022-03-19T08:47:12.091+0000][7][gc,age      ] GC(0) Age table with threshold 15 (max threshold 15)
[2022-03-19T08:47:12.091+0000][7][gc,age      ] GC(0) - age   1:    9460928 bytes,    9460928 total
[2022-03-19T08:47:12.091+0000][7][gc,phases   ] GC(0)   Pre Evacuate Collection Set: 0.6ms
[2022-03-19T08:47:12.092+0000][7][gc,phases   ] GC(0)   Merge Heap Roots: 0.7ms
[2022-03-19T08:47:12.094+0000][7][gc,phases   ] GC(0)   Evacuate Collection Set: 25.7ms
[2022-03-19T08:47:12.096+0000][7][gc,phases   ] GC(0)   Post Evacuate Collection Set: 1.4ms
[2022-03-19T08:47:12.096+0000][7][gc,phases   ] GC(0)   Other: 3.0ms
[2022-03-19T08:47:12.097+0000][7][gc,heap     ] GC(0) Eden regions: 39->0(36)
[2022-03-19T08:47:12.097+0000][7][gc,heap     ] GC(0) Survivor regions: 0->3(5)
[2022-03-19T08:47:12.099+0000][7][gc,heap     ] GC(0) Old regions: 0->0
[2022-03-19T08:47:12.104+0000][7][gc,heap     ] GC(0) Archive regions: 2->2
[2022-03-19T08:47:12.104+0000][7][gc,heap     ] GC(0) Humongous regions: 0->0
[2022-03-19T08:47:12.104+0000][7][gc,metaspace] GC(0) Metaspace: 15866K(16128K)->15866K(16128K) NonClass: 13999K(14144K)->13999K(14144K) Class: 1866K(1984K)->1866K(1984K)
[2022-03-19T08:47:12.105+0000][7][gc          ] GC(0) Pause Young (Normal) (G1 Evacuation Pause) 159M->13M(3128M) 44.800ms
[2022-03-19T08:47:12.105+0000][7][gc,cpu      ] GC(0) User=0.12s Sys=0.01s Real=0.04s
[2022-03-19T08:47:12.105+0000][7][safepoint   ] Safepoint "G1CollectForAllocation", Time since last: 45376100 ns, Reaching safepoint: 233600 ns, At safepoint: 47045200 ns, Total: 47278800 ns
[2022-03-19T08:47:12.525+0000][7][safepoint   ] Safepoint "ICBufferFull", Time since last: 418365100 ns, Reaching safepoint: 1027500 ns, At safepoint: 39600 ns, Total: 1067100 ns
[2022-03-19T08:47:12.527+0000][7][safepoint   ] Safepoint "ICBufferFull", Time since last: 1732400 ns, Reaching safepoint: 79800 ns, At safepoint: 4800 ns, Total: 84600 ns
[2022-03-19T08:47:12.532+0000][7][safepoint   ] Safepoint "ICBufferFull", Time since last: 4916300 ns, Reaching safepoint: 91400 ns, At safepoint: 5000 ns, Total: 96400 ns
[2022-03-19T08:47:12.534+0000][7][safepoint   ] Safepoint "ICBufferFull", Time since last: 1909000 ns, Reaching safepoint: 87000 ns, At safepoint: 6100 ns, Total: 93100 ns
[2022-03-19T08:47:12.535+0000][7][safepoint   ] Safepoint "ICBufferFull", Time since last: 1787300 ns, Reaching safepoint: 87800 ns, At safepoint: 5100 ns, Total: 92900 ns
[2022-03-19T08:47:12.805+0000][7][safepoint   ] Safepoint "ICBufferFull", Time since last: 269636700 ns, Reaching safepoint: 240800 ns, At safepoint: 38700 ns, Total: 279500 ns
[2022-03-19T08:47:13.092+0000][7][gc,start    ] GC(1) Pause Young (Normal) (G1 Evacuation Pause)
[2022-03-19T08:47:13.093+0000][7][gc,task     ] GC(1) Using 4 workers of 4 for evacuation
[2022-03-19T08:47:13.093+0000][7][gc,age      ] GC(1) Desired survivor size 10485760 bytes, new threshold 15 (max threshold 15)
[2022-03-19T08:47:13.115+0000][7][gc,age      ] GC(1) Age table with threshold 15 (max threshold 15)
[2022-03-19T08:47:13.115+0000][7][gc,age      ] GC(1) - age   1:    3828848 bytes,    3828848 total
[2022-03-19T08:47:13.116+0000][7][gc,age      ] GC(1) - age   2:    7839600 bytes,   11668448 total
[2022-03-19T08:47:13.116+0000][7][gc,phases   ] GC(1)   Pre Evacuate Collection Set: 0.2ms
[2022-03-19T08:47:13.116+0000][7][gc,phases   ] GC(1)   Merge Heap Roots: 0.1ms
[2022-03-19T08:47:13.116+0000][7][gc,phases   ] GC(1)   Evacuate Collection Set: 19.9ms
[2022-03-19T08:47:13.116+0000][7][gc,phases   ] GC(1)   Post Evacuate Collection Set: 1.0ms
[2022-03-19T08:47:13.117+0000][7][gc,phases   ] GC(1)   Other: 2.7ms
[2022-03-19T08:47:13.117+0000][7][gc,heap     ] GC(1) Eden regions: 36->0(35)
[2022-03-19T08:47:13.117+0000][7][gc,heap     ] GC(1) Survivor regions: 3->4(5)
[2022-03-19T08:47:13.117+0000][7][gc,heap     ] GC(1) Old regions: 0->0
[2022-03-19T08:47:13.118+0000][7][gc,heap     ] GC(1) Archive regions: 2->2
[2022-03-19T08:47:13.118+0000][7][gc,heap     ] GC(1) Humongous regions: 0->0
[2022-03-19T08:47:13.118+0000][7][gc,metaspace] GC(1) Metaspace: 17786K(18112K)->17786K(18112K) NonClass: 15640K(15808K)->15640K(15808K) Class: 2145K(2304K)->2145K(2304K)
[2022-03-19T08:47:13.118+0000][7][gc          ] GC(1) Pause Young (Normal) (G1 Evacuation Pause) 157M->16M(3128M) 26.213ms
[2022-03-19T08:47:13.118+0000][7][gc,cpu      ] GC(1) User=0.08s Sys=0.00s Real=0.02s
[2022-03-19T08:47:13.119+0000][7][safepoint   ] Safepoint "G1CollectForAllocation", Time since last: 286331800 ns, Reaching safepoint: 166500 ns, At safepoint: 26851400 ns, Total: 27017900 ns
[2022-03-19T08:47:13.507+0000][7][gc,start    ] GC(2) Pause Young (Normal) (G1 Evacuation Pause)
[2022-03-19T08:47:13.510+0000][7][gc,task     ] GC(2) Using 4 workers of 4 for evacuation
[2022-03-19T08:47:13.510+0000][7][gc,age      ] GC(2) Desired survivor size 10485760 bytes, new threshold 2 (max threshold 15)
[2022-03-19T08:47:13.572+0000][7][gc,age      ] GC(2) Age table with threshold 2 (max threshold 15)
[2022-03-19T08:47:13.572+0000][7][gc,age      ] GC(2) - age   1:    1001168 bytes,    1001168 total
[2022-03-19T08:47:13.572+0000][7][gc,age      ] GC(2) - age   2:    3040584 bytes,    4041752 total
[2022-03-19T08:47:13.572+0000][7][gc,phases   ] GC(2)   Pre Evacuate Collection Set: 0.2ms
[2022-03-19T08:47:13.573+0000][7][gc,phases   ] GC(2)   Merge Heap Roots: 0.1ms
[2022-03-19T08:47:13.573+0000][7][gc,phases   ] GC(2)   Evacuate Collection Set: 59.3ms
[2022-03-19T08:47:13.573+0000][7][gc,phases   ] GC(2)   Post Evacuate Collection Set: 0.9ms
[2022-03-19T08:47:13.573+0000][7][gc,phases   ] GC(2)   Other: 4.4ms
[2022-03-19T08:47:13.574+0000][7][gc,heap     ] GC(2) Eden regions: 35->0(55)
[2022-03-19T08:47:13.574+0000][7][gc,heap     ] GC(2) Survivor regions: 4->2(5)
[2022-03-19T08:47:13.574+0000][7][gc,heap     ] GC(2) Old regions: 0->2
[2022-03-19T08:47:13.574+0000][7][gc,heap     ] GC(2) Archive regions: 2->2
[2022-03-19T08:47:13.574+0000][7][gc,heap     ] GC(2) Humongous regions: 0->0
[2022-03-19T08:47:13.574+0000][7][gc,metaspace] GC(2) Metaspace: 18272K(18624K)->18272K(18624K) NonClass: 16040K(16256K)->16040K(16256K) Class: 2231K(2368K)->2231K(2368K)
[2022-03-19T08:47:13.575+0000][7][gc          ] GC(2) Pause Young (Normal) (G1 Evacuation Pause) 156M->16M(3128M) 67.246ms
[2022-03-19T08:47:13.575+0000][7][gc,cpu      ] GC(2) User=0.25s Sys=0.00s Real=0.07s
[2022-03-19T08:47:13.575+0000][7][safepoint   ] Safepoint "G1CollectForAllocation", Time since last: 388563400 ns, Reaching safepoint: 97600 ns, At safepoint: 67726200 ns, Total: 67823800 ns
[2022-03-19T08:47:14.445+0000][7][gc,start    ] GC(3) Pause Young (Normal) (G1 Evacuation Pause)
[2022-03-19T08:47:14.445+0000][7][gc,task     ] GC(3) Using 4 workers of 4 for evacuation
[2022-03-19T08:47:14.445+0000][7][gc,age      ] GC(3) Desired survivor size 16777216 bytes, new threshold 15 (max threshold 15)
[2022-03-19T08:47:14.456+0000][7][gc,age      ] GC(3) Age table with threshold 15 (max threshold 15)
[2022-03-19T08:47:14.457+0000][7][gc,age      ] GC(3) - age   1:    4051656 bytes,    4051656 total
[2022-03-19T08:47:14.457+0000][7][gc,age      ] GC(3) - age   2:     780680 bytes,    4832336 total
[2022-03-19T08:47:14.458+0000][7][gc,age      ] GC(3) - age   3:    3040056 bytes,    7872392 total
[2022-03-19T08:47:14.458+0000][7][gc,phases   ] GC(3)   Pre Evacuate Collection Set: 0.2ms
[2022-03-19T08:47:14.458+0000][7][gc,phases   ] GC(3)   Merge Heap Roots: 0.1ms
[2022-03-19T08:47:14.458+0000][7][gc,phases   ] GC(3)   Evacuate Collection Set: 9.0ms
[2022-03-19T08:47:14.459+0000][7][gc,phases   ] GC(3)   Post Evacuate Collection Set: 0.9ms
[2022-03-19T08:47:14.459+0000][7][gc,phases   ] GC(3)   Other: 3.1ms
[2022-03-19T08:47:14.459+0000][7][gc,heap     ] GC(3) Eden regions: 55->0(467)
[2022-03-19T08:47:14.460+0000][7][gc,heap     ] GC(3) Survivor regions: 2->2(8)
[2022-03-19T08:47:14.460+0000][7][gc,heap     ] GC(3) Old regions: 2->2
[2022-03-19T08:47:14.460+0000][7][gc,heap     ] GC(3) Archive regions: 2->2
[2022-03-19T08:47:14.460+0000][7][gc,heap     ] GC(3) Humongous regions: 0->0
[2022-03-19T08:47:14.461+0000][7][gc,metaspace] GC(3) Metaspace: 18755K(19136K)->18755K(19136K) NonClass: 16475K(16704K)->16475K(16704K) Class: 2279K(2432K)->2279K(2432K)
[2022-03-19T08:47:14.461+0000][7][gc          ] GC(3) Pause Young (Normal) (G1 Evacuation Pause) 236M->19M(3128M) 16.381ms
[2022-03-19T08:47:14.461+0000][7][gc,cpu      ] GC(3) User=0.06s Sys=0.00s Real=0.02s
[2022-03-19T08:47:14.462+0000][7][safepoint   ] Safepoint "G1CollectForAllocation", Time since last: 869321100 ns, Reaching safepoint: 93000 ns, At safepoint: 17204600 ns, Total: 17297600 ns
[2022-03-19T08:47:15.463+0000][7][safepoint   ] Safepoint "Cleanup", Time since last: 1001202400 ns, Reaching safepoint: 246500 ns, At safepoint: 38500 ns, Total: 285000 ns
[2022-03-19T08:47:16.753+0000][7][gc,start    ] GC(4) Pause Young (Concurrent Start) (Metadata GC Threshold)
[2022-03-19T08:47:16.753+0000][7][gc,task     ] GC(4) Using 4 workers of 4 for evacuation
[2022-03-19T08:47:16.753+0000][7][gc,age      ] GC(4) Desired survivor size 123731968 bytes, new threshold 15 (max threshold 15)
[2022-03-19T08:47:16.760+0000][7][gc,age      ] GC(4) Age table with threshold 15 (max threshold 15)
[2022-03-19T08:47:16.760+0000][7][gc,age      ] GC(4) - age   1:    4324128 bytes,    4324128 total
[2022-03-19T08:47:16.761+0000][7][gc,age      ] GC(4) - age   2:    2645744 bytes,    6969872 total
[2022-03-19T08:47:16.761+0000][7][gc,age      ] GC(4) - age   3:     777088 bytes,    7746960 total
[2022-03-19T08:47:16.761+0000][7][gc,age      ] GC(4) - age   4:    3037072 bytes,   10784032 total
[2022-03-19T08:47:16.762+0000][7][gc,phases   ] GC(4)   Pre Evacuate Collection Set: 0.2ms
[2022-03-19T08:47:16.762+0000][7][gc,phases   ] GC(4)   Merge Heap Roots: 0.2ms
[2022-03-19T08:47:16.762+0000][7][gc,phases   ] GC(4)   Evacuate Collection Set: 4.9ms
[2022-03-19T08:47:16.763+0000][7][gc,phases   ] GC(4)   Post Evacuate Collection Set: 1.0ms
[2022-03-19T08:47:16.763+0000][7][gc,phases   ] GC(4)   Other: 2.7ms
[2022-03-19T08:47:16.763+0000][7][gc,heap     ] GC(4) Eden regions: 309->0(466)
[2022-03-19T08:47:16.763+0000][7][gc,heap     ] GC(4) Survivor regions: 2->3(59)
[2022-03-19T08:47:16.763+0000][7][gc,heap     ] GC(4) Old regions: 2->2
[2022-03-19T08:47:16.763+0000][7][gc,heap     ] GC(4) Archive regions: 2->2
[2022-03-19T08:47:16.764+0000][7][gc,heap     ] GC(4) Humongous regions: 0->0
[2022-03-19T08:47:16.765+0000][7][gc,metaspace] GC(4) Metaspace: 21005K(21504K)->21005K(21504K) NonClass: 18401K(18688K)->18401K(18688K) Class: 2604K(2816K)->2604K(2816K)
[2022-03-19T08:47:16.765+0000][7][gc          ] GC(4) Pause Young (Concurrent Start) (Metadata GC Threshold) 1253M->22M(3128M) 12.377ms
[2022-03-19T08:47:16.765+0000][7][gc,cpu      ] GC(4) User=0.03s Sys=0.00s Real=0.01s
[2022-03-19T08:47:16.766+0000][7][gc          ] GC(5) Concurrent Mark Cycle
[2022-03-19T08:47:16.767+0000][7][gc,marking  ] GC(5) Concurrent Clear Claimed Marks
[2022-03-19T08:47:16.767+0000][7][gc,marking  ] GC(5) Concurrent Clear Claimed Marks 0.284ms
[2022-03-19T08:47:16.767+0000][7][gc,marking  ] GC(5) Concurrent Scan Root Regions
[2022-03-19T08:47:16.768+0000][7][safepoint   ] Safepoint "CollectForMetadataAllocation", Time since last: 1289282500 ns, Reaching safepoint: 299300 ns, At safepoint: 15393500 ns, Total: 15692800 ns
[2022-03-19T08:47:16.772+0000][7][gc,marking  ] GC(5) Concurrent Scan Root Regions 4.717ms
[2022-03-19T08:47:16.772+0000][7][gc,marking  ] GC(5) Concurrent Mark
[2022-03-19T08:47:16.772+0000][7][gc,marking  ] GC(5) Concurrent Mark From Roots
[2022-03-19T08:47:16.773+0000][7][gc,task     ] GC(5) Using 1 workers of 1 for marking
[2022-03-19T08:47:16.790+0000][7][gc,marking  ] GC(5) Concurrent Mark From Roots 17.487ms
[2022-03-19T08:47:16.790+0000][7][gc,marking  ] GC(5) Concurrent Preclean
[2022-03-19T08:47:16.791+0000][7][gc,marking  ] GC(5) Concurrent Preclean 0.533ms
[2022-03-19T08:47:16.791+0000][7][gc,start    ] GC(5) Pause Remark
[2022-03-19T08:47:16.796+0000][7][gc          ] GC(5) Pause Remark 26M->26M(3128M) 4.405ms
[2022-03-19T08:47:16.796+0000][7][gc,cpu      ] GC(5) User=0.01s Sys=0.00s Real=0.00s
[2022-03-19T08:47:16.796+0000][7][safepoint   ] Safepoint "G1Concurrent", Time since last: 22785900 ns, Reaching safepoint: 144800 ns, At safepoint: 5001800 ns, Total: 5146600 ns
[2022-03-19T08:47:16.796+0000][7][gc,marking  ] GC(5) Concurrent Mark 24.210ms
[2022-03-19T08:47:16.797+0000][7][gc,marking  ] GC(5) Concurrent Rebuild Remembered Sets
[2022-03-19T08:47:16.797+0000][7][gc,marking  ] GC(5) Concurrent Rebuild Remembered Sets 0.224ms
[2022-03-19T08:47:16.797+0000][7][gc,start    ] GC(5) Pause Cleanup
[2022-03-19T08:47:16.798+0000][7][gc          ] GC(5) Pause Cleanup 26M->26M(3128M) 0.306ms
[2022-03-19T08:47:16.798+0000][7][gc,cpu      ] GC(5) User=0.00s Sys=0.00s Real=0.00s
[2022-03-19T08:47:16.798+0000][7][safepoint   ] Safepoint "G1Concurrent", Time since last: 984500 ns, Reaching safepoint: 204200 ns, At safepoint: 957000 ns, Total: 1161200 ns
[2022-03-19T08:47:16.799+0000][7][gc,marking  ] GC(5) Concurrent Cleanup for Next Mark
[2022-03-19T08:47:16.802+0000][7][gc,marking  ] GC(5) Concurrent Cleanup for Next Mark 3.255ms
[2022-03-19T08:47:16.802+0000][7][gc          ] GC(5) Concurrent Mark Cycle 36.470ms
[2022-03-19T08:47:17.765+0000][7][safepoint   ] Safepoint "ICBufferFull", Time since last: 966357400 ns, Reaching safepoint: 194600 ns, At safepoint: 6600 ns, Total: 201200 ns
[2022-03-19T08:47:17.766+0000][7][safepoint   ] Safepoint "ICBufferFull", Time since last: 1464900 ns, Reaching safepoint: 63400 ns, At safepoint: 4900 ns, Total: 68300 ns
[2022-03-19T08:47:17.768+0000][7][safepoint   ] Safepoint "ICBufferFull", Time since last: 1358500 ns, Reaching safepoint: 78400 ns, At safepoint: 6400 ns, Total: 84800 ns
[2022-03-19T08:47:17.769+0000][7][safepoint   ] Safepoint "ICBufferFull", Time since last: 1311900 ns, Reaching safepoint: 82100 ns, At safepoint: 4300 ns, Total: 86400 ns
[2022-03-19T08:47:17.821+0000][7][safepoint   ] Safepoint "ICBufferFull", Time since last: 51698900 ns, Reaching safepoint: 89300 ns, At safepoint: 5900 ns, Total: 95200 ns
[2022-03-19T08:47:17.822+0000][7][safepoint   ] Safepoint "ICBufferFull", Time since last: 1309900 ns, Reaching safepoint: 97500 ns, At safepoint: 4100 ns, Total: 101600 ns
[2022-03-19T08:47:17.886+0000][7][safepoint   ] Safepoint "ICBufferFull", Time since last: 62974000 ns, Reaching safepoint: 89000 ns, At safepoint: 4700 ns, Total: 93700 ns
[2022-03-19T08:47:17.900+0000][7][safepoint   ] Safepoint "ICBufferFull", Time since last: 14309500 ns, Reaching safepoint: 87100 ns, At safepoint: 6900 ns, Total: 94000 ns
[2022-03-19T08:47:17.921+0000][7][safepoint   ] Safepoint "ICBufferFull", Time since last: 20960200 ns, Reaching safepoint: 99800 ns, At safepoint: 33800 ns, Total: 133600 ns
[2022-03-19T08:47:18.085+0000][7][safepoint   ] Safepoint "ICBufferFull", Time since last: 163074200 ns, Reaching safepoint: 453300 ns, At safepoint: 9400 ns, Total: 462700 ns
[2022-03-19T08:47:18.086+0000][7][safepoint   ] Safepoint "ICBufferFull", Time since last: 1537700 ns, Reaching safepoint: 241500 ns, At safepoint: 8600 ns, Total: 250100 ns
[2022-03-19T08:47:18.089+0000][7][safepoint   ] Safepoint "ICBufferFull", Time since last: 2546900 ns, Reaching safepoint: 94000 ns, At safepoint: 32700 ns, Total: 126700 ns
[2022-03-19T08:47:18.124+0000][7][safepoint   ] Safepoint "ICBufferFull", Time since last: 34837600 ns, Reaching safepoint: 121100 ns, At safepoint: 26300 ns, Total: 147400 ns
[2022-03-19T08:47:18.126+0000][7][safepoint   ] Safepoint "ICBufferFull", Time since last: 1546600 ns, Reaching safepoint: 105900 ns, At safepoint: 4500 ns, Total: 110400 ns
[2022-03-19T08:47:19.394+0000][7][safepoint   ] Safepoint "Cleanup", Time since last: 1267853500 ns, Reaching safepoint: 277600 ns, At safepoint: 34700 ns, Total: 312300 ns
[2022-03-19T08:47:20.395+0000][7][safepoint   ] Safepoint "Cleanup", Time since last: 1000501400 ns, Reaching safepoint: 257000 ns, At safepoint: 37600 ns, Total: 294600 ns
[2022-03-19T08:47:21.395+0000][7][safepoint   ] Safepoint "Cleanup", Time since last: 1000468500 ns, Reaching safepoint: 261700 ns, At safepoint: 29500 ns, Total: 291200 ns
[2022-03-19T08:47:21.548+0000][7][gc,start    ] GC(6) Pause Young (Concurrent Start) (Metadata GC Threshold)
[2022-03-19T08:47:21.548+0000][7][gc,task     ] GC(6) Using 4 workers of 4 for evacuation
[2022-03-19T08:47:21.548+0000][7][gc,age      ] GC(6) Desired survivor size 123731968 bytes, new threshold 15 (max threshold 15)
[2022-03-19T08:47:21.591+0000][7][gc,age      ] GC(6) Age table with threshold 15 (max threshold 15)
[2022-03-19T08:47:21.591+0000][7][gc,age      ] GC(6) - age   1:   27370584 bytes,   27370584 total
[2022-03-19T08:47:21.591+0000][7][gc,age      ] GC(6) - age   2:    4287752 bytes,   31658336 total
[2022-03-19T08:47:21.591+0000][7][gc,age      ] GC(6) - age   3:    2641056 bytes,   34299392 total
[2022-03-19T08:47:21.592+0000][7][gc,age      ] GC(6) - age   4:     772304 bytes,   35071696 total
[2022-03-19T08:47:21.592+0000][7][gc,age      ] GC(6) - age   5:    3003072 bytes,   38074768 total
[2022-03-19T08:47:21.592+0000][7][gc,phases   ] GC(6)   Pre Evacuate Collection Set: 0.3ms
[2022-03-19T08:47:21.592+0000][7][gc,phases   ] GC(6)   Merge Heap Roots: 0.1ms
[2022-03-19T08:47:21.593+0000][7][gc,phases   ] GC(6)   Evacuate Collection Set: 40.1ms
[2022-03-19T08:47:21.593+0000][7][gc,phases   ] GC(6)   Post Evacuate Collection Set: 1.8ms
[2022-03-19T08:47:21.593+0000][7][gc,phases   ] GC(6)   Other: 2.3ms
[2022-03-19T08:47:21.593+0000][7][gc,heap     ] GC(6) Eden regions: 74->0(105)
[2022-03-19T08:47:21.593+0000][7][gc,heap     ] GC(6) Survivor regions: 3->10(59)
[2022-03-19T08:47:21.594+0000][7][gc,heap     ] GC(6) Old regions: 2->2
[2022-03-19T08:47:21.594+0000][7][gc,heap     ] GC(6) Archive regions: 2->2
[2022-03-19T08:47:21.594+0000][7][gc,heap     ] GC(6) Humongous regions: 0->0
[2022-03-19T08:47:21.594+0000][7][gc,metaspace] GC(6) Metaspace: 35002K(35968K)->35002K(35968K) NonClass: 30363K(30976K)->30363K(30976K) Class: 4638K(4992K)->4638K(4992K)
[2022-03-19T08:47:21.595+0000][7][gc          ] GC(6) Pause Young (Concurrent Start) (Metadata GC Threshold) 316M->48M(3128M) 46.865ms
[2022-03-19T08:47:21.595+0000][7][gc,cpu      ] GC(6) User=0.16s Sys=0.00s Real=0.05s
[2022-03-19T08:47:21.595+0000][7][gc          ] GC(7) Concurrent Mark Cycle
[2022-03-19T08:47:21.595+0000][7][gc,marking  ] GC(7) Concurrent Clear Claimed Marks
[2022-03-19T08:47:21.595+0000][7][gc,marking  ] GC(7) Concurrent Clear Claimed Marks 0.248ms
[2022-03-19T08:47:21.596+0000][7][gc,marking  ] GC(7) Concurrent Scan Root Regions
[2022-03-19T08:47:21.596+0000][7][safepoint   ] Safepoint "CollectForMetadataAllocation", Time since last: 152098500 ns, Reaching safepoint: 144500 ns, At safepoint: 48009400 ns, Total: 48153900 ns
[2022-03-19T08:47:21.630+0000][7][safepoint   ] Safepoint "CollectForMetadataAllocation", Time since last: 33507700 ns, Reaching safepoint: 83500 ns, At safepoint: 1280600 ns, Total: 1364100 ns
[2022-03-19T08:47:21.633+0000][7][gc,marking  ] GC(7) Concurrent Scan Root Regions 37.760ms
[2022-03-19T08:47:21.634+0000][7][gc,marking  ] GC(7) Concurrent Mark
[2022-03-19T08:47:21.634+0000][7][gc,marking  ] GC(7) Concurrent Mark From Roots
[2022-03-19T08:47:21.634+0000][7][gc,task     ] GC(7) Using 1 workers of 1 for marking
[2022-03-19T08:47:21.650+0000][7][gc,marking  ] GC(7) Concurrent Mark From Roots 16.389ms
[2022-03-19T08:47:21.651+0000][7][gc,marking  ] GC(7) Concurrent Preclean
[2022-03-19T08:47:21.651+0000][7][gc,marking  ] GC(7) Concurrent Preclean 0.363ms
[2022-03-19T08:47:21.652+0000][7][gc,start    ] GC(7) Pause Remark
[2022-03-19T08:47:21.657+0000][7][gc          ] GC(7) Pause Remark 50M->50M(3128M) 5.420ms
[2022-03-19T08:47:21.657+0000][7][gc,cpu      ] GC(7) User=0.01s Sys=0.00s Real=0.00s
[2022-03-19T08:47:21.658+0000][7][safepoint   ] Safepoint "G1Concurrent", Time since last: 21010900 ns, Reaching safepoint: 210500 ns, At safepoint: 6002900 ns, Total: 6213400 ns
[2022-03-19T08:47:21.658+0000][7][gc,marking  ] GC(7) Concurrent Mark 24.184ms
[2022-03-19T08:47:21.658+0000][7][gc,marking  ] GC(7) Concurrent Rebuild Remembered Sets
[2022-03-19T08:47:21.658+0000][7][gc,marking  ] GC(7) Concurrent Rebuild Remembered Sets 0.215ms
[2022-03-19T08:47:21.662+0000][7][gc,start    ] GC(7) Pause Cleanup
[2022-03-19T08:47:21.662+0000][7][gc          ] GC(7) Pause Cleanup 50M->50M(3128M) 0.305ms
[2022-03-19T08:47:21.663+0000][7][gc,cpu      ] GC(7) User=0.01s Sys=0.00s Real=0.00s
[2022-03-19T08:47:21.663+0000][7][safepoint   ] Safepoint "G1Concurrent", Time since last: 1016800 ns, Reaching safepoint: 3325700 ns, At safepoint: 754600 ns, Total: 4080300 ns
[2022-03-19T08:47:21.663+0000][7][gc,marking  ] GC(7) Concurrent Cleanup for Next Mark
[2022-03-19T08:47:21.667+0000][7][gc,marking  ] GC(7) Concurrent Cleanup for Next Mark 3.658ms
[2022-03-19T08:47:21.667+0000][7][gc          ] GC(7) Concurrent Mark Cycle 72.100ms
[2022-03-19T08:47:23.101+0000][7][safepoint   ] Safepoint "ICBufferFull", Time since last: 1437746100 ns, Reaching safepoint: 204200 ns, At safepoint: 29100 ns, Total: 233300 ns
[2022-03-19T08:47:24.851+0000][7][safepoint   ] Safepoint "Cleanup", Time since last: 1750415800 ns, Reaching safepoint: 258600 ns, At safepoint: 32600 ns, Total: 291200 ns
[2022-03-19T08:47:26.046+0000][7][safepoint   ] Safepoint "Cleanup", Time since last: 1194596000 ns, Reaching safepoint: 192700 ns, At safepoint: 47400 ns, Total: 240100 ns
[2022-03-19T08:47:27.030+0000][7][gc,start    ] GC(8) Pause Young (Concurrent Start) (Metadata GC Threshold)
[2022-03-19T08:47:27.031+0000][7][gc,task     ] GC(8) Using 4 workers of 4 for evacuation
[2022-03-19T08:47:27.031+0000][7][gc,age      ] GC(8) Desired survivor size 37748736 bytes, new threshold 5 (max threshold 15)
[2022-03-19T08:47:27.079+0000][7][gc,age      ] GC(8) Age table with threshold 5 (max threshold 15)
[2022-03-19T08:47:27.079+0000][7][gc,age      ] GC(8) - age   1:   10309656 bytes,   10309656 total
[2022-03-19T08:47:27.079+0000][7][gc,age      ] GC(8) - age   2:   27031304 bytes,   37340960 total
[2022-03-19T08:47:27.080+0000][7][gc,age      ] GC(8) - age   3:    4219904 bytes,   41560864 total
[2022-03-19T08:47:27.080+0000][7][gc,age      ] GC(8) - age   4:    2632624 bytes,   44193488 total
[2022-03-19T08:47:27.080+0000][7][gc,age      ] GC(8) - age   5:     761248 bytes,   44954736 total
[2022-03-19T08:47:27.081+0000][7][gc,phases   ] GC(8)   Pre Evacuate Collection Set: 0.2ms
[2022-03-19T08:47:27.081+0000][7][gc,phases   ] GC(8)   Merge Heap Roots: 0.1ms
[2022-03-19T08:47:27.081+0000][7][gc,phases   ] GC(8)   Evacuate Collection Set: 44.0ms
[2022-03-19T08:47:27.081+0000][7][gc,phases   ] GC(8)   Post Evacuate Collection Set: 2.9ms
[2022-03-19T08:47:27.082+0000][7][gc,phases   ] GC(8)   Other: 2.9ms
[2022-03-19T08:47:27.082+0000][7][gc,heap     ] GC(8) Eden regions: 98->0(28)
[2022-03-19T08:47:27.082+0000][7][gc,heap     ] GC(8) Survivor regions: 10->11(18)
[2022-03-19T08:47:27.082+0000][7][gc,heap     ] GC(8) Old regions: 2->3
[2022-03-19T08:47:27.082+0000][7][gc,heap     ] GC(8) Archive regions: 2->2
[2022-03-19T08:47:27.083+0000][7][gc,heap     ] GC(8) Humongous regions: 0->0
[2022-03-19T08:47:27.083+0000][7][gc,metaspace] GC(8) Metaspace: 59482K(60736K)->59482K(60736K) NonClass: 51388K(52096K)->51388K(52096K) Class: 8093K(8640K)->8093K(8640K)
[2022-03-19T08:47:27.083+0000][7][gc          ] GC(8) Pause Young (Concurrent Start) (Metadata GC Threshold) 440M->58M(3128M) 52.610ms
[2022-03-19T08:47:27.083+0000][7][gc,cpu      ] GC(8) User=0.18s Sys=0.00s Real=0.05s
[2022-03-19T08:47:27.083+0000][7][gc          ] GC(9) Concurrent Mark Cycle
[2022-03-19T08:47:27.084+0000][7][gc,marking  ] GC(9) Concurrent Clear Claimed Marks
[2022-03-19T08:47:27.084+0000][7][gc,marking  ] GC(9) Concurrent Clear Claimed Marks 0.259ms
[2022-03-19T08:47:27.084+0000][7][gc,marking  ] GC(9) Concurrent Scan Root Regions
[2022-03-19T08:47:27.084+0000][7][safepoint   ] Safepoint "CollectForMetadataAllocation", Time since last: 979477900 ns, Reaching safepoint: 4605100 ns, At safepoint: 53734100 ns, Total: 58339200 ns
[2022-03-19T08:47:27.134+0000][7][gc,marking  ] GC(9) Concurrent Scan Root Regions 49.538ms
[2022-03-19T08:47:27.134+0000][7][gc,marking  ] GC(9) Concurrent Mark
[2022-03-19T08:47:27.134+0000][7][gc,marking  ] GC(9) Concurrent Mark From Roots
[2022-03-19T08:47:27.135+0000][7][gc,task     ] GC(9) Using 1 workers of 1 for marking
[2022-03-19T08:47:27.163+0000][7][gc,marking  ] GC(9) Concurrent Mark From Roots 28.603ms
[2022-03-19T08:47:27.163+0000][7][gc,marking  ] GC(9) Concurrent Preclean
[2022-03-19T08:47:27.164+0000][7][gc,marking  ] GC(9) Concurrent Preclean 0.376ms
[2022-03-19T08:47:27.164+0000][7][gc,start    ] GC(9) Pause Remark
[2022-03-19T08:47:27.172+0000][7][gc          ] GC(9) Pause Remark 66M->66M(3128M) 7.789ms
[2022-03-19T08:47:27.172+0000][7][gc,cpu      ] GC(9) User=0.03s Sys=0.00s Real=0.01s
[2022-03-19T08:47:27.173+0000][7][safepoint   ] Safepoint "G1Concurrent", Time since last: 79948900 ns, Reaching safepoint: 270300 ns, At safepoint: 8395900 ns, Total: 8666200 ns
[2022-03-19T08:47:27.175+0000][7][gc,marking  ] GC(9) Concurrent Mark 40.727ms
[2022-03-19T08:47:27.176+0000][7][gc,marking  ] GC(9) Concurrent Rebuild Remembered Sets
[2022-03-19T08:47:27.197+0000][7][gc,marking  ] GC(9) Concurrent Rebuild Remembered Sets 21.791ms
[2022-03-19T08:47:27.198+0000][7][gc,start    ] GC(9) Pause Cleanup
[2022-03-19T08:47:27.199+0000][7][gc          ] GC(9) Pause Cleanup 68M->68M(3128M) 0.648ms
[2022-03-19T08:47:27.199+0000][7][gc,cpu      ] GC(9) User=0.00s Sys=0.00s Real=0.00s
[2022-03-19T08:47:27.200+0000][7][safepoint   ] Safepoint "G1Concurrent", Time since last: 25193500 ns, Reaching safepoint: 328400 ns, At safepoint: 1350600 ns, Total: 1679000 ns
[2022-03-19T08:47:27.200+0000][7][gc,marking  ] GC(9) Concurrent Cleanup for Next Mark
[2022-03-19T08:47:27.204+0000][7][gc,marking  ] GC(9) Concurrent Cleanup for Next Mark 3.950ms
[2022-03-19T08:47:27.205+0000][7][gc          ] GC(9) Concurrent Mark Cycle 121.108ms
[2022-03-19T08:47:28.675+0000][7][gc,start    ] GC(10) Pause Young (Normal) (G1 Evacuation Pause)
[2022-03-19T08:47:28.676+0000][7][gc,task     ] GC(10) Using 4 workers of 4 for evacuation
[2022-03-19T08:47:28.676+0000][7][gc,age      ] GC(10) Desired survivor size 10485760 bytes, new threshold 2 (max threshold 15)
[2022-03-19T08:47:28.905+0000][7][gc,age      ] GC(10) Age table with threshold 2 (max threshold 15)
[2022-03-19T08:47:28.905+0000][7][gc,age      ] GC(10) - age   1:    3098744 bytes,    3098744 total
[2022-03-19T08:47:28.905+0000][7][gc,age      ] GC(10) - age   2:   10053328 bytes,   13152072 total
[2022-03-19T08:47:28.905+0000][7][gc,mmu      ] GC(10) MMU target violated: 201.0ms (200.0ms/201.0ms)
[2022-03-19T08:47:28.906+0000][7][gc,phases   ] GC(10)   Pre Evacuate Collection Set: 0.2ms
[2022-03-19T08:47:28.906+0000][7][gc,phases   ] GC(10)   Merge Heap Roots: 0.2ms
[2022-03-19T08:47:28.906+0000][7][gc,phases   ] GC(10)   Evacuate Collection Set: 226.6ms
[2022-03-19T08:47:28.906+0000][7][gc,phases   ] GC(10)   Post Evacuate Collection Set: 1.4ms
[2022-03-19T08:47:28.907+0000][7][gc,phases   ] GC(10)   Other: 2.0ms
[2022-03-19T08:47:28.907+0000][7][gc,heap     ] GC(10) Eden regions: 28->0(162)
[2022-03-19T08:47:28.907+0000][7][gc,heap     ] GC(10) Survivor regions: 11->4(5)
[2022-03-19T08:47:28.907+0000][7][gc,heap     ] GC(10) Old regions: 3->11
[2022-03-19T08:47:28.908+0000][7][gc,heap     ] GC(10) Archive regions: 2->2
[2022-03-19T08:47:28.908+0000][7][gc,heap     ] GC(10) Humongous regions: 0->0
[2022-03-19T08:47:28.908+0000][7][gc,metaspace] GC(10) Metaspace: 63188K(64512K)->63188K(64512K) NonClass: 54568K(55360K)->54568K(55360K) Class: 8619K(9152K)->8619K(9152K)
[2022-03-19T08:47:28.908+0000][7][gc          ] GC(10) Pause Young (Normal) (G1 Evacuation Pause) 170M->63M(3128M) 232.817ms
[2022-03-19T08:47:28.908+0000][7][gc,cpu      ] GC(10) User=0.91s Sys=0.00s Real=0.23s
[2022-03-19T08:47:28.909+0000][7][safepoint   ] Safepoint "G1CollectForAllocation", Time since last: 1475218800 ns, Reaching safepoint: 456200 ns, At safepoint: 233406200 ns, Total: 233862400 ns
[2022-03-19T08:47:29.909+0000][7][safepoint   ] Safepoint "Cleanup", Time since last: 1000398600 ns, Reaching safepoint: 136300 ns, At safepoint: 7300 ns, Total: 143600 ns
[2022-03-19T08:47:31.339+0000][7][safepoint   ] Safepoint "Cleanup", Time since last: 1428337300 ns, Reaching safepoint: 1095400 ns, At safepoint: 46300 ns, Total: 1141700 ns
[2022-03-19T08:47:32.998+0000][7][safepoint   ] Safepoint "Cleanup", Time since last: 1659202600 ns, Reaching safepoint: 346800 ns, At safepoint: 66000 ns, Total: 412800 ns
[2022-03-19T08:47:34.018+0000][7][safepoint   ] Safepoint "Cleanup", Time since last: 1010105100 ns, Reaching safepoint: 9106900 ns, At safepoint: 90100 ns, Total: 9197000 ns
[2022-03-19T08:47:35.056+0000][7][safepoint   ] Safepoint "Cleanup", Time since last: 1035012900 ns, Reaching safepoint: 2810000 ns, At safepoint: 57200 ns, Total: 2867200 ns
[2022-03-19T08:47:36.643+0000][7][safepoint   ] Safepoint "Cleanup", Time since last: 1587744200 ns, Reaching safepoint: 184800 ns, At safepoint: 9200 ns, Total: 194000 ns
[2022-03-19T08:47:37.017+0000][7][safepoint   ] Safepoint "ICBufferFull", Time since last: 372837800 ns, Reaching safepoint: 375500 ns, At safepoint: 11000 ns, Total: 386500 ns
[2022-03-19T08:47:37.018+0000][7][safepoint   ] Safepoint "ICBufferFull", Time since last: 752000 ns, Reaching safepoint: 206400 ns, At safepoint: 27300 ns, Total: 233700 ns
[2022-03-19T08:47:38.281+0000][7][safepoint   ] Safepoint "Cleanup", Time since last: 1262717400 ns, Reaching safepoint: 208100 ns, At safepoint: 12900 ns, Total: 221000 ns
[2022-03-19T08:47:39.449+0000][7][safepoint   ] Safepoint "Cleanup", Time since last: 1167777900 ns, Reaching safepoint: 205400 ns, At safepoint: 48800 ns, Total: 254200 ns
[2022-03-19T08:47:41.307+0000][7][safepoint   ] Safepoint "Cleanup", Time since last: 1858350800 ns, Reaching safepoint: 340800 ns, At safepoint: 15600 ns, Total: 356400 ns
[2022-03-19T08:47:42.321+0000][7][safepoint   ] Safepoint "Cleanup", Time since last: 1007956700 ns, Reaching safepoint: 5285800 ns, At safepoint: 96500 ns, Total: 5382300 ns
[2022-03-19T08:47:43.340+0000][7][safepoint   ] Safepoint "Cleanup", Time since last: 1008032500 ns, Reaching safepoint: 10949800 ns, At safepoint: 101600 ns, Total: 11051400 ns
[2022-03-19T08:47:44.365+0000][7][safepoint   ] Safepoint "Cleanup", Time since last: 1024702600 ns, Reaching safepoint: 355200 ns, At safepoint: 51400 ns, Total: 406600 ns
[2022-03-19T08:47:45.496+0000][7][safepoint   ] Safepoint "Cleanup", Time since last: 1011381400 ns, Reaching safepoint: 120081100 ns, At safepoint: 117200 ns, Total: 120198300 ns
[2022-03-19T08:47:46.744+0000][7][safepoint   ] Safepoint "Cleanup", Time since last: 1015046300 ns, Reaching safepoint: 232537100 ns, At safepoint: 223000 ns, Total: 232760100 ns
[2022-03-19T08:47:47.701+0000][7][gc,start    ] GC(11) Pause Young (Concurrent Start) (Metadata GC Threshold)
[2022-03-19T08:47:47.701+0000][7][gc,task     ] GC(11) Using 4 workers of 4 for evacuation
[2022-03-19T08:47:47.702+0000][7][gc,age      ] GC(11) Desired survivor size 44040192 bytes, new threshold 15 (max threshold 15)
[2022-03-19T08:47:47.817+0000][7][gc,age      ] GC(11) Age table with threshold 15 (max threshold 15)
[2022-03-19T08:47:47.817+0000][7][gc,age      ] GC(11) - age   1:   14853176 bytes,   14853176 total
[2022-03-19T08:47:47.817+0000][7][gc,age      ] GC(11) - age   2:    3052416 bytes,   17905592 total
[2022-03-19T08:47:47.818+0000][7][gc,age      ] GC(11) - age   3:    9761568 bytes,   27667160 total
[2022-03-19T08:47:47.818+0000][7][gc,phases   ] GC(11)   Pre Evacuate Collection Set: 0.6ms
[2022-03-19T08:47:47.818+0000][7][gc,phases   ] GC(11)   Merge Heap Roots: 0.3ms
[2022-03-19T08:47:47.819+0000][7][gc,phases   ] GC(11)   Evacuate Collection Set: 93.1ms
[2022-03-19T08:47:47.819+0000][7][gc,phases   ] GC(11)   Post Evacuate Collection Set: 19.7ms
[2022-03-19T08:47:47.820+0000][7][gc,phases   ] GC(11)   Other: 3.5ms
[2022-03-19T08:47:47.820+0000][7][gc,heap     ] GC(11) Eden regions: 80->0(56)
[2022-03-19T08:47:47.820+0000][7][gc,heap     ] GC(11) Survivor regions: 4->7(21)
[2022-03-19T08:47:47.821+0000][7][gc,heap     ] GC(11) Old regions: 11->11
[2022-03-19T08:47:47.821+0000][7][gc,heap     ] GC(11) Archive regions: 2->2
[2022-03-19T08:47:47.821+0000][7][gc,heap     ] GC(11) Humongous regions: 2->2
[2022-03-19T08:47:47.822+0000][7][gc,metaspace] GC(11) Metaspace: 99908K(101376K)->99908K(101376K) NonClass: 85854K(86720K)->85854K(86720K) Class: 14054K(14656K)->14054K(14656K)
[2022-03-19T08:47:47.823+0000][7][gc          ] GC(11) Pause Young (Concurrent Start) (Metadata GC Threshold) 390M->83M(3128M) 121.886ms
[2022-03-19T08:47:47.824+0000][7][gc,cpu      ] GC(11) User=0.39s Sys=0.02s Real=0.12s
[2022-03-19T08:47:47.824+0000][7][gc          ] GC(12) Concurrent Mark Cycle
[2022-03-19T08:47:47.825+0000][7][gc,marking  ] GC(12) Concurrent Clear Claimed Marks
[2022-03-19T08:47:47.826+0000][7][gc,marking  ] GC(12) Concurrent Clear Claimed Marks 0.377ms
[2022-03-19T08:47:47.826+0000][7][gc,marking  ] GC(12) Concurrent Scan Root Regions
[2022-03-19T08:47:47.827+0000][7][safepoint   ] Safepoint "CollectForMetadataAllocation", Time since last: 884441900 ns, Reaching safepoint: 72059100 ns, At safepoint: 126657300 ns, Total: 198716400 ns
[2022-03-19T08:47:47.927+0000][7][gc,marking  ] GC(12) Concurrent Scan Root Regions 101.501ms
[2022-03-19T08:47:47.928+0000][7][gc,marking  ] GC(12) Concurrent Mark
[2022-03-19T08:47:47.928+0000][7][gc,marking  ] GC(12) Concurrent Mark From Roots
[2022-03-19T08:47:47.929+0000][7][gc,task     ] GC(12) Using 1 workers of 1 for marking
[2022-03-19T08:47:48.288+0000][7][safepoint   ] Safepoint "CollectForMetadataAllocation", Time since last: 420825200 ns, Reaching safepoint: 38844400 ns, At safepoint: 675500 ns, Total: 39519900 ns
[2022-03-19T08:47:48.357+0000][7][gc,marking  ] GC(12) Concurrent Mark From Roots 428.693ms
[2022-03-19T08:47:48.359+0000][7][gc,marking  ] GC(12) Concurrent Preclean
[2022-03-19T08:47:48.360+0000][7][gc,marking  ] GC(12) Concurrent Preclean 0.925ms
[2022-03-19T08:47:48.446+0000][7][gc,start    ] GC(12) Pause Remark
[2022-03-19T08:47:48.453+0000][7][gc          ] GC(12) Pause Remark 90M->90M(3128M) 7.178ms
[2022-03-19T08:47:48.454+0000][7][gc,cpu      ] GC(12) User=0.02s Sys=0.00s Real=0.01s
[2022-03-19T08:47:48.455+0000][7][safepoint   ] Safepoint "G1Concurrent", Time since last: 72628900 ns, Reaching safepoint: 85594300 ns, At safepoint: 8639400 ns, Total: 94233700 ns
[2022-03-19T08:47:48.455+0000][7][gc,marking  ] GC(12) Concurrent Mark 527.498ms
[2022-03-19T08:47:48.456+0000][7][gc,marking  ] GC(12) Concurrent Rebuild Remembered Sets
[2022-03-19T08:47:48.457+0000][7][gc,marking  ] GC(12) Concurrent Rebuild Remembered Sets 0.503ms
[2022-03-19T08:47:48.463+0000][7][gc,start    ] GC(12) Pause Cleanup
[2022-03-19T08:47:48.463+0000][7][gc          ] GC(12) Pause Cleanup 90M->90M(3128M) 0.372ms
[2022-03-19T08:47:48.463+0000][7][gc,cpu      ] GC(12) User=0.01s Sys=0.00s Real=0.00s
[2022-03-19T08:47:48.464+0000][7][safepoint   ] Safepoint "G1Concurrent", Time since last: 7379600 ns, Reaching safepoint: 652100 ns, At safepoint: 1083700 ns, Total: 1735800 ns
[2022-03-19T08:47:48.466+0000][7][gc,marking  ] GC(12) Concurrent Cleanup for Next Mark
[2022-03-19T08:47:48.475+0000][7][gc,marking  ] GC(12) Concurrent Cleanup for Next Mark 9.097ms
[2022-03-19T08:47:48.476+0000][7][gc          ] GC(12) Concurrent Mark Cycle 651.411ms
[2022-03-19T08:47:49.581+0000][7][safepoint   ] Safepoint "Cleanup", Time since last: 1002584300 ns, Reaching safepoint: 114060300 ns, At safepoint: 124100 ns, Total: 114184400 ns
[2022-03-19T08:47:50.888+0000][7][safepoint   ] Safepoint "Cleanup", Time since last: 1001691600 ns, Reaching safepoint: 305301000 ns, At safepoint: 294200 ns, Total: 305595200 ns
[2022-03-19T08:47:51.920+0000][7][safepoint   ] Safepoint "Cleanup", Time since last: 1007623700 ns, Reaching safepoint: 24842700 ns, At safepoint: 82300 ns, Total: 24925000 ns
[2022-03-19T08:47:52.928+0000][7][safepoint   ] Safepoint "Cleanup", Time since last: 1000653300 ns, Reaching safepoint: 6750400 ns, At safepoint: 76900 ns, Total: 6827300 ns
[2022-03-19T08:47:53.929+0000][7][safepoint   ] Safepoint "Cleanup", Time since last: 1000516600 ns, Reaching safepoint: 222300 ns, At safepoint: 13800 ns, Total: 236100 ns
[2022-03-19T08:47:55.875+0000][7][safepoint   ] Safepoint "Cleanup", Time since last: 1777915300 ns, Reaching safepoint: 168568500 ns, At safepoint: 93500 ns, Total: 168662000 ns
[2022-03-19T08:47:57.102+0000][7][safepoint   ] Safepoint "Cleanup", Time since last: 1000762800 ns, Reaching safepoint: 224807600 ns, At safepoint: 879800 ns, Total: 225687400 ns
[2022-03-19T08:47:59.635+0000][7][safepoint   ] Safepoint "Cleanup", Time since last: 1874018300 ns, Reaching safepoint: 659634500 ns, At safepoint: 100000 ns, Total: 659734500 ns
[2022-03-19T08:48:01.070+0000][7][safepoint   ] Safepoint "Cleanup", Time since last: 1001687300 ns, Reaching safepoint: 432616300 ns, At safepoint: 100000 ns, Total: 432716300 ns
[2022-03-19T08:48:02.407+0000][7][safepoint   ] Safepoint "Cleanup", Time since last: 1001001700 ns, Reaching safepoint: 336374200 ns, At safepoint: 76500 ns, Total: 336450700 ns
[2022-03-19T08:48:03.464+0000][7][safepoint   ] Safepoint "Cleanup", Time since last: 1000667200 ns, Reaching safepoint: 55952600 ns, At safepoint: 114300 ns, Total: 56066900 ns
[2022-03-19T08:48:04.570+0000][7][safepoint   ] Safepoint "Cleanup", Time since last: 1000866600 ns, Reaching safepoint: 105458700 ns, At safepoint: 96600 ns, Total: 105555300 ns
[2022-03-19T08:48:06.744+0000][7][safepoint   ] Safepoint "Cleanup", Time since last: 2001172400 ns, Reaching safepoint: 172070500 ns, At safepoint: 94600 ns, Total: 172165100 ns
[2022-03-19T08:48:08.837+0000][7][safepoint   ] Safepoint "Cleanup", Time since last: 2001285000 ns, Reaching safepoint: 91545300 ns, At safepoint: 88300 ns, Total: 91633600 ns
[2022-03-19T08:48:10.363+0000][7][safepoint   ] Safepoint "Cleanup", Time since last: 1000916000 ns, Reaching safepoint: 525553500 ns, At safepoint: 111700 ns, Total: 525665200 ns
[2022-03-19T08:48:11.451+0000][7][safepoint   ] Safepoint "Cleanup", Time since last: 1005686000 ns, Reaching safepoint: 82334700 ns, At safepoint: 92500 ns, Total: 82427200 ns
[2022-03-19T08:48:12.488+0000][7][safepoint   ] Safepoint "Cleanup", Time since last: 1000414200 ns, Reaching safepoint: 36460200 ns, At safepoint: 79400 ns, Total: 36539600 ns
[2022-03-19T08:48:13.519+0000][7][safepoint   ] Safepoint "Cleanup", Time since last: 1000787400 ns, Reaching safepoint: 30039600 ns, At safepoint: 44000 ns, Total: 30083600 ns
[2022-03-19T08:48:14.538+0000][7][safepoint   ] Safepoint "Cleanup", Time since last: 1000497900 ns, Reaching safepoint: 18593800 ns, At safepoint: 31700 ns, Total: 18625500 ns
[2022-03-19T08:48:15.571+0000][7][safepoint   ] Safepoint "Cleanup", Time since last: 1000330000 ns, Reaching safepoint: 32514300 ns, At safepoint: 45000 ns, Total: 32559300 ns
[2022-03-19T08:48:16.600+0000][7][safepoint   ] Safepoint "Cleanup", Time since last: 1000332500 ns, Reaching safepoint: 28871900 ns, At safepoint: 45500 ns, Total: 28917400 ns
[2022-03-19T08:48:17.609+0000][7][safepoint   ] Safepoint "Cleanup", Time since last: 1000738800 ns, Reaching safepoint: 7964100 ns, At safepoint: 45000 ns, Total: 8009100 ns
[2022-03-19T08:48:18.632+0000][7][safepoint   ] Safepoint "Cleanup", Time since last: 1000308900 ns, Reaching safepoint: 22927300 ns, At safepoint: 64500 ns, Total: 22991800 ns
[2022-03-19T08:48:19.633+0000][7][safepoint   ] Safepoint "Cleanup", Time since last: 1000618100 ns, Reaching safepoint: 86600 ns, At safepoint: 6800 ns, Total: 93400 ns
[2022-03-19T08:48:20.669+0000][7][safepoint   ] Safepoint "Cleanup", Time since last: 1000479400 ns, Reaching safepoint: 35062700 ns, At safepoint: 45100 ns, Total: 35107800 ns
[2022-03-19T08:48:21.669+0000][7][safepoint   ] Safepoint "Cleanup", Time since last: 1000448500 ns, Reaching safepoint: 122100 ns, At safepoint: 28600 ns, Total: 150700 ns
[2022-03-19T08:48:22.670+0000][7][safepoint   ] Safepoint "Cleanup", Time since last: 1000482400 ns, Reaching safepoint: 74100 ns, At safepoint: 5500 ns, Total: 79600 ns
[2022-03-19T08:48:24.672+0000][7][safepoint   ] Safepoint "Cleanup", Time since last: 2001640800 ns, Reaching safepoint: 173900 ns, At safepoint: 15900 ns, Total: 189800 ns
[2022-03-19T08:48:26.673+0000][7][safepoint   ] Safepoint "Cleanup", Time since last: 2001021100 ns, Reaching safepoint: 222100 ns, At safepoint: 25200 ns, Total: 247300 ns
[2022-03-19T08:48:28.675+0000][7][safepoint   ] Safepoint "Cleanup", Time since last: 2001776100 ns, Reaching safepoint: 134800 ns, At safepoint: 17900 ns, Total: 152700 ns
[2022-03-19T08:48:29.676+0000][7][safepoint   ] Safepoint "Cleanup", Time since last: 1001190600 ns, Reaching safepoint: 123500 ns, At safepoint: 8400 ns, Total: 131900 ns
[2022-03-19T08:48:31.678+0000][7][safepoint   ] Safepoint "Cleanup", Time since last: 2002034100 ns, Reaching safepoint: 124900 ns, At safepoint: 8000 ns, Total: 132900 ns
[2022-03-19T08:48:32.680+0000][7][safepoint   ] Safepoint "Cleanup", Time since last: 1001237400 ns, Reaching safepoint: 118700 ns, At safepoint: 8600 ns, Total: 127300 ns
[2022-03-19T08:48:35.682+0000][7][safepoint   ] Safepoint "Cleanup", Time since last: 3002139600 ns, Reaching safepoint: 120700 ns, At safepoint: 8700 ns, Total: 129400 ns
[2022-03-19T08:48:36.683+0000][7][safepoint   ] Safepoint "Cleanup", Time since last: 1000655100 ns, Reaching safepoint: 151200 ns, At safepoint: 38700 ns, Total: 189900 ns
[2022-03-19T08:48:39.685+0000][7][safepoint   ] Safepoint "Cleanup", Time since last: 3002224900 ns, Reaching safepoint: 126600 ns, At safepoint: 8500 ns, Total: 135100 ns
[2022-03-19T08:48:40.686+0000][7][safepoint   ] Safepoint "Cleanup", Time since last: 1000713500 ns, Reaching safepoint: 108300 ns, At safepoint: 10100 ns, Total: 118400 ns
[2022-03-19T08:48:41.688+0000][7][safepoint   ] Safepoint "Cleanup", Time since last: 1001226100 ns, Reaching safepoint: 230600 ns, At safepoint: 25200 ns, Total: 255800 ns
[2022-03-19T08:48:58.704+0000][7][safepoint   ] Safepoint "Cleanup", Time since last: 17016327300 ns, Reaching safepoint: 146800 ns, At safepoint: 8500 ns, Total: 155300 ns
[2022-03-19T08:49:02.685+0000][7][gc,start    ] GC(13) Pause Young (Concurrent Start) (G1 Evacuation Pause)
[2022-03-19T08:49:02.685+0000][7][gc,task     ] GC(13) Using 4 workers of 4 for evacuation
[2022-03-19T08:49:02.686+0000][7][gc,age      ] GC(13) Desired survivor size 16777216 bytes, new threshold 2 (max threshold 15)
[2022-03-19T08:49:02.726+0000][7][gc,age      ] GC(13) Age table with threshold 2 (max threshold 15)
[2022-03-19T08:49:02.727+0000][7][gc,age      ] GC(13) - age   1:    1314008 bytes,    1314008 total
[2022-03-19T08:49:02.727+0000][7][gc,age      ] GC(13) - age   2:   14318112 bytes,   15632120 total
[2022-03-19T08:49:02.728+0000][7][gc,phases   ] GC(13)   Pre Evacuate Collection Set: 0.3ms
[2022-03-19T08:49:02.728+0000][7][gc,phases   ] GC(13)   Merge Heap Roots: 0.2ms
[2022-03-19T08:49:02.728+0000][7][gc,phases   ] GC(13)   Evacuate Collection Set: 38.1ms
[2022-03-19T08:49:02.729+0000][7][gc,phases   ] GC(13)   Post Evacuate Collection Set: 1.8ms
[2022-03-19T08:49:02.729+0000][7][gc,phases   ] GC(13)   Other: 2.4ms
[2022-03-19T08:49:02.729+0000][7][gc,heap     ] GC(13) Eden regions: 53->0(176)
[2022-03-19T08:49:02.729+0000][7][gc,heap     ] GC(13) Survivor regions: 7->5(8)
[2022-03-19T08:49:02.729+0000][7][gc,heap     ] GC(13) Old regions: 11->14
[2022-03-19T08:49:02.730+0000][7][gc,heap     ] GC(13) Archive regions: 2->2
[2022-03-19T08:49:02.730+0000][7][gc,heap     ] GC(13) Humongous regions: 2->2
[2022-03-19T08:49:02.730+0000][7][gc,metaspace] GC(13) Metaspace: 102186K(103680K)->102186K(103680K) NonClass: 87808K(88640K)->87808K(88640K) Class: 14377K(15040K)->14377K(15040K)
[2022-03-19T08:49:02.730+0000][7][gc          ] GC(13) Pause Young (Concurrent Start) (G1 Evacuation Pause) 295M->85M(3128M) 45.143ms
[2022-03-19T08:49:02.730+0000][7][gc,cpu      ] GC(13) User=0.16s Sys=0.00s Real=0.05s
[2022-03-19T08:49:02.730+0000][7][gc          ] GC(14) Concurrent Mark Cycle
[2022-03-19T08:49:02.731+0000][7][gc,marking  ] GC(14) Concurrent Clear Claimed Marks
[2022-03-19T08:49:02.730+0000][7][safepoint   ] Safepoint "G1CollectForAllocation", Time since last: 3980670400 ns, Reaching safepoint: 89300 ns, At safepoint: 45556300 ns, Total: 45645600 ns
[2022-03-19T08:49:02.732+0000][7][gc,marking  ] GC(14) Concurrent Clear Claimed Marks 1.891ms
[2022-03-19T08:49:02.733+0000][7][gc,marking  ] GC(14) Concurrent Scan Root Regions
[2022-03-19T08:49:02.755+0000][7][gc,marking  ] GC(14) Concurrent Scan Root Regions 22.663ms
[2022-03-19T08:49:02.756+0000][7][gc,marking  ] GC(14) Concurrent Mark
[2022-03-19T08:49:02.756+0000][7][gc,marking  ] GC(14) Concurrent Mark From Roots
[2022-03-19T08:49:02.756+0000][7][gc,task     ] GC(14) Using 1 workers of 1 for marking
[2022-03-19T08:49:02.821+0000][7][gc,marking  ] GC(14) Concurrent Mark From Roots 64.775ms
[2022-03-19T08:49:02.821+0000][7][gc,marking  ] GC(14) Concurrent Preclean
[2022-03-19T08:49:02.822+0000][7][gc,marking  ] GC(14) Concurrent Preclean 0.477ms
[2022-03-19T08:49:02.822+0000][7][gc,start    ] GC(14) Pause Remark
[2022-03-19T08:49:02.828+0000][7][gc          ] GC(14) Pause Remark 86M->86M(3128M) 5.790ms
[2022-03-19T08:49:02.829+0000][7][gc,cpu      ] GC(14) User=0.01s Sys=0.00s Real=0.00s
[2022-03-19T08:49:02.829+0000][7][safepoint   ] Safepoint "G1Concurrent", Time since last: 91725900 ns, Reaching safepoint: 100900 ns, At safepoint: 6656300 ns, Total: 6757200 ns
[2022-03-19T08:49:02.829+0000][7][gc,marking  ] GC(14) Concurrent Mark 73.487ms
[2022-03-19T08:49:02.830+0000][7][gc,marking  ] GC(14) Concurrent Rebuild Remembered Sets
[2022-03-19T08:49:02.830+0000][7][gc,marking  ] GC(14) Concurrent Rebuild Remembered Sets 0.359ms
[2022-03-19T08:49:02.831+0000][7][gc,start    ] GC(14) Pause Cleanup
[2022-03-19T08:49:02.831+0000][7][gc          ] GC(14) Pause Cleanup 86M->86M(3128M) 0.254ms
[2022-03-19T08:49:02.831+0000][7][gc,cpu      ] GC(14) User=0.00s Sys=0.00s Real=0.00s
[2022-03-19T08:49:02.831+0000][7][safepoint   ] Safepoint "G1Concurrent", Time since last: 1518000 ns, Reaching safepoint: 99600 ns, At safepoint: 736300 ns, Total: 835900 ns
[2022-03-19T08:49:02.831+0000][7][gc,marking  ] GC(14) Concurrent Cleanup for Next Mark
[2022-03-19T08:49:02.835+0000][7][gc,marking  ] GC(14) Concurrent Cleanup for Next Mark 3.925ms
[2022-03-19T08:49:02.836+0000][7][gc          ] GC(14) Concurrent Mark Cycle 105.322ms
[2022-03-19T08:49:03.832+0000][7][safepoint   ] Safepoint "Cleanup", Time since last: 1000759500 ns, Reaching safepoint: 118700 ns, At safepoint: 7500 ns, Total: 126200 ns
[2022-03-19T08:49:04.833+0000][7][safepoint   ] Safepoint "Cleanup", Time since last: 1001140700 ns, Reaching safepoint: 129200 ns, At safepoint: 9200 ns, Total: 138400 ns
[2022-03-19T08:49:06.835+0000][7][safepoint   ] Safepoint "Cleanup", Time since last: 2001729900 ns, Reaching safepoint: 139600 ns, At safepoint: 10900 ns, Total: 150500 ns
[2022-03-19T08:49:07.837+0000][7][safepoint   ] Safepoint "Cleanup", Time since last: 1001144300 ns, Reaching safepoint: 120400 ns, At safepoint: 7300 ns, Total: 127700 ns
[2022-03-19T08:49:09.838+0000][7][safepoint   ] Safepoint "Cleanup", Time since last: 2001265600 ns, Reaching safepoint: 123800 ns, At safepoint: 10100 ns, Total: 133900 ns
[2022-03-19T08:49:11.840+0000][7][safepoint   ] Safepoint "Cleanup", Time since last: 2001560000 ns, Reaching safepoint: 135600 ns, At safepoint: 11100 ns, Total: 146700 ns
[2022-03-19T08:49:13.842+0000][7][safepoint   ] Safepoint "Cleanup", Time since last: 2001831400 ns, Reaching safepoint: 118600 ns, At safepoint: 9900 ns, Total: 128500 ns
[2022-03-19T08:49:14.843+0000][7][safepoint   ] Safepoint "Cleanup", Time since last: 1001235200 ns, Reaching safepoint: 295500 ns, At safepoint: 29300 ns, Total: 324800 ns
[2022-03-19T08:49:16.845+0000][7][safepoint   ] Safepoint "Cleanup", Time since last: 2001396400 ns, Reaching safepoint: 198700 ns, At safepoint: 25400 ns, Total: 224100 ns
[2022-03-19T08:49:21.847+0000][7][safepoint   ] Safepoint "Cleanup", Time since last: 5001703400 ns, Reaching safepoint: 126800 ns, At safepoint: 8100 ns, Total: 134900 ns
[2022-03-19T08:49:22.852+0000][7][safepoint   ] Safepoint "Cleanup", Time since last: 1004782500 ns, Reaching safepoint: 175600 ns, At safepoint: 16900 ns, Total: 192500 ns
[2022-03-19T08:49:25.853+0000][7][safepoint   ] Safepoint "Cleanup", Time since last: 3001607800 ns, Reaching safepoint: 120100 ns, At safepoint: 8800 ns, Total: 128900 ns
[2022-03-19T08:49:26.854+0000][7][safepoint   ] Safepoint "Cleanup", Time since last: 1000680700 ns, Reaching safepoint: 82300 ns, At safepoint: 6900 ns, Total: 89200 ns
[2022-03-19T08:49:27.487+0000][7][gc,heap,exit] Heap
[2022-03-19T08:49:27.487+0000][7][gc,heap,exit]  garbage-first heap   total 3203072K, used 142173K [0x000000073c800000, 0x0000000800000000)
[2022-03-19T08:49:27.487+0000][7][gc,heap,exit]   region size 4096K, 19 young (77824K), 5 survivors (20480K)
[2022-03-19T08:49:27.488+0000][7][gc,heap,exit]  Metaspace       used 102406K, committed 103936K, reserved 1138688K
[2022-03-19T08:49:27.488+0000][7][gc,heap,exit]   class space    used 14417K, committed 15040K, reserved 1048576K
