[2022-03-19T08:50:25.388+0000][172][gc] Using G1
[2022-03-19T08:50:25.406+0000][172][gc,init] Version: 17.0.1+12 (release)
[2022-03-19T08:50:25.407+0000][172][gc,init] CPUs: 4 total, 4 available
[2022-03-19T08:50:25.407+0000][172][gc,init] Memory: 6251M
[2022-03-19T08:50:25.408+0000][172][gc,init] Large Page Support: Disabled
[2022-03-19T08:50:25.408+0000][172][gc,init] NUMA Support: Disabled
[2022-03-19T08:50:25.409+0000][172][gc,init] Compressed Oops: Enabled (Zero based)
[2022-03-19T08:50:25.410+0000][172][gc,init] Heap Region Size: 2M
[2022-03-19T08:50:25.411+0000][172][gc,init] Heap Min Capacity: 3126M
[2022-03-19T08:50:25.412+0000][172][gc,init] Heap Initial Capacity: 3126M
[2022-03-19T08:50:25.413+0000][172][gc,init] Heap Max Capacity: 3126M
[2022-03-19T08:50:25.413+0000][172][gc,init] Pre-touch: Disabled
[2022-03-19T08:50:25.414+0000][172][gc,init] Parallel Workers: 4
[2022-03-19T08:50:25.415+0000][172][gc,init] Concurrent Workers: 1
[2022-03-19T08:50:25.415+0000][172][gc,init] Concurrent Refinement Workers: 4
[2022-03-19T08:50:25.416+0000][172][gc,init] Periodic GC: Disabled
[2022-03-19T08:50:25.416+0000][172][gc,metaspace] CDS archive(s) not mapped
[2022-03-19T08:50:25.418+0000][172][gc,metaspace] Compressed class space mapped at: 0x00000007c0000000-0x0000000800000000, reserved size: 1073741824
[2022-03-19T08:50:25.419+0000][172][gc,metaspace] Narrow klass base: 0x0000000000000000, Narrow klass shift: 3, Narrow klass range: 0x800000000
[2022-03-19T08:50:25.691+0000][172][gc,heap,exit] Heap
[2022-03-19T08:50:25.691+0000][172][gc,heap,exit]  garbage-first heap   total 3201024K, used 3074K [0x00000006fca00000, 0x00000007c0000000)
[2022-03-19T08:50:25.691+0000][172][gc,heap,exit]   region size 2048K, 2 young (4096K), 0 survivors (0K)
[2022-03-19T08:50:25.691+0000][172][gc,heap,exit]  Metaspace       used 3474K, committed 3520K, reserved 1056768K
[2022-03-19T08:50:25.692+0000][172][gc,heap,exit]   class space    used 277K, committed 320K, reserved 1048576K
