[2022-03-19T08:38:14.227+0000][7][gc] Using G1
[2022-03-19T08:38:28.367+0000][7][gc,init] Version: 17.0.1+12 (release)
[2022-03-19T08:38:28.369+0000][7][gc,init] CPUs: 4 total, 4 available
[2022-03-19T08:38:28.372+0000][7][gc,init] Memory: 6251M
[2022-03-19T08:38:28.373+0000][7][gc,init] Large Page Support: Disabled
[2022-03-19T08:38:28.373+0000][7][gc,init] NUMA Support: Disabled
[2022-03-19T08:38:28.374+0000][7][gc,init] Compressed Oops: Enabled (Zero based)
[2022-03-19T08:38:28.374+0000][7][gc,init] Heap Region Size: 4M
[2022-03-19T08:38:28.374+0000][7][gc,init] Heap Min Capacity: 3128M
[2022-03-19T08:38:28.375+0000][7][gc,init] Heap Initial Capacity: 3128M
[2022-03-19T08:38:28.376+0000][7][gc,init] Heap Max Capacity: 3128M
[2022-03-19T08:38:28.376+0000][7][gc,init] Pre-touch: Enabled
[2022-03-19T08:38:28.377+0000][7][gc,init] Parallel Workers: 4
[2022-03-19T08:38:28.377+0000][7][gc,init] Concurrent Workers: 1
[2022-03-19T08:38:28.377+0000][7][gc,init] Concurrent Refinement Workers: 4
[2022-03-19T08:38:28.377+0000][7][gc,init] Periodic GC: Disabled
[2022-03-19T08:38:28.379+0000][7][gc,metaspace] CDS archive(s) mapped at: [0x0000000800000000-0x0000000800bd1000-0x0000000800bd1000), size 12390400, SharedBaseAddress: 0x0000000800000000, ArchiveRelocationMode: 0.
[2022-03-19T08:38:28.380+0000][7][gc,metaspace] Compressed class space mapped at: 0x0000000800c00000-0x0000000840c00000, reserved size: 1073741824
[2022-03-19T08:38:28.380+0000][7][gc,metaspace] Narrow klass base: 0x0000000800000000, Narrow klass shift: 0, Narrow klass range: 0x100000000
[2022-03-19T08:38:29.691+0000][7][safepoint   ] Safepoint "Cleanup", Time since last: 1209422300 ns, Reaching safepoint: 176800 ns, At safepoint: 47800 ns, Total: 224600 ns
[2022-03-19T08:38:31.189+0000][7][safepoint   ] Safepoint "Cleanup", Time since last: 1463645600 ns, Reaching safepoint: 34496400 ns, At safepoint: 42600 ns, Total: 34539000 ns
[2022-03-19T08:38:32.341+0000][7][safepoint   ] Safepoint "Cleanup", Time since last: 1151989700 ns, Reaching safepoint: 137800 ns, At safepoint: 28700 ns, Total: 166500 ns
[2022-03-19T08:38:33.172+0000][7][safepoint   ] Safepoint "ICBufferFull", Time since last: 829943700 ns, Reaching safepoint: 426700 ns, At safepoint: 13700 ns, Total: 440400 ns
[2022-03-19T08:38:34.172+0000][7][safepoint   ] Safepoint "Cleanup", Time since last: 1000602500 ns, Reaching safepoint: 202700 ns, At safepoint: 5900 ns, Total: 208600 ns
[2022-03-19T08:38:34.433+0000][7][gc,start    ] GC(0) Pause Young (Normal) (G1 Evacuation Pause)
[2022-03-19T08:38:34.433+0000][7][gc,task     ] GC(0) Using 4 workers of 4 for evacuation
[2022-03-19T08:38:34.433+0000][7][gc,age      ] GC(0) Desired survivor size 10485760 bytes, new threshold 15 (max threshold 15)
[2022-03-19T08:38:34.454+0000][7][gc,age      ] GC(0) Age table with threshold 15 (max threshold 15)
[2022-03-19T08:38:34.454+0000][7][gc,age      ] GC(0) - age   1:    9857464 bytes,    9857464 total
[2022-03-19T08:38:34.454+0000][7][gc,phases   ] GC(0)   Pre Evacuate Collection Set: 0.3ms
[2022-03-19T08:38:34.455+0000][7][gc,phases   ] GC(0)   Merge Heap Roots: 0.6ms
[2022-03-19T08:38:34.455+0000][7][gc,phases   ] GC(0)   Evacuate Collection Set: 16.7ms
[2022-03-19T08:38:34.455+0000][7][gc,phases   ] GC(0)   Post Evacuate Collection Set: 2.1ms
[2022-03-19T08:38:34.455+0000][7][gc,phases   ] GC(0)   Other: 6.2ms
[2022-03-19T08:38:34.456+0000][7][gc,heap     ] GC(0) Eden regions: 39->0(36)
[2022-03-19T08:38:34.456+0000][7][gc,heap     ] GC(0) Survivor regions: 0->3(5)
[2022-03-19T08:38:34.456+0000][7][gc,heap     ] GC(0) Old regions: 0->0
[2022-03-19T08:38:34.456+0000][7][gc,heap     ] GC(0) Archive regions: 2->2
[2022-03-19T08:38:34.456+0000][7][gc,heap     ] GC(0) Humongous regions: 0->0
[2022-03-19T08:38:34.456+0000][7][gc,metaspace] GC(0) Metaspace: 15781K(16000K)->15781K(16000K) NonClass: 13922K(14080K)->13922K(14080K) Class: 1858K(1920K)->1858K(1920K)
[2022-03-19T08:38:34.457+0000][7][gc          ] GC(0) Pause Young (Normal) (G1 Evacuation Pause) 159M->13M(3128M) 24.111ms
[2022-03-19T08:38:34.457+0000][7][gc,cpu      ] GC(0) User=0.07s Sys=0.00s Real=0.02s
[2022-03-19T08:38:34.457+0000][7][safepoint   ] Safepoint "G1CollectForAllocation", Time since last: 253795100 ns, Reaching safepoint: 1664900 ns, At safepoint: 29598600 ns, Total: 31263500 ns
[2022-03-19T08:38:35.009+0000][7][safepoint   ] Safepoint "ICBufferFull", Time since last: 551538000 ns, Reaching safepoint: 171500 ns, At safepoint: 6300 ns, Total: 177800 ns
[2022-03-19T08:38:35.011+0000][7][safepoint   ] Safepoint "ICBufferFull", Time since last: 1643800 ns, Reaching safepoint: 117400 ns, At safepoint: 29800 ns, Total: 147200 ns
[2022-03-19T08:38:35.014+0000][7][safepoint   ] Safepoint "ICBufferFull", Time since last: 3151700 ns, Reaching safepoint: 123300 ns, At safepoint: 32100 ns, Total: 155400 ns
[2022-03-19T08:38:35.016+0000][7][safepoint   ] Safepoint "ICBufferFull", Time since last: 1259700 ns, Reaching safepoint: 125600 ns, At safepoint: 5700 ns, Total: 131300 ns
[2022-03-19T08:38:35.017+0000][7][safepoint   ] Safepoint "ICBufferFull", Time since last: 1487000 ns, Reaching safepoint: 87200 ns, At safepoint: 4000 ns, Total: 91200 ns
[2022-03-19T08:38:35.396+0000][7][safepoint   ] Safepoint "ICBufferFull", Time since last: 378489800 ns, Reaching safepoint: 155900 ns, At safepoint: 10500 ns, Total: 166400 ns
[2022-03-19T08:38:35.484+0000][7][gc,start    ] GC(1) Pause Young (Normal) (G1 Evacuation Pause)
[2022-03-19T08:38:35.484+0000][7][gc,task     ] GC(1) Using 4 workers of 4 for evacuation
[2022-03-19T08:38:35.484+0000][7][gc,age      ] GC(1) Desired survivor size 10485760 bytes, new threshold 15 (max threshold 15)
[2022-03-19T08:38:35.499+0000][7][gc,age      ] GC(1) Age table with threshold 15 (max threshold 15)
[2022-03-19T08:38:35.499+0000][7][gc,age      ] GC(1) - age   1:    3817144 bytes,    3817144 total
[2022-03-19T08:38:35.499+0000][7][gc,age      ] GC(1) - age   2:    7822792 bytes,   11639936 total
[2022-03-19T08:38:35.500+0000][7][gc,phases   ] GC(1)   Pre Evacuate Collection Set: 0.1ms
[2022-03-19T08:38:35.500+0000][7][gc,phases   ] GC(1)   Merge Heap Roots: 0.1ms
[2022-03-19T08:38:35.500+0000][7][gc,phases   ] GC(1)   Evacuate Collection Set: 12.7ms
[2022-03-19T08:38:35.500+0000][7][gc,phases   ] GC(1)   Post Evacuate Collection Set: 1.0ms
[2022-03-19T08:38:35.501+0000][7][gc,phases   ] GC(1)   Other: 2.2ms
[2022-03-19T08:38:35.501+0000][7][gc,heap     ] GC(1) Eden regions: 36->0(36)
[2022-03-19T08:38:35.501+0000][7][gc,heap     ] GC(1) Survivor regions: 3->3(5)
[2022-03-19T08:38:35.501+0000][7][gc,heap     ] GC(1) Old regions: 0->0
[2022-03-19T08:38:35.502+0000][7][gc,heap     ] GC(1) Archive regions: 2->2
[2022-03-19T08:38:35.502+0000][7][gc,heap     ] GC(1) Humongous regions: 0->0
[2022-03-19T08:38:35.502+0000][7][gc,metaspace] GC(1) Metaspace: 17722K(18048K)->17722K(18048K) NonClass: 15583K(15744K)->15583K(15744K) Class: 2138K(2304K)->2138K(2304K)
[2022-03-19T08:38:35.503+0000][7][gc          ] GC(1) Pause Young (Normal) (G1 Evacuation Pause) 157M->15M(3128M) 18.807ms
[2022-03-19T08:38:35.503+0000][7][gc,cpu      ] GC(1) User=0.04s Sys=0.01s Real=0.02s
[2022-03-19T08:38:35.503+0000][7][safepoint   ] Safepoint "G1CollectForAllocation", Time since last: 87683600 ns, Reaching safepoint: 145800 ns, At safepoint: 19613800 ns, Total: 19759600 ns
[2022-03-19T08:38:35.905+0000][7][gc,start    ] GC(2) Pause Young (Normal) (G1 Evacuation Pause)
[2022-03-19T08:38:35.905+0000][7][gc,task     ] GC(2) Using 4 workers of 4 for evacuation
[2022-03-19T08:38:35.906+0000][7][gc,age      ] GC(2) Desired survivor size 10485760 bytes, new threshold 2 (max threshold 15)
[2022-03-19T08:38:35.959+0000][7][gc,age      ] GC(2) Age table with threshold 2 (max threshold 15)
[2022-03-19T08:38:35.959+0000][7][gc,age      ] GC(2) - age   1:    2721216 bytes,    2721216 total
[2022-03-19T08:38:35.959+0000][7][gc,age      ] GC(2) - age   2:    3059320 bytes,    5780536 total
[2022-03-19T08:38:35.960+0000][7][gc,phases   ] GC(2)   Pre Evacuate Collection Set: 0.2ms
[2022-03-19T08:38:35.960+0000][7][gc,phases   ] GC(2)   Merge Heap Roots: 0.1ms
[2022-03-19T08:38:35.960+0000][7][gc,phases   ] GC(2)   Evacuate Collection Set: 51.5ms
[2022-03-19T08:38:35.967+0000][7][gc,phases   ] GC(2)   Post Evacuate Collection Set: 1.0ms
[2022-03-19T08:38:35.967+0000][7][gc,phases   ] GC(2)   Other: 1.6ms
[2022-03-19T08:38:35.967+0000][7][gc,heap     ] GC(2) Eden regions: 36->0(49)
[2022-03-19T08:38:35.968+0000][7][gc,heap     ] GC(2) Survivor regions: 3->2(5)
[2022-03-19T08:38:35.968+0000][7][gc,heap     ] GC(2) Old regions: 0->2
[2022-03-19T08:38:35.968+0000][7][gc,heap     ] GC(2) Archive regions: 2->2
[2022-03-19T08:38:35.968+0000][7][gc,heap     ] GC(2) Humongous regions: 0->0
[2022-03-19T08:38:35.968+0000][7][gc,metaspace] GC(2) Metaspace: 18218K(18560K)->18218K(18560K) NonClass: 15990K(16192K)->15990K(16192K) Class: 2228K(2368K)->2228K(2368K)
[2022-03-19T08:38:35.969+0000][7][gc          ] GC(2) Pause Young (Normal) (G1 Evacuation Pause) 159M->18M(3128M) 63.626ms
[2022-03-19T08:38:35.969+0000][7][gc,cpu      ] GC(2) User=0.18s Sys=0.01s Real=0.06s
[2022-03-19T08:38:35.969+0000][7][safepoint   ] Safepoint "G1CollectForAllocation", Time since last: 401691800 ns, Reaching safepoint: 98500 ns, At safepoint: 64259500 ns, Total: 64358000 ns
[2022-03-19T08:38:36.448+0000][7][gc,start    ] GC(3) Pause Young (Normal) (G1 Evacuation Pause)
[2022-03-19T08:38:36.448+0000][7][gc,task     ] GC(3) Using 4 workers of 4 for evacuation
[2022-03-19T08:38:36.448+0000][7][gc,age      ] GC(3) Desired survivor size 14680064 bytes, new threshold 15 (max threshold 15)
[2022-03-19T08:38:36.459+0000][7][gc,age      ] GC(3) Age table with threshold 15 (max threshold 15)
[2022-03-19T08:38:36.459+0000][7][gc,age      ] GC(3) - age   1:    5221784 bytes,    5221784 total
[2022-03-19T08:38:36.459+0000][7][gc,age      ] GC(3) - age   2:     918496 bytes,    6140280 total
[2022-03-19T08:38:36.459+0000][7][gc,age      ] GC(3) - age   3:    3058792 bytes,    9199072 total
[2022-03-19T08:38:36.459+0000][7][gc,phases   ] GC(3)   Pre Evacuate Collection Set: 0.2ms
[2022-03-19T08:38:36.460+0000][7][gc,phases   ] GC(3)   Merge Heap Roots: 0.1ms
[2022-03-19T08:38:36.460+0000][7][gc,phases   ] GC(3)   Evacuate Collection Set: 8.9ms
[2022-03-19T08:38:36.460+0000][7][gc,phases   ] GC(3)   Post Evacuate Collection Set: 0.7ms
[2022-03-19T08:38:36.460+0000][7][gc,phases   ] GC(3)   Other: 1.9ms
[2022-03-19T08:38:36.460+0000][7][gc,heap     ] GC(3) Eden regions: 49->0(74)
[2022-03-19T08:38:36.461+0000][7][gc,heap     ] GC(3) Survivor regions: 2->3(7)
[2022-03-19T08:38:36.461+0000][7][gc,heap     ] GC(3) Old regions: 2->2
[2022-03-19T08:38:36.461+0000][7][gc,heap     ] GC(3) Archive regions: 2->2
[2022-03-19T08:38:36.461+0000][7][gc,heap     ] GC(3) Humongous regions: 0->0
[2022-03-19T08:38:36.461+0000][7][gc,metaspace] GC(3) Metaspace: 18706K(19072K)->18706K(19072K) NonClass: 16429K(16640K)->16429K(16640K) Class: 2277K(2432K)->2277K(2432K)
[2022-03-19T08:38:36.462+0000][7][gc          ] GC(3) Pause Young (Normal) (G1 Evacuation Pause) 214M->20M(3128M) 14.074ms
[2022-03-19T08:38:36.462+0000][7][gc,cpu      ] GC(3) User=0.04s Sys=0.00s Real=0.02s
[2022-03-19T08:38:36.462+0000][7][safepoint   ] Safepoint "G1CollectForAllocation", Time since last: 478216400 ns, Reaching safepoint: 92600 ns, At safepoint: 14748100 ns, Total: 14840700 ns
[2022-03-19T08:38:37.215+0000][7][gc,start    ] GC(4) Pause Young (Normal) (G1 Evacuation Pause)
[2022-03-19T08:38:37.215+0000][7][gc,task     ] GC(4) Using 4 workers of 4 for evacuation
[2022-03-19T08:38:37.216+0000][7][gc,age      ] GC(4) Desired survivor size 20971520 bytes, new threshold 15 (max threshold 15)
[2022-03-19T08:38:37.223+0000][7][gc,age      ] GC(4) Age table with threshold 15 (max threshold 15)
[2022-03-19T08:38:37.224+0000][7][gc,age      ] GC(4) - age   1:    1685680 bytes,    1685680 total
[2022-03-19T08:38:37.224+0000][7][gc,age      ] GC(4) - age   2:    3144528 bytes,    4830208 total
[2022-03-19T08:38:37.224+0000][7][gc,age      ] GC(4) - age   3:     917472 bytes,    5747680 total
[2022-03-19T08:38:37.225+0000][7][gc,age      ] GC(4) - age   4:    3058376 bytes,    8806056 total
[2022-03-19T08:38:37.225+0000][7][gc,phases   ] GC(4)   Pre Evacuate Collection Set: 0.2ms
[2022-03-19T08:38:37.225+0000][7][gc,phases   ] GC(4)   Merge Heap Roots: 0.1ms
[2022-03-19T08:38:37.226+0000][7][gc,phases   ] GC(4)   Evacuate Collection Set: 6.0ms
[2022-03-19T08:38:37.226+0000][7][gc,phases   ] GC(4)   Post Evacuate Collection Set: 0.9ms
[2022-03-19T08:38:37.226+0000][7][gc,phases   ] GC(4)   Other: 2.7ms
[2022-03-19T08:38:37.227+0000][7][gc,heap     ] GC(4) Eden regions: 74->0(352)
[2022-03-19T08:38:37.227+0000][7][gc,heap     ] GC(4) Survivor regions: 3->3(10)
[2022-03-19T08:38:37.227+0000][7][gc,heap     ] GC(4) Old regions: 2->2
[2022-03-19T08:38:37.227+0000][7][gc,heap     ] GC(4) Archive regions: 2->2
[2022-03-19T08:38:37.228+0000][7][gc,heap     ] GC(4) Humongous regions: 0->0
[2022-03-19T08:38:37.228+0000][7][gc,metaspace] GC(4) Metaspace: 19635K(20032K)->19635K(20032K) NonClass: 17225K(17472K)->17225K(17472K) Class: 2409K(2560K)->2409K(2560K)
[2022-03-19T08:38:37.228+0000][7][gc          ] GC(4) Pause Young (Normal) (G1 Evacuation Pause) 316M->20M(3128M) 13.098ms
[2022-03-19T08:38:37.228+0000][7][gc,cpu      ] GC(4) User=0.02s Sys=0.01s Real=0.01s
[2022-03-19T08:38:37.229+0000][7][safepoint   ] Safepoint "G1CollectForAllocation", Time since last: 752480500 ns, Reaching safepoint: 207300 ns, At safepoint: 13617300 ns, Total: 13824600 ns
[2022-03-19T08:38:38.331+0000][7][safepoint   ] Safepoint "ICBufferFull", Time since last: 1102449900 ns, Reaching safepoint: 267400 ns, At safepoint: 48300 ns, Total: 315700 ns
[2022-03-19T08:38:38.549+0000][7][gc,start    ] GC(5) Pause Young (Concurrent Start) (Metadata GC Threshold)
[2022-03-19T08:38:38.550+0000][7][gc,task     ] GC(5) Using 4 workers of 4 for evacuation
[2022-03-19T08:38:38.550+0000][7][gc,age      ] GC(5) Desired survivor size 94371840 bytes, new threshold 15 (max threshold 15)
[2022-03-19T08:38:38.561+0000][7][gc,age      ] GC(5) Age table with threshold 15 (max threshold 15)
[2022-03-19T08:38:38.562+0000][7][gc,age      ] GC(5) - age   1:    3021224 bytes,    3021224 total
[2022-03-19T08:38:38.562+0000][7][gc,age      ] GC(5) - age   2:     657960 bytes,    3679184 total
[2022-03-19T08:38:38.562+0000][7][gc,age      ] GC(5) - age   3:    3143120 bytes,    6822304 total
[2022-03-19T08:38:38.563+0000][7][gc,age      ] GC(5) - age   4:     914552 bytes,    7736856 total
[2022-03-19T08:38:38.563+0000][7][gc,age      ] GC(5) - age   5:    3055912 bytes,   10792768 total
[2022-03-19T08:38:38.563+0000][7][gc,phases   ] GC(5)   Pre Evacuate Collection Set: 0.8ms
[2022-03-19T08:38:38.563+0000][7][gc,phases   ] GC(5)   Merge Heap Roots: 0.2ms
[2022-03-19T08:38:38.564+0000][7][gc,phases   ] GC(5)   Evacuate Collection Set: 4.6ms
[2022-03-19T08:38:38.564+0000][7][gc,phases   ] GC(5)   Post Evacuate Collection Set: 0.9ms
[2022-03-19T08:38:38.564+0000][7][gc,phases   ] GC(5)   Other: 7.3ms
[2022-03-19T08:38:38.564+0000][7][gc,heap     ] GC(5) Eden regions: 173->0(466)
[2022-03-19T08:38:38.564+0000][7][gc,heap     ] GC(5) Survivor regions: 3->3(45)
[2022-03-19T08:38:38.565+0000][7][gc,heap     ] GC(5) Old regions: 2->2
[2022-03-19T08:38:38.565+0000][7][gc,heap     ] GC(5) Archive regions: 2->2
[2022-03-19T08:38:38.565+0000][7][gc,heap     ] GC(5) Humongous regions: 0->0
[2022-03-19T08:38:38.565+0000][7][gc,metaspace] GC(5) Metaspace: 20984K(21504K)->20984K(21504K) NonClass: 18384K(18688K)->18384K(18688K) Class: 2600K(2816K)->2600K(2816K)
[2022-03-19T08:38:38.565+0000][7][gc          ] GC(5) Pause Young (Concurrent Start) (Metadata GC Threshold) 710M->22M(3128M) 15.959ms
[2022-03-19T08:38:38.566+0000][7][gc,cpu      ] GC(5) User=0.04s Sys=0.00s Real=0.02s
[2022-03-19T08:38:38.566+0000][7][gc          ] GC(6) Concurrent Mark Cycle
[2022-03-19T08:38:38.566+0000][7][gc,marking  ] GC(6) Concurrent Clear Claimed Marks
[2022-03-19T08:38:38.567+0000][7][gc,marking  ] GC(6) Concurrent Clear Claimed Marks 0.500ms
[2022-03-19T08:38:38.567+0000][7][gc,marking  ] GC(6) Concurrent Scan Root Regions
[2022-03-19T08:38:38.569+0000][7][safepoint   ] Safepoint "CollectForMetadataAllocation", Time since last: 217758100 ns, Reaching safepoint: 88600 ns, At safepoint: 19852200 ns, Total: 19940800 ns
[2022-03-19T08:38:38.572+0000][7][gc,marking  ] GC(6) Concurrent Scan Root Regions 4.449ms
[2022-03-19T08:38:38.572+0000][7][gc,marking  ] GC(6) Concurrent Mark
[2022-03-19T08:38:38.572+0000][7][gc,marking  ] GC(6) Concurrent Mark From Roots
[2022-03-19T08:38:38.573+0000][7][gc,task     ] GC(6) Using 1 workers of 1 for marking
[2022-03-19T08:38:38.590+0000][7][gc,marking  ] GC(6) Concurrent Mark From Roots 18.117ms
[2022-03-19T08:38:38.591+0000][7][gc,marking  ] GC(6) Concurrent Preclean
[2022-03-19T08:38:38.591+0000][7][gc,marking  ] GC(6) Concurrent Preclean 0.380ms
[2022-03-19T08:38:38.592+0000][7][gc,start    ] GC(6) Pause Remark
[2022-03-19T08:38:38.597+0000][7][gc          ] GC(6) Pause Remark 24M->24M(3128M) 4.937ms
[2022-03-19T08:38:38.597+0000][7][gc,cpu      ] GC(6) User=0.01s Sys=0.00s Real=0.00s
[2022-03-19T08:38:38.598+0000][7][safepoint   ] Safepoint "G1Concurrent", Time since last: 22863300 ns, Reaching safepoint: 100400 ns, At safepoint: 5599500 ns, Total: 5699900 ns
[2022-03-19T08:38:38.598+0000][7][gc,marking  ] GC(6) Concurrent Mark 25.909ms
[2022-03-19T08:38:38.598+0000][7][gc,marking  ] GC(6) Concurrent Rebuild Remembered Sets
[2022-03-19T08:38:38.598+0000][7][gc,marking  ] GC(6) Concurrent Rebuild Remembered Sets 0.242ms
[2022-03-19T08:38:38.599+0000][7][gc,start    ] GC(6) Pause Cleanup
[2022-03-19T08:38:38.599+0000][7][gc          ] GC(6) Pause Cleanup 24M->24M(3128M) 0.218ms
[2022-03-19T08:38:38.599+0000][7][gc,cpu      ] GC(6) User=0.00s Sys=0.00s Real=0.00s
[2022-03-19T08:38:38.600+0000][7][safepoint   ] Safepoint "G1Concurrent", Time since last: 1017400 ns, Reaching safepoint: 172400 ns, At safepoint: 686100 ns, Total: 858500 ns
[2022-03-19T08:38:38.600+0000][7][gc,marking  ] GC(6) Concurrent Cleanup for Next Mark
[2022-03-19T08:38:38.604+0000][7][gc,marking  ] GC(6) Concurrent Cleanup for Next Mark 3.731ms
[2022-03-19T08:38:38.604+0000][7][gc          ] GC(6) Concurrent Mark Cycle 38.042ms
[2022-03-19T08:38:39.137+0000][7][safepoint   ] Safepoint "ICBufferFull", Time since last: 537200600 ns, Reaching safepoint: 550800 ns, At safepoint: 9700 ns, Total: 560500 ns
[2022-03-19T08:38:39.139+0000][7][safepoint   ] Safepoint "ICBufferFull", Time since last: 1343100 ns, Reaching safepoint: 205000 ns, At safepoint: 34500 ns, Total: 239500 ns
[2022-03-19T08:38:39.141+0000][7][safepoint   ] Safepoint "ICBufferFull", Time since last: 1572800 ns, Reaching safepoint: 129100 ns, At safepoint: 7800 ns, Total: 136900 ns
[2022-03-19T08:38:39.142+0000][7][safepoint   ] Safepoint "ICBufferFull", Time since last: 1534100 ns, Reaching safepoint: 78300 ns, At safepoint: 6400 ns, Total: 84700 ns
[2022-03-19T08:38:39.237+0000][7][safepoint   ] Safepoint "ICBufferFull", Time since last: 94970300 ns, Reaching safepoint: 129700 ns, At safepoint: 32800 ns, Total: 162500 ns
[2022-03-19T08:38:39.242+0000][7][safepoint   ] Safepoint "ICBufferFull", Time since last: 4904200 ns, Reaching safepoint: 130400 ns, At safepoint: 5100 ns, Total: 135500 ns
[2022-03-19T08:38:39.345+0000][7][safepoint   ] Safepoint "ICBufferFull", Time since last: 102810600 ns, Reaching safepoint: 81000 ns, At safepoint: 35300 ns, Total: 116300 ns
[2022-03-19T08:38:39.357+0000][7][safepoint   ] Safepoint "ICBufferFull", Time since last: 11091000 ns, Reaching safepoint: 107800 ns, At safepoint: 6600 ns, Total: 114400 ns
[2022-03-19T08:38:39.382+0000][7][safepoint   ] Safepoint "ICBufferFull", Time since last: 25346900 ns, Reaching safepoint: 120900 ns, At safepoint: 4800 ns, Total: 125700 ns
[2022-03-19T08:38:39.568+0000][7][safepoint   ] Safepoint "ICBufferFull", Time since last: 185731100 ns, Reaching safepoint: 240300 ns, At safepoint: 5300 ns, Total: 245600 ns
[2022-03-19T08:38:39.570+0000][7][safepoint   ] Safepoint "ICBufferFull", Time since last: 1718500 ns, Reaching safepoint: 127400 ns, At safepoint: 6000 ns, Total: 133400 ns
[2022-03-19T08:38:39.572+0000][7][safepoint   ] Safepoint "ICBufferFull", Time since last: 1836100 ns, Reaching safepoint: 204900 ns, At safepoint: 29700 ns, Total: 234600 ns
[2022-03-19T08:38:39.617+0000][7][safepoint   ] Safepoint "ICBufferFull", Time since last: 44808200 ns, Reaching safepoint: 124600 ns, At safepoint: 4600 ns, Total: 129200 ns
[2022-03-19T08:38:39.618+0000][7][safepoint   ] Safepoint "ICBufferFull", Time since last: 1104000 ns, Reaching safepoint: 140600 ns, At safepoint: 4300 ns, Total: 144900 ns
[2022-03-19T08:38:40.040+0000][7][safepoint   ] Safepoint "ICBufferFull", Time since last: 421260400 ns, Reaching safepoint: 132300 ns, At safepoint: 10200 ns, Total: 142500 ns
[2022-03-19T08:38:40.076+0000][7][safepoint   ] Safepoint "ICBufferFull", Time since last: 36066300 ns, Reaching safepoint: 107200 ns, At safepoint: 5400 ns, Total: 112600 ns
[2022-03-19T08:38:40.096+0000][7][safepoint   ] Safepoint "ICBufferFull", Time since last: 20149000 ns, Reaching safepoint: 103900 ns, At safepoint: 5400 ns, Total: 109300 ns
[2022-03-19T08:38:40.111+0000][7][safepoint   ] Safepoint "ICBufferFull", Time since last: 14500600 ns, Reaching safepoint: 114400 ns, At safepoint: 10300 ns, Total: 124700 ns
[2022-03-19T08:38:40.114+0000][7][safepoint   ] Safepoint "ICBufferFull", Time since last: 3545200 ns, Reaching safepoint: 100600 ns, At safepoint: 6800 ns, Total: 107400 ns
[2022-03-19T08:38:40.117+0000][7][safepoint   ] Safepoint "ICBufferFull", Time since last: 3083000 ns, Reaching safepoint: 50400 ns, At safepoint: 4200 ns, Total: 54600 ns
[2022-03-19T08:38:40.120+0000][7][safepoint   ] Safepoint "ICBufferFull", Time since last: 2138500 ns, Reaching safepoint: 160700 ns, At safepoint: 10000 ns, Total: 170700 ns
[2022-03-19T08:38:40.136+0000][7][safepoint   ] Safepoint "ICBufferFull", Time since last: 16549500 ns, Reaching safepoint: 178600 ns, At safepoint: 6700 ns, Total: 185300 ns
[2022-03-19T08:38:40.142+0000][7][safepoint   ] Safepoint "ICBufferFull", Time since last: 5840600 ns, Reaching safepoint: 143300 ns, At safepoint: 5000 ns, Total: 148300 ns
[2022-03-19T08:38:40.182+0000][7][safepoint   ] Safepoint "ICBufferFull", Time since last: 39674600 ns, Reaching safepoint: 69700 ns, At safepoint: 4400 ns, Total: 74100 ns
[2022-03-19T08:38:40.185+0000][7][safepoint   ] Safepoint "ICBufferFull", Time since last: 3123000 ns, Reaching safepoint: 98600 ns, At safepoint: 5200 ns, Total: 103800 ns
[2022-03-19T08:38:40.208+0000][7][safepoint   ] Safepoint "ICBufferFull", Time since last: 22081800 ns, Reaching safepoint: 130100 ns, At safepoint: 6000 ns, Total: 136100 ns
[2022-03-19T08:38:40.210+0000][7][safepoint   ] Safepoint "ICBufferFull", Time since last: 2556600 ns, Reaching safepoint: 119100 ns, At safepoint: 4900 ns, Total: 124000 ns
[2022-03-19T08:38:40.218+0000][7][safepoint   ] Safepoint "ICBufferFull", Time since last: 7131800 ns, Reaching safepoint: 101200 ns, At safepoint: 7200 ns, Total: 108400 ns
[2022-03-19T08:38:40.227+0000][7][safepoint   ] Safepoint "ICBufferFull", Time since last: 9545000 ns, Reaching safepoint: 122900 ns, At safepoint: 5500 ns, Total: 128400 ns
[2022-03-19T08:38:40.231+0000][7][safepoint   ] Safepoint "ICBufferFull", Time since last: 3324600 ns, Reaching safepoint: 103000 ns, At safepoint: 5900 ns, Total: 108900 ns
[2022-03-19T08:38:40.232+0000][7][safepoint   ] Safepoint "ICBufferFull", Time since last: 1484600 ns, Reaching safepoint: 156700 ns, At safepoint: 5900 ns, Total: 162600 ns
[2022-03-19T08:38:40.234+0000][7][safepoint   ] Safepoint "ICBufferFull", Time since last: 1499500 ns, Reaching safepoint: 123800 ns, At safepoint: 7100 ns, Total: 130900 ns
[2022-03-19T08:38:40.245+0000][7][safepoint   ] Safepoint "ICBufferFull", Time since last: 11009800 ns, Reaching safepoint: 80300 ns, At safepoint: 7300 ns, Total: 87600 ns
[2022-03-19T08:38:40.247+0000][7][safepoint   ] Safepoint "ICBufferFull", Time since last: 1706900 ns, Reaching safepoint: 78300 ns, At safepoint: 5300 ns, Total: 83600 ns
[2022-03-19T08:38:40.249+0000][7][safepoint   ] Safepoint "ICBufferFull", Time since last: 1740100 ns, Reaching safepoint: 171300 ns, At safepoint: 6100 ns, Total: 177400 ns
[2022-03-19T08:38:40.252+0000][7][safepoint   ] Safepoint "ICBufferFull", Time since last: 3287400 ns, Reaching safepoint: 98400 ns, At safepoint: 6600 ns, Total: 105000 ns
[2022-03-19T08:38:40.256+0000][7][safepoint   ] Safepoint "ICBufferFull", Time since last: 4149500 ns, Reaching safepoint: 73300 ns, At safepoint: 4300 ns, Total: 77600 ns
[2022-03-19T08:38:40.258+0000][7][safepoint   ] Safepoint "ICBufferFull", Time since last: 1573100 ns, Reaching safepoint: 83000 ns, At safepoint: 4800 ns, Total: 87800 ns
[2022-03-19T08:38:40.260+0000][7][safepoint   ] Safepoint "ICBufferFull", Time since last: 1972500 ns, Reaching safepoint: 137100 ns, At safepoint: 5400 ns, Total: 142500 ns
[2022-03-19T08:38:40.262+0000][7][safepoint   ] Safepoint "ICBufferFull", Time since last: 1894900 ns, Reaching safepoint: 100300 ns, At safepoint: 8000 ns, Total: 108300 ns
[2022-03-19T08:38:40.264+0000][7][safepoint   ] Safepoint "ICBufferFull", Time since last: 1939300 ns, Reaching safepoint: 88900 ns, At safepoint: 5700 ns, Total: 94600 ns
[2022-03-19T08:38:40.266+0000][7][safepoint   ] Safepoint "ICBufferFull", Time since last: 1843900 ns, Reaching safepoint: 103200 ns, At safepoint: 5300 ns, Total: 108500 ns
[2022-03-19T08:38:40.268+0000][7][safepoint   ] Safepoint "ICBufferFull", Time since last: 1707900 ns, Reaching safepoint: 159400 ns, At safepoint: 4800 ns, Total: 164200 ns
[2022-03-19T08:38:40.271+0000][7][safepoint   ] Safepoint "ICBufferFull", Time since last: 3349100 ns, Reaching safepoint: 106500 ns, At safepoint: 7600 ns, Total: 114100 ns
[2022-03-19T08:38:40.274+0000][7][safepoint   ] Safepoint "ICBufferFull", Time since last: 2225200 ns, Reaching safepoint: 433000 ns, At safepoint: 10600 ns, Total: 443600 ns
[2022-03-19T08:38:40.276+0000][7][safepoint   ] Safepoint "ICBufferFull", Time since last: 1910200 ns, Reaching safepoint: 82400 ns, At safepoint: 5000 ns, Total: 87400 ns
[2022-03-19T08:38:40.278+0000][7][safepoint   ] Safepoint "ICBufferFull", Time since last: 1932000 ns, Reaching safepoint: 227700 ns, At safepoint: 7900 ns, Total: 235600 ns
[2022-03-19T08:38:40.281+0000][7][safepoint   ] Safepoint "ICBufferFull", Time since last: 2359000 ns, Reaching safepoint: 138300 ns, At safepoint: 6600 ns, Total: 144900 ns
[2022-03-19T08:38:40.284+0000][7][safepoint   ] Safepoint "ICBufferFull", Time since last: 2840400 ns, Reaching safepoint: 341800 ns, At safepoint: 7400 ns, Total: 349200 ns
[2022-03-19T08:38:40.287+0000][7][safepoint   ] Safepoint "ICBufferFull", Time since last: 2421500 ns, Reaching safepoint: 134100 ns, At safepoint: 6900 ns, Total: 141000 ns
[2022-03-19T08:38:40.294+0000][7][safepoint   ] Safepoint "ICBufferFull", Time since last: 7310500 ns, Reaching safepoint: 164200 ns, At safepoint: 10400 ns, Total: 174600 ns
[2022-03-19T08:38:40.304+0000][7][safepoint   ] Safepoint "ICBufferFull", Time since last: 9792700 ns, Reaching safepoint: 146700 ns, At safepoint: 8000 ns, Total: 154700 ns
[2022-03-19T08:38:40.307+0000][7][safepoint   ] Safepoint "ICBufferFull", Time since last: 2522600 ns, Reaching safepoint: 147800 ns, At safepoint: 7900 ns, Total: 155700 ns
[2022-03-19T08:38:40.310+0000][7][safepoint   ] Safepoint "ICBufferFull", Time since last: 2911400 ns, Reaching safepoint: 207100 ns, At safepoint: 5300 ns, Total: 212400 ns
[2022-03-19T08:38:40.312+0000][7][safepoint   ] Safepoint "ICBufferFull", Time since last: 1858900 ns, Reaching safepoint: 113800 ns, At safepoint: 32100 ns, Total: 145900 ns
[2022-03-19T08:38:40.320+0000][7][safepoint   ] Safepoint "ICBufferFull", Time since last: 8218000 ns, Reaching safepoint: 121800 ns, At safepoint: 5000 ns, Total: 126800 ns
[2022-03-19T08:38:40.325+0000][7][safepoint   ] Safepoint "ICBufferFull", Time since last: 4985900 ns, Reaching safepoint: 90900 ns, At safepoint: 4300 ns, Total: 95200 ns
[2022-03-19T08:38:40.330+0000][7][safepoint   ] Safepoint "ICBufferFull", Time since last: 4978800 ns, Reaching safepoint: 149600 ns, At safepoint: 5600 ns, Total: 155200 ns
[2022-03-19T08:38:40.336+0000][7][safepoint   ] Safepoint "ICBufferFull", Time since last: 4237400 ns, Reaching safepoint: 1155600 ns, At safepoint: 15800 ns, Total: 1171400 ns
[2022-03-19T08:38:40.344+0000][7][safepoint   ] Safepoint "ICBufferFull", Time since last: 8062800 ns, Reaching safepoint: 688300 ns, At safepoint: 11700 ns, Total: 700000 ns
[2022-03-19T08:38:40.353+0000][7][safepoint   ] Safepoint "ICBufferFull", Time since last: 8370300 ns, Reaching safepoint: 180700 ns, At safepoint: 8800 ns, Total: 189500 ns
[2022-03-19T08:38:40.360+0000][7][safepoint   ] Safepoint "ICBufferFull", Time since last: 6177500 ns, Reaching safepoint: 576600 ns, At safepoint: 9000 ns, Total: 585600 ns
[2022-03-19T08:38:40.365+0000][7][safepoint   ] Safepoint "ICBufferFull", Time since last: 5284000 ns, Reaching safepoint: 72300 ns, At safepoint: 4700 ns, Total: 77000 ns
[2022-03-19T08:38:40.368+0000][7][safepoint   ] Safepoint "ICBufferFull", Time since last: 2593700 ns, Reaching safepoint: 474700 ns, At safepoint: 8600 ns, Total: 483300 ns
[2022-03-19T08:38:40.375+0000][7][safepoint   ] Safepoint "ICBufferFull", Time since last: 6606000 ns, Reaching safepoint: 92000 ns, At safepoint: 5000 ns, Total: 97000 ns
[2022-03-19T08:38:40.388+0000][7][safepoint   ] Safepoint "ICBufferFull", Time since last: 12931800 ns, Reaching safepoint: 90000 ns, At safepoint: 7400 ns, Total: 97400 ns
[2022-03-19T08:38:40.399+0000][7][safepoint   ] Safepoint "ICBufferFull", Time since last: 10537500 ns, Reaching safepoint: 148800 ns, At safepoint: 5300 ns, Total: 154100 ns
[2022-03-19T08:38:40.408+0000][7][safepoint   ] Safepoint "ICBufferFull", Time since last: 9689200 ns, Reaching safepoint: 94200 ns, At safepoint: 5000 ns, Total: 99200 ns
[2022-03-19T08:38:40.417+0000][7][safepoint   ] Safepoint "ICBufferFull", Time since last: 8011800 ns, Reaching safepoint: 155400 ns, At safepoint: 5600 ns, Total: 161000 ns
[2022-03-19T08:38:40.420+0000][7][safepoint   ] Safepoint "ICBufferFull", Time since last: 3155800 ns, Reaching safepoint: 80100 ns, At safepoint: 4600 ns, Total: 84700 ns
[2022-03-19T08:38:40.431+0000][7][safepoint   ] Safepoint "ICBufferFull", Time since last: 11141900 ns, Reaching safepoint: 226900 ns, At safepoint: 9600 ns, Total: 236500 ns
[2022-03-19T08:38:40.433+0000][7][safepoint   ] Safepoint "ICBufferFull", Time since last: 1945400 ns, Reaching safepoint: 223500 ns, At safepoint: 8300 ns, Total: 231800 ns
[2022-03-19T08:38:40.436+0000][7][safepoint   ] Safepoint "ICBufferFull", Time since last: 2121500 ns, Reaching safepoint: 94800 ns, At safepoint: 4400 ns, Total: 99200 ns
[2022-03-19T08:38:40.438+0000][7][safepoint   ] Safepoint "ICBufferFull", Time since last: 2027600 ns, Reaching safepoint: 105900 ns, At safepoint: 6000 ns, Total: 111900 ns
[2022-03-19T08:38:40.440+0000][7][safepoint   ] Safepoint "ICBufferFull", Time since last: 2002500 ns, Reaching safepoint: 83500 ns, At safepoint: 4500 ns, Total: 88000 ns
[2022-03-19T08:38:40.442+0000][7][safepoint   ] Safepoint "ICBufferFull", Time since last: 1693800 ns, Reaching safepoint: 160800 ns, At safepoint: 8100 ns, Total: 168900 ns
[2022-03-19T08:38:40.444+0000][7][safepoint   ] Safepoint "ICBufferFull", Time since last: 2151600 ns, Reaching safepoint: 181400 ns, At safepoint: 7800 ns, Total: 189200 ns
[2022-03-19T08:38:40.452+0000][7][safepoint   ] Safepoint "ICBufferFull", Time since last: 7672200 ns, Reaching safepoint: 148900 ns, At safepoint: 6300 ns, Total: 155200 ns
[2022-03-19T08:38:40.454+0000][7][safepoint   ] Safepoint "ICBufferFull", Time since last: 1885300 ns, Reaching safepoint: 97700 ns, At safepoint: 4600 ns, Total: 102300 ns
[2022-03-19T08:38:40.456+0000][7][safepoint   ] Safepoint "ICBufferFull", Time since last: 2138800 ns, Reaching safepoint: 117400 ns, At safepoint: 5400 ns, Total: 122800 ns
[2022-03-19T08:38:40.460+0000][7][safepoint   ] Safepoint "ICBufferFull", Time since last: 3619200 ns, Reaching safepoint: 87900 ns, At safepoint: 5100 ns, Total: 93000 ns
[2022-03-19T08:38:40.474+0000][7][safepoint   ] Safepoint "ICBufferFull", Time since last: 14301900 ns, Reaching safepoint: 176000 ns, At safepoint: 5800 ns, Total: 181800 ns
[2022-03-19T08:38:40.476+0000][7][safepoint   ] Safepoint "ICBufferFull", Time since last: 1515200 ns, Reaching safepoint: 107400 ns, At safepoint: 5100 ns, Total: 112500 ns
[2022-03-19T08:38:40.477+0000][7][safepoint   ] Safepoint "ICBufferFull", Time since last: 1359900 ns, Reaching safepoint: 106300 ns, At safepoint: 5200 ns, Total: 111500 ns
[2022-03-19T08:38:40.479+0000][7][safepoint   ] Safepoint "ICBufferFull", Time since last: 1428600 ns, Reaching safepoint: 105500 ns, At safepoint: 4900 ns, Total: 110400 ns
[2022-03-19T08:38:40.481+0000][7][safepoint   ] Safepoint "ICBufferFull", Time since last: 1729300 ns, Reaching safepoint: 128600 ns, At safepoint: 4700 ns, Total: 133300 ns
[2022-03-19T08:38:40.484+0000][7][safepoint   ] Safepoint "ICBufferFull", Time since last: 2901700 ns, Reaching safepoint: 87200 ns, At safepoint: 4500 ns, Total: 91700 ns
[2022-03-19T08:38:40.487+0000][7][safepoint   ] Safepoint "ICBufferFull", Time since last: 3338500 ns, Reaching safepoint: 124300 ns, At safepoint: 7100 ns, Total: 131400 ns
[2022-03-19T08:38:40.489+0000][7][safepoint   ] Safepoint "ICBufferFull", Time since last: 1877700 ns, Reaching safepoint: 148600 ns, At safepoint: 5100 ns, Total: 153700 ns
[2022-03-19T08:38:40.491+0000][7][safepoint   ] Safepoint "ICBufferFull", Time since last: 1903400 ns, Reaching safepoint: 87200 ns, At safepoint: 5400 ns, Total: 92600 ns
[2022-03-19T08:38:40.494+0000][7][safepoint   ] Safepoint "ICBufferFull", Time since last: 2066800 ns, Reaching safepoint: 87700 ns, At safepoint: 7500 ns, Total: 95200 ns
[2022-03-19T08:38:40.496+0000][7][safepoint   ] Safepoint "ICBufferFull", Time since last: 1858000 ns, Reaching safepoint: 123000 ns, At safepoint: 7000 ns, Total: 130000 ns
[2022-03-19T08:38:40.497+0000][7][safepoint   ] Safepoint "ICBufferFull", Time since last: 1731100 ns, Reaching safepoint: 145800 ns, At safepoint: 6800 ns, Total: 152600 ns
[2022-03-19T08:38:40.500+0000][7][safepoint   ] Safepoint "ICBufferFull", Time since last: 2075900 ns, Reaching safepoint: 88600 ns, At safepoint: 70300 ns, Total: 158900 ns
[2022-03-19T08:38:40.509+0000][7][safepoint   ] Safepoint "ICBufferFull", Time since last: 9089300 ns, Reaching safepoint: 160500 ns, At safepoint: 6200 ns, Total: 166700 ns
[2022-03-19T08:38:40.517+0000][7][safepoint   ] Safepoint "ICBufferFull", Time since last: 7737600 ns, Reaching safepoint: 96100 ns, At safepoint: 6900 ns, Total: 103000 ns
[2022-03-19T08:38:41.567+0000][7][safepoint   ] Safepoint "Cleanup", Time since last: 1049937300 ns, Reaching safepoint: 287900 ns, At safepoint: 37200 ns, Total: 325100 ns
[2022-03-19T08:38:42.568+0000][7][safepoint   ] Safepoint "Cleanup", Time since last: 1000511400 ns, Reaching safepoint: 266000 ns, At safepoint: 34700 ns, Total: 300700 ns
[2022-03-19T08:38:43.568+0000][7][safepoint   ] Safepoint "Cleanup", Time since last: 1000452700 ns, Reaching safepoint: 191200 ns, At safepoint: 10500 ns, Total: 201700 ns
[2022-03-19T08:38:44.488+0000][7][gc,start    ] GC(7) Pause Young (Concurrent Start) (Metadata GC Threshold)
[2022-03-19T08:38:44.488+0000][7][gc,task     ] GC(7) Using 4 workers of 4 for evacuation
[2022-03-19T08:38:44.488+0000][7][gc,age      ] GC(7) Desired survivor size 123731968 bytes, new threshold 15 (max threshold 15)
[2022-03-19T08:38:44.523+0000][7][gc,age      ] GC(7) Age table with threshold 15 (max threshold 15)
[2022-03-19T08:38:44.523+0000][7][gc,age      ] GC(7) - age   1:   27417000 bytes,   27417000 total
[2022-03-19T08:38:44.523+0000][7][gc,age      ] GC(7) - age   2:    2986520 bytes,   30403520 total
[2022-03-19T08:38:44.523+0000][7][gc,age      ] GC(7) - age   3:     655496 bytes,   31059016 total
[2022-03-19T08:38:44.523+0000][7][gc,age      ] GC(7) - age   4:    3138800 bytes,   34197816 total
[2022-03-19T08:38:44.524+0000][7][gc,age      ] GC(7) - age   5:     909856 bytes,   35107672 total
[2022-03-19T08:38:44.524+0000][7][gc,age      ] GC(7) - age   6:    3021320 bytes,   38128992 total
[2022-03-19T08:38:44.524+0000][7][gc,phases   ] GC(7)   Pre Evacuate Collection Set: 0.3ms
[2022-03-19T08:38:44.524+0000][7][gc,phases   ] GC(7)   Merge Heap Roots: 0.1ms
[2022-03-19T08:38:44.524+0000][7][gc,phases   ] GC(7)   Evacuate Collection Set: 31.3ms
[2022-03-19T08:38:44.525+0000][7][gc,phases   ] GC(7)   Post Evacuate Collection Set: 2.5ms
[2022-03-19T08:38:44.525+0000][7][gc,phases   ] GC(7)   Other: 2.2ms
[2022-03-19T08:38:44.525+0000][7][gc,heap     ] GC(7) Eden regions: 73->0(188)
[2022-03-19T08:38:44.525+0000][7][gc,heap     ] GC(7) Survivor regions: 3->10(59)
[2022-03-19T08:38:44.525+0000][7][gc,heap     ] GC(7) Old regions: 2->2
[2022-03-19T08:38:44.526+0000][7][gc,heap     ] GC(7) Archive regions: 2->2
[2022-03-19T08:38:44.526+0000][7][gc,heap     ] GC(7) Humongous regions: 0->0
[2022-03-19T08:38:44.526+0000][7][gc,metaspace] GC(7) Metaspace: 35052K(35968K)->35052K(35968K) NonClass: 30403K(30976K)->30403K(30976K) Class: 4648K(4992K)->4648K(4992K)
[2022-03-19T08:38:44.526+0000][7][gc          ] GC(7) Pause Young (Concurrent Start) (Metadata GC Threshold) 312M->49M(3128M) 38.513ms
[2022-03-19T08:38:44.526+0000][7][gc,cpu      ] GC(7) User=0.13s Sys=0.00s Real=0.04s
[2022-03-19T08:38:44.527+0000][7][gc          ] GC(8) Concurrent Mark Cycle
[2022-03-19T08:38:44.527+0000][7][safepoint   ] Safepoint "CollectForMetadataAllocation", Time since last: 919005000 ns, Reaching safepoint: 202000 ns, At safepoint: 39172600 ns, Total: 39374600 ns
[2022-03-19T08:38:44.527+0000][7][gc,marking  ] GC(8) Concurrent Clear Claimed Marks
[2022-03-19T08:38:44.531+0000][7][gc,marking  ] GC(8) Concurrent Clear Claimed Marks 3.835ms
[2022-03-19T08:38:44.531+0000][7][gc,marking  ] GC(8) Concurrent Scan Root Regions
[2022-03-19T08:38:44.563+0000][7][gc,marking  ] GC(8) Concurrent Scan Root Regions 32.152ms
[2022-03-19T08:38:44.563+0000][7][gc,marking  ] GC(8) Concurrent Mark
[2022-03-19T08:38:44.564+0000][7][gc,marking  ] GC(8) Concurrent Mark From Roots
[2022-03-19T08:38:44.564+0000][7][gc,task     ] GC(8) Using 1 workers of 1 for marking
[2022-03-19T08:38:44.578+0000][7][safepoint   ] Safepoint "CollectForMetadataAllocation", Time since last: 51232600 ns, Reaching safepoint: 200600 ns, At safepoint: 85100 ns, Total: 285700 ns
[2022-03-19T08:38:44.585+0000][7][gc,marking  ] GC(8) Concurrent Mark From Roots 21.323ms
[2022-03-19T08:38:44.585+0000][7][gc,marking  ] GC(8) Concurrent Preclean
[2022-03-19T08:38:44.585+0000][7][gc,marking  ] GC(8) Concurrent Preclean 0.281ms
[2022-03-19T08:38:44.588+0000][7][gc,start    ] GC(8) Pause Remark
[2022-03-19T08:38:44.592+0000][7][gc          ] GC(8) Pause Remark 51M->51M(3128M) 3.831ms
[2022-03-19T08:38:44.592+0000][7][gc,cpu      ] GC(8) User=0.01s Sys=0.00s Real=0.01s
[2022-03-19T08:38:44.592+0000][7][safepoint   ] Safepoint "G1Concurrent", Time since last: 7325800 ns, Reaching safepoint: 2338100 ns, At safepoint: 4396700 ns, Total: 6734800 ns
[2022-03-19T08:38:44.596+0000][7][gc,marking  ] GC(8) Concurrent Mark 33.049ms
[2022-03-19T08:38:44.597+0000][7][gc,marking  ] GC(8) Concurrent Rebuild Remembered Sets
[2022-03-19T08:38:44.597+0000][7][gc,marking  ] GC(8) Concurrent Rebuild Remembered Sets 0.385ms
[2022-03-19T08:38:44.598+0000][7][gc,start    ] GC(8) Pause Cleanup
[2022-03-19T08:38:44.598+0000][7][gc          ] GC(8) Pause Cleanup 51M->51M(3128M) 0.200ms
[2022-03-19T08:38:44.598+0000][7][gc,cpu      ] GC(8) User=0.00s Sys=0.00s Real=0.00s
[2022-03-19T08:38:44.599+0000][7][safepoint   ] Safepoint "G1Concurrent", Time since last: 5017200 ns, Reaching safepoint: 593300 ns, At safepoint: 571000 ns, Total: 1164300 ns
[2022-03-19T08:38:44.599+0000][7][gc,marking  ] GC(8) Concurrent Cleanup for Next Mark
[2022-03-19T08:38:44.603+0000][7][gc,marking  ] GC(8) Concurrent Cleanup for Next Mark 4.263ms
[2022-03-19T08:38:44.604+0000][7][gc          ] GC(8) Concurrent Mark Cycle 76.835ms
[2022-03-19T08:38:46.487+0000][7][safepoint   ] Safepoint "Cleanup", Time since last: 1888117900 ns, Reaching safepoint: 313900 ns, At safepoint: 31500 ns, Total: 345400 ns
[2022-03-19T08:38:48.069+0000][7][safepoint   ] Safepoint "Cleanup", Time since last: 1582067500 ns, Reaching safepoint: 299900 ns, At safepoint: 35700 ns, Total: 335600 ns
[2022-03-19T08:38:49.072+0000][7][safepoint   ] Safepoint "Cleanup", Time since last: 1001251700 ns, Reaching safepoint: 1092600 ns, At safepoint: 62100 ns, Total: 1154700 ns
[2022-03-19T08:38:50.478+0000][7][safepoint   ] Safepoint "Cleanup", Time since last: 1405188400 ns, Reaching safepoint: 444900 ns, At safepoint: 51000 ns, Total: 495900 ns
[2022-03-19T08:38:51.199+0000][7][gc,start    ] GC(9) Pause Young (Concurrent Start) (Metadata GC Threshold)
[2022-03-19T08:38:51.199+0000][7][gc,task     ] GC(9) Using 4 workers of 4 for evacuation
[2022-03-19T08:38:51.199+0000][7][gc,age      ] GC(9) Desired survivor size 60817408 bytes, new threshold 15 (max threshold 15)
[2022-03-19T08:38:51.254+0000][7][gc,age      ] GC(9) Age table with threshold 15 (max threshold 15)
[2022-03-19T08:38:51.254+0000][7][gc,age      ] GC(9) - age   1:   11664192 bytes,   11664192 total
[2022-03-19T08:38:51.254+0000][7][gc,age      ] GC(9) - age   2:   27091576 bytes,   38755768 total
[2022-03-19T08:38:51.254+0000][7][gc,age      ] GC(9) - age   3:    2945528 bytes,   41701296 total
[2022-03-19T08:38:51.254+0000][7][gc,age      ] GC(9) - age   4:     631528 bytes,   42332824 total
[2022-03-19T08:38:51.255+0000][7][gc,age      ] GC(9) - age   5:    3129680 bytes,   45462504 total
[2022-03-19T08:38:51.255+0000][7][gc,age      ] GC(9) - age   6:     897744 bytes,   46360248 total
[2022-03-19T08:38:51.255+0000][7][gc,age      ] GC(9) - age   7:    3010056 bytes,   49370304 total
[2022-03-19T08:38:51.255+0000][7][gc,phases   ] GC(9)   Pre Evacuate Collection Set: 0.3ms
[2022-03-19T08:38:51.256+0000][7][gc,phases   ] GC(9)   Merge Heap Roots: 0.1ms
[2022-03-19T08:38:51.256+0000][7][gc,phases   ] GC(9)   Evacuate Collection Set: 51.3ms
[2022-03-19T08:38:51.256+0000][7][gc,phases   ] GC(9)   Post Evacuate Collection Set: 2.2ms
[2022-03-19T08:38:51.256+0000][7][gc,phases   ] GC(9)   Other: 2.6ms
[2022-03-19T08:38:51.256+0000][7][gc,heap     ] GC(9) Eden regions: 115->0(61)
[2022-03-19T08:38:51.257+0000][7][gc,heap     ] GC(9) Survivor regions: 10->13(29)
[2022-03-19T08:38:51.257+0000][7][gc,heap     ] GC(9) Old regions: 2->2
[2022-03-19T08:38:51.257+0000][7][gc,heap     ] GC(9) Archive regions: 2->2
[2022-03-19T08:38:51.257+0000][7][gc,heap     ] GC(9) Humongous regions: 0->0
[2022-03-19T08:38:51.257+0000][7][gc,metaspace] GC(9) Metaspace: 59537K(60800K)->59537K(60800K) NonClass: 51430K(52160K)->51430K(52160K) Class: 8107K(8640K)->8107K(8640K)
[2022-03-19T08:38:51.258+0000][7][gc          ] GC(9) Pause Young (Concurrent Start) (Metadata GC Threshold) 507M->60M(3128M) 58.770ms
[2022-03-19T08:38:51.258+0000][7][gc,cpu      ] GC(9) User=0.16s Sys=0.01s Real=0.06s
[2022-03-19T08:38:51.258+0000][7][gc          ] GC(10) Concurrent Mark Cycle
[2022-03-19T08:38:51.258+0000][7][gc,marking  ] GC(10) Concurrent Clear Claimed Marks
[2022-03-19T08:38:51.259+0000][7][gc,marking  ] GC(10) Concurrent Clear Claimed Marks 0.267ms
[2022-03-19T08:38:51.259+0000][7][gc,marking  ] GC(10) Concurrent Scan Root Regions
[2022-03-19T08:38:51.261+0000][7][safepoint   ] Safepoint "CollectForMetadataAllocation", Time since last: 721077900 ns, Reaching safepoint: 217400 ns, At safepoint: 61805800 ns, Total: 62023200 ns
[2022-03-19T08:38:51.307+0000][7][gc,marking  ] GC(10) Concurrent Scan Root Regions 48.007ms
[2022-03-19T08:38:51.307+0000][7][gc,marking  ] GC(10) Concurrent Mark
[2022-03-19T08:38:51.307+0000][7][gc,marking  ] GC(10) Concurrent Mark From Roots
[2022-03-19T08:38:51.308+0000][7][gc,task     ] GC(10) Using 1 workers of 1 for marking
[2022-03-19T08:38:51.332+0000][7][gc,marking  ] GC(10) Concurrent Mark From Roots 24.564ms
[2022-03-19T08:38:51.332+0000][7][gc,marking  ] GC(10) Concurrent Preclean
[2022-03-19T08:38:51.333+0000][7][gc,marking  ] GC(10) Concurrent Preclean 0.335ms
[2022-03-19T08:38:51.333+0000][7][gc,start    ] GC(10) Pause Remark
[2022-03-19T08:38:51.342+0000][7][gc          ] GC(10) Pause Remark 62M->62M(3128M) 9.214ms
[2022-03-19T08:38:51.343+0000][7][gc,cpu      ] GC(10) User=0.03s Sys=0.00s Real=0.01s
[2022-03-19T08:38:51.343+0000][7][safepoint   ] Safepoint "G1Concurrent", Time since last: 72410600 ns, Reaching safepoint: 128000 ns, At safepoint: 9849700 ns, Total: 9977700 ns
[2022-03-19T08:38:51.343+0000][7][gc,marking  ] GC(10) Concurrent Mark 36.239ms
[2022-03-19T08:38:51.344+0000][7][gc,marking  ] GC(10) Concurrent Rebuild Remembered Sets
[2022-03-19T08:38:51.344+0000][7][gc,marking  ] GC(10) Concurrent Rebuild Remembered Sets 0.324ms
[2022-03-19T08:38:51.345+0000][7][gc,start    ] GC(10) Pause Cleanup
[2022-03-19T08:38:51.345+0000][7][gc          ] GC(10) Pause Cleanup 62M->62M(3128M) 0.236ms
[2022-03-19T08:38:51.345+0000][7][gc,cpu      ] GC(10) User=0.00s Sys=0.00s Real=0.00s
[2022-03-19T08:38:51.345+0000][7][safepoint   ] Safepoint "G1Concurrent", Time since last: 1643600 ns, Reaching safepoint: 73000 ns, At safepoint: 734800 ns, Total: 807800 ns
[2022-03-19T08:38:51.346+0000][7][gc,marking  ] GC(10) Concurrent Cleanup for Next Mark
[2022-03-19T08:38:51.350+0000][7][gc,marking  ] GC(10) Concurrent Cleanup for Next Mark 4.243ms
[2022-03-19T08:38:51.350+0000][7][gc          ] GC(10) Concurrent Mark Cycle 92.240ms
[2022-03-19T08:38:52.964+0000][7][safepoint   ] Safepoint "Cleanup", Time since last: 1609720600 ns, Reaching safepoint: 9023000 ns, At safepoint: 99300 ns, Total: 9122300 ns
[2022-03-19T08:38:53.969+0000][7][safepoint   ] Safepoint "Cleanup", Time since last: 1004403800 ns, Reaching safepoint: 646300 ns, At safepoint: 37300 ns, Total: 683600 ns
[2022-03-19T08:38:55.158+0000][7][safepoint   ] Safepoint "Cleanup", Time since last: 1187909200 ns, Reaching safepoint: 740900 ns, At safepoint: 42100 ns, Total: 783000 ns
[2022-03-19T08:38:56.528+0000][7][safepoint   ] Safepoint "ICBufferFull", Time since last: 1369498700 ns, Reaching safepoint: 283600 ns, At safepoint: 7800 ns, Total: 291400 ns
[2022-03-19T08:38:57.811+0000][7][safepoint   ] Safepoint "Cleanup", Time since last: 1282333700 ns, Reaching safepoint: 1187200 ns, At safepoint: 45100 ns, Total: 1232300 ns
[2022-03-19T08:38:58.985+0000][7][safepoint   ] Safepoint "Cleanup", Time since last: 1169947100 ns, Reaching safepoint: 3574000 ns, At safepoint: 20600 ns, Total: 3594600 ns
[2022-03-19T08:38:59.988+0000][7][safepoint   ] Safepoint "Cleanup", Time since last: 1002663100 ns, Reaching safepoint: 294200 ns, At safepoint: 43400 ns, Total: 337600 ns
[2022-03-19T08:39:00.989+0000][7][safepoint   ] Safepoint "Cleanup", Time since last: 1000675200 ns, Reaching safepoint: 197900 ns, At safepoint: 14500 ns, Total: 212400 ns
[2022-03-19T08:39:01.990+0000][7][safepoint   ] Safepoint "Cleanup", Time since last: 1000518300 ns, Reaching safepoint: 113400 ns, At safepoint: 6400 ns, Total: 119800 ns
[2022-03-19T08:39:03.047+0000][7][safepoint   ] Safepoint "Cleanup", Time since last: 1035576100 ns, Reaching safepoint: 21738200 ns, At safepoint: 80200 ns, Total: 21818400 ns
[2022-03-19T08:39:03.627+0000][7][gc,start    ] GC(11) Pause Young (Normal) (G1 Evacuation Pause)
[2022-03-19T08:39:03.627+0000][7][gc,task     ] GC(11) Using 4 workers of 4 for evacuation
[2022-03-19T08:39:03.627+0000][7][gc,age      ] GC(11) Desired survivor size 20971520 bytes, new threshold 2 (max threshold 15)
[2022-03-19T08:39:03.979+0000][7][gc,age      ] GC(11) Age table with threshold 2 (max threshold 15)
[2022-03-19T08:39:03.979+0000][7][gc,age      ] GC(11) - age   1:   13560960 bytes,   13560960 total
[2022-03-19T08:39:03.979+0000][7][gc,age      ] GC(11) - age   2:   11099416 bytes,   24660376 total
[2022-03-19T08:39:03.980+0000][7][gc,mmu      ] GC(11) MMU target violated: 201.0ms (200.0ms/201.0ms)
[2022-03-19T08:39:03.980+0000][7][gc,phases   ] GC(11)   Pre Evacuate Collection Set: 0.2ms
[2022-03-19T08:39:03.980+0000][7][gc,phases   ] GC(11)   Merge Heap Roots: 0.1ms
[2022-03-19T08:39:03.980+0000][7][gc,phases   ] GC(11)   Evacuate Collection Set: 342.8ms
[2022-03-19T08:39:03.981+0000][7][gc,phases   ] GC(11)   Post Evacuate Collection Set: 8.1ms
[2022-03-19T08:39:03.981+0000][7][gc,phases   ] GC(11)   Other: 1.9ms
[2022-03-19T08:39:03.981+0000][7][gc,heap     ] GC(11) Eden regions: 61->0(68)
[2022-03-19T08:39:03.981+0000][7][gc,heap     ] GC(11) Survivor regions: 13->7(10)
[2022-03-19T08:39:03.981+0000][7][gc,heap     ] GC(11) Old regions: 2->12
[2022-03-19T08:39:03.982+0000][7][gc,heap     ] GC(11) Archive regions: 2->2
[2022-03-19T08:39:03.982+0000][7][gc,heap     ] GC(11) Humongous regions: 2->2
[2022-03-19T08:39:03.982+0000][7][gc,metaspace] GC(11) Metaspace: 92265K(93696K)->92265K(93696K) NonClass: 79319K(80192K)->79319K(80192K) Class: 12946K(13504K)->12946K(13504K)
[2022-03-19T08:39:03.982+0000][7][gc          ] GC(11) Pause Young (Normal) (G1 Evacuation Pause) 312M->84M(3128M) 355.538ms
[2022-03-19T08:39:03.982+0000][7][gc,cpu      ] GC(11) User=1.39s Sys=0.00s Real=0.36s
[2022-03-19T08:39:03.987+0000][7][safepoint   ] Safepoint "G1CollectForAllocation", Time since last: 579417800 ns, Reaching safepoint: 318400 ns, At safepoint: 360713500 ns, Total: 361031900 ns
[2022-03-19T08:39:05.040+0000][7][safepoint   ] Safepoint "Cleanup", Time since last: 1052056000 ns, Reaching safepoint: 228100 ns, At safepoint: 49000 ns, Total: 277100 ns
[2022-03-19T08:39:06.046+0000][7][safepoint   ] Safepoint "Cleanup", Time since last: 1002103800 ns, Reaching safepoint: 3532200 ns, At safepoint: 208600 ns, Total: 3740800 ns
[2022-03-19T08:39:07.048+0000][7][safepoint   ] Safepoint "Cleanup", Time since last: 1002018100 ns, Reaching safepoint: 215200 ns, At safepoint: 50500 ns, Total: 265700 ns
[2022-03-19T08:39:08.057+0000][7][safepoint   ] Safepoint "Cleanup", Time since last: 1008745400 ns, Reaching safepoint: 178500 ns, At safepoint: 16400 ns, Total: 194900 ns
[2022-03-19T08:39:09.058+0000][7][safepoint   ] Safepoint "Cleanup", Time since last: 1000674100 ns, Reaching safepoint: 132800 ns, At safepoint: 7800 ns, Total: 140600 ns
[2022-03-19T08:39:10.065+0000][7][safepoint   ] Safepoint "Cleanup", Time since last: 1006818000 ns, Reaching safepoint: 146800 ns, At safepoint: 11300 ns, Total: 158100 ns
[2022-03-19T08:39:11.065+0000][7][safepoint   ] Safepoint "Cleanup", Time since last: 1000489100 ns, Reaching safepoint: 204600 ns, At safepoint: 6000 ns, Total: 210600 ns
[2022-03-19T08:39:12.072+0000][7][safepoint   ] Safepoint "Cleanup", Time since last: 1006317900 ns, Reaching safepoint: 195500 ns, At safepoint: 16900 ns, Total: 212400 ns
[2022-03-19T08:39:13.092+0000][7][safepoint   ] Safepoint "Cleanup", Time since last: 1020157300 ns, Reaching safepoint: 172600 ns, At safepoint: 48200 ns, Total: 220800 ns
[2022-03-19T08:39:14.096+0000][7][safepoint   ] Safepoint "Cleanup", Time since last: 1003118900 ns, Reaching safepoint: 255600 ns, At safepoint: 34500 ns, Total: 290100 ns
[2022-03-19T08:39:15.402+0000][7][safepoint   ] Safepoint "Cleanup", Time since last: 1306307900 ns, Reaching safepoint: 415400 ns, At safepoint: 112700 ns, Total: 528100 ns
[2022-03-19T08:39:16.403+0000][7][safepoint   ] Safepoint "Cleanup", Time since last: 1000758500 ns, Reaching safepoint: 204400 ns, At safepoint: 12600 ns, Total: 217000 ns
[2022-03-19T08:39:17.452+0000][7][safepoint   ] Safepoint "Cleanup", Time since last: 1048691500 ns, Reaching safepoint: 127300 ns, At safepoint: 12100 ns, Total: 139400 ns
[2022-03-19T08:39:18.486+0000][7][safepoint   ] Safepoint "Cleanup", Time since last: 1034019500 ns, Reaching safepoint: 180600 ns, At safepoint: 8500 ns, Total: 189100 ns
[2022-03-19T08:39:19.487+0000][7][safepoint   ] Safepoint "Cleanup", Time since last: 1000587600 ns, Reaching safepoint: 160100 ns, At safepoint: 54000 ns, Total: 214100 ns
[2022-03-19T08:39:20.496+0000][7][safepoint   ] Safepoint "Cleanup", Time since last: 1008576500 ns, Reaching safepoint: 206900 ns, At safepoint: 17000 ns, Total: 223900 ns
[2022-03-19T08:39:21.519+0000][7][safepoint   ] Safepoint "Cleanup", Time since last: 1022533000 ns, Reaching safepoint: 254000 ns, At safepoint: 17900 ns, Total: 271900 ns
[2022-03-19T08:39:22.529+0000][7][safepoint   ] Safepoint "Cleanup", Time since last: 1010327400 ns, Reaching safepoint: 155200 ns, At safepoint: 7400 ns, Total: 162600 ns
[2022-03-19T08:39:23.757+0000][7][safepoint   ] Safepoint "Cleanup", Time since last: 1227311800 ns, Reaching safepoint: 219300 ns, At safepoint: 77700 ns, Total: 297000 ns
[2022-03-19T08:39:24.782+0000][7][safepoint   ] Safepoint "Cleanup", Time since last: 1024742200 ns, Reaching safepoint: 200500 ns, At safepoint: 11900 ns, Total: 212400 ns
[2022-03-19T08:39:25.811+0000][7][safepoint   ] Safepoint "Cleanup", Time since last: 1028454000 ns, Reaching safepoint: 179900 ns, At safepoint: 8200 ns, Total: 188100 ns
[2022-03-19T08:39:26.820+0000][7][safepoint   ] Safepoint "Cleanup", Time since last: 1009128200 ns, Reaching safepoint: 142600 ns, At safepoint: 12800 ns, Total: 155400 ns
[2022-03-19T08:39:27.821+0000][7][safepoint   ] Safepoint "Cleanup", Time since last: 1000584500 ns, Reaching safepoint: 205400 ns, At safepoint: 8800 ns, Total: 214200 ns
[2022-03-19T08:39:28.822+0000][7][safepoint   ] Safepoint "Cleanup", Time since last: 1000743400 ns, Reaching safepoint: 260600 ns, At safepoint: 18800 ns, Total: 279400 ns
[2022-03-19T08:39:29.822+0000][7][safepoint   ] Safepoint "Cleanup", Time since last: 1000561700 ns, Reaching safepoint: 205100 ns, At safepoint: 18800 ns, Total: 223900 ns
[2022-03-19T08:39:30.847+0000][7][safepoint   ] Safepoint "Cleanup", Time since last: 1024530800 ns, Reaching safepoint: 177800 ns, At safepoint: 15300 ns, Total: 193100 ns
[2022-03-19T08:39:31.908+0000][7][safepoint   ] Safepoint "Cleanup", Time since last: 1060175700 ns, Reaching safepoint: 172300 ns, At safepoint: 20400 ns, Total: 192700 ns
[2022-03-19T08:39:32.908+0000][7][safepoint   ] Safepoint "Cleanup", Time since last: 1000523100 ns, Reaching safepoint: 250900 ns, At safepoint: 15400 ns, Total: 266300 ns
[2022-03-19T08:39:34.232+0000][7][safepoint   ] Safepoint "Cleanup", Time since last: 1323472600 ns, Reaching safepoint: 433100 ns, At safepoint: 89000 ns, Total: 522100 ns
[2022-03-19T08:39:35.289+0000][7][safepoint   ] Safepoint "Cleanup", Time since last: 1044149600 ns, Reaching safepoint: 12773500 ns, At safepoint: 122200 ns, Total: 12895700 ns
[2022-03-19T08:39:36.290+0000][7][safepoint   ] Safepoint "Cleanup", Time since last: 1000749700 ns, Reaching safepoint: 126100 ns, At safepoint: 9900 ns, Total: 136000 ns
[2022-03-19T08:39:37.383+0000][7][safepoint   ] Safepoint "Cleanup", Time since last: 1092801200 ns, Reaching safepoint: 245300 ns, At safepoint: 52700 ns, Total: 298000 ns
[2022-03-19T08:39:37.432+0000][7][gc,start    ] GC(12) Pause Young (Concurrent Start) (Metadata GC Threshold)
[2022-03-19T08:39:37.433+0000][7][gc,task     ] GC(12) Using 4 workers of 4 for evacuation
[2022-03-19T08:39:37.433+0000][7][gc,age      ] GC(12) Desired survivor size 20971520 bytes, new threshold 2 (max threshold 15)
[2022-03-19T08:39:37.564+0000][7][gc,age      ] GC(12) Age table with threshold 2 (max threshold 15)
[2022-03-19T08:39:37.564+0000][7][gc,age      ] GC(12) - age   1:    5085832 bytes,    5085832 total
[2022-03-19T08:39:37.564+0000][7][gc,age      ] GC(12) - age   2:   13093152 bytes,   18178984 total
[2022-03-19T08:39:37.565+0000][7][gc,phases   ] GC(12)   Pre Evacuate Collection Set: 0.4ms
[2022-03-19T08:39:37.565+0000][7][gc,phases   ] GC(12)   Merge Heap Roots: 0.2ms
[2022-03-19T08:39:37.566+0000][7][gc,phases   ] GC(12)   Evacuate Collection Set: 126.5ms
[2022-03-19T08:39:37.566+0000][7][gc,phases   ] GC(12)   Post Evacuate Collection Set: 2.9ms
[2022-03-19T08:39:37.566+0000][7][gc,phases   ] GC(12)   Other: 2.4ms
[2022-03-19T08:39:37.566+0000][7][gc,heap     ] GC(12) Eden regions: 52->0(98)
[2022-03-19T08:39:37.567+0000][7][gc,heap     ] GC(12) Survivor regions: 7->5(10)
[2022-03-19T08:39:37.567+0000][7][gc,heap     ] GC(12) Old regions: 12->14
[2022-03-19T08:39:37.567+0000][7][gc,heap     ] GC(12) Archive regions: 2->2
[2022-03-19T08:39:37.568+0000][7][gc,heap     ] GC(12) Humongous regions: 2->2
[2022-03-19T08:39:37.568+0000][7][gc,metaspace] GC(12) Metaspace: 100337K(101760K)->100337K(101760K) NonClass: 86299K(87168K)->86299K(87168K) Class: 14038K(14592K)->14038K(14592K)
[2022-03-19T08:39:37.568+0000][7][gc          ] GC(12) Pause Young (Concurrent Start) (Metadata GC Threshold) 292M->87M(3128M) 135.866ms
[2022-03-19T08:39:37.569+0000][7][gc,cpu      ] GC(12) User=0.46s Sys=0.01s Real=0.13s
[2022-03-19T08:39:37.569+0000][7][gc          ] GC(13) Concurrent Mark Cycle
[2022-03-19T08:39:37.569+0000][7][gc,marking  ] GC(13) Concurrent Clear Claimed Marks
[2022-03-19T08:39:37.570+0000][7][gc,marking  ] GC(13) Concurrent Clear Claimed Marks 0.465ms
[2022-03-19T08:39:37.582+0000][7][gc,marking  ] GC(13) Concurrent Scan Root Regions
[2022-03-19T08:39:37.570+0000][7][safepoint   ] Safepoint "CollectForMetadataAllocation", Time since last: 48840500 ns, Reaching safepoint: 228200 ns, At safepoint: 137434000 ns, Total: 137662200 ns
[2022-03-19T08:39:37.696+0000][7][gc,marking  ] GC(13) Concurrent Scan Root Regions 113.339ms
[2022-03-19T08:39:37.711+0000][7][gc,marking  ] GC(13) Concurrent Mark
[2022-03-19T08:39:37.714+0000][7][gc,marking  ] GC(13) Concurrent Mark From Roots
[2022-03-19T08:39:37.715+0000][7][gc,task     ] GC(13) Using 1 workers of 1 for marking
[2022-03-19T08:39:37.952+0000][7][gc,marking  ] GC(13) Concurrent Mark From Roots 238.218ms
[2022-03-19T08:39:37.952+0000][7][gc,marking  ] GC(13) Concurrent Preclean
[2022-03-19T08:39:37.953+0000][7][gc,marking  ] GC(13) Concurrent Preclean 0.593ms
[2022-03-19T08:39:37.954+0000][7][gc,start    ] GC(13) Pause Remark
[2022-03-19T08:39:37.961+0000][7][gc          ] GC(13) Pause Remark 94M->94M(3128M) 7.912ms
[2022-03-19T08:39:37.962+0000][7][gc,cpu      ] GC(13) User=0.03s Sys=0.00s Real=0.01s
[2022-03-19T08:39:37.962+0000][7][safepoint   ] Safepoint "G1Concurrent", Time since last: 383523600 ns, Reaching safepoint: 162500 ns, At safepoint: 8537500 ns, Total: 8700000 ns
[2022-03-19T08:39:37.962+0000][7][gc,marking  ] GC(13) Concurrent Mark 251.124ms
[2022-03-19T08:39:37.963+0000][7][gc,marking  ] GC(13) Concurrent Rebuild Remembered Sets
[2022-03-19T08:39:37.963+0000][7][gc,marking  ] GC(13) Concurrent Rebuild Remembered Sets 0.324ms
[2022-03-19T08:39:37.964+0000][7][gc,start    ] GC(13) Pause Cleanup
[2022-03-19T08:39:37.964+0000][7][gc          ] GC(13) Pause Cleanup 94M->94M(3128M) 0.358ms
[2022-03-19T08:39:37.965+0000][7][gc,cpu      ] GC(13) User=0.00s Sys=0.00s Real=0.00s
[2022-03-19T08:39:37.965+0000][7][safepoint   ] Safepoint "G1Concurrent", Time since last: 1825600 ns, Reaching safepoint: 143100 ns, At safepoint: 1195400 ns, Total: 1338500 ns
[2022-03-19T08:39:37.966+0000][7][gc,marking  ] GC(13) Concurrent Cleanup for Next Mark
[2022-03-19T08:39:37.971+0000][7][gc,marking  ] GC(13) Concurrent Cleanup for Next Mark 5.496ms
[2022-03-19T08:39:37.972+0000][7][gc          ] GC(13) Concurrent Mark Cycle 402.491ms
[2022-03-19T08:39:38.966+0000][7][safepoint   ] Safepoint "Cleanup", Time since last: 1000460700 ns, Reaching safepoint: 200100 ns, At safepoint: 17400 ns, Total: 217500 ns
[2022-03-19T08:39:40.508+0000][7][safepoint   ] Safepoint "Cleanup", Time since last: 1541692200 ns, Reaching safepoint: 209900 ns, At safepoint: 10900 ns, Total: 220800 ns
[2022-03-19T08:39:41.987+0000][7][safepoint   ] Safepoint "Cleanup", Time since last: 1479227600 ns, Reaching safepoint: 263000 ns, At safepoint: 84000 ns, Total: 347000 ns
[2022-03-19T08:39:43.140+0000][7][safepoint   ] Safepoint "Cleanup", Time since last: 1152433600 ns, Reaching safepoint: 190300 ns, At safepoint: 16200 ns, Total: 206500 ns
[2022-03-19T08:39:44.180+0000][7][safepoint   ] Safepoint "Cleanup", Time since last: 1040133700 ns, Reaching safepoint: 207700 ns, At safepoint: 20000 ns, Total: 227700 ns
[2022-03-19T08:39:45.198+0000][7][safepoint   ] Safepoint "Cleanup", Time since last: 1017521700 ns, Reaching safepoint: 157000 ns, At safepoint: 8200 ns, Total: 165200 ns
[2022-03-19T08:39:46.863+0000][7][safepoint   ] Safepoint "Cleanup", Time since last: 1664622300 ns, Reaching safepoint: 242500 ns, At safepoint: 44200 ns, Total: 286700 ns
[2022-03-19T08:39:48.849+0000][7][safepoint   ] Safepoint "Cleanup", Time since last: 1985451100 ns, Reaching safepoint: 327700 ns, At safepoint: 22200 ns, Total: 349900 ns
[2022-03-19T08:39:49.910+0000][7][safepoint   ] Safepoint "Cleanup", Time since last: 1061026700 ns, Reaching safepoint: 372900 ns, At safepoint: 60600 ns, Total: 433500 ns
[2022-03-19T08:39:50.917+0000][7][safepoint   ] Safepoint "Cleanup", Time since last: 1006452500 ns, Reaching safepoint: 189400 ns, At safepoint: 10600 ns, Total: 200000 ns
[2022-03-19T08:39:51.936+0000][7][safepoint   ] Safepoint "Cleanup", Time since last: 1018958800 ns, Reaching safepoint: 189300 ns, At safepoint: 8100 ns, Total: 197400 ns
[2022-03-19T08:39:52.941+0000][7][safepoint   ] Safepoint "Cleanup", Time since last: 1004261100 ns, Reaching safepoint: 231400 ns, At safepoint: 11300 ns, Total: 242700 ns
[2022-03-19T08:39:53.944+0000][7][safepoint   ] Safepoint "Cleanup", Time since last: 1003525400 ns, Reaching safepoint: 187300 ns, At safepoint: 17400 ns, Total: 204700 ns
[2022-03-19T08:39:55.111+0000][7][safepoint   ] Safepoint "Cleanup", Time since last: 1166201600 ns, Reaching safepoint: 178500 ns, At safepoint: 48300 ns, Total: 226800 ns
[2022-03-19T08:39:56.188+0000][7][safepoint   ] Safepoint "Cleanup", Time since last: 1062237000 ns, Reaching safepoint: 15338500 ns, At safepoint: 115000 ns, Total: 15453500 ns
[2022-03-19T08:39:58.644+0000][7][safepoint   ] Safepoint "Cleanup", Time since last: 2015661600 ns, Reaching safepoint: 439949100 ns, At safepoint: 277100 ns, Total: 440226200 ns
[2022-03-19T08:39:59.708+0000][7][safepoint   ] Safepoint "Cleanup", Time since last: 1011650200 ns, Reaching safepoint: 51993600 ns, At safepoint: 194100 ns, Total: 52187700 ns
[2022-03-19T08:40:01.020+0000][7][safepoint   ] Safepoint "Cleanup", Time since last: 1306121400 ns, Reaching safepoint: 5972800 ns, At safepoint: 31200 ns, Total: 6004000 ns
[2022-03-19T08:40:03.030+0000][7][safepoint   ] Safepoint "Cleanup", Time since last: 2008201900 ns, Reaching safepoint: 561500 ns, At safepoint: 650900 ns, Total: 1212400 ns
[2022-03-19T08:40:04.064+0000][7][safepoint   ] Safepoint "Cleanup", Time since last: 1034003200 ns, Reaching safepoint: 138100 ns, At safepoint: 18300 ns, Total: 156400 ns
[2022-03-19T08:40:05.086+0000][7][safepoint   ] Safepoint "Cleanup", Time since last: 1021453200 ns, Reaching safepoint: 587100 ns, At safepoint: 23000 ns, Total: 610100 ns
[2022-03-19T08:40:07.087+0000][7][safepoint   ] Safepoint "Cleanup", Time since last: 2000752900 ns, Reaching safepoint: 309300 ns, At safepoint: 55300 ns, Total: 364600 ns
[2022-03-19T08:40:08.089+0000][7][safepoint   ] Safepoint "Cleanup", Time since last: 1001194600 ns, Reaching safepoint: 409800 ns, At safepoint: 318600 ns, Total: 728400 ns
[2022-03-19T08:40:09.090+0000][7][safepoint   ] Safepoint "Cleanup", Time since last: 1000879900 ns, Reaching safepoint: 212000 ns, At safepoint: 9500 ns, Total: 221500 ns
[2022-03-19T08:40:10.146+0000][7][safepoint   ] Safepoint "Cleanup", Time since last: 1055976500 ns, Reaching safepoint: 199000 ns, At safepoint: 51500 ns, Total: 250500 ns
[2022-03-19T08:40:11.154+0000][7][safepoint   ] Safepoint "Cleanup", Time since last: 1005428400 ns, Reaching safepoint: 2243100 ns, At safepoint: 95100 ns, Total: 2338200 ns
[2022-03-19T08:40:12.160+0000][7][safepoint   ] Safepoint "Cleanup", Time since last: 1005994200 ns, Reaching safepoint: 163300 ns, At safepoint: 9300 ns, Total: 172600 ns
[2022-03-19T08:40:13.166+0000][7][safepoint   ] Safepoint "Cleanup", Time since last: 1004418700 ns, Reaching safepoint: 1498000 ns, At safepoint: 217100 ns, Total: 1715100 ns
[2022-03-19T08:40:14.190+0000][7][safepoint   ] Safepoint "Cleanup", Time since last: 1023656300 ns, Reaching safepoint: 185600 ns, At safepoint: 41500 ns, Total: 227100 ns
[2022-03-19T08:40:14.293+0000][7][gc,start    ] GC(14) Pause Young (Normal) (G1 Evacuation Pause)
[2022-03-19T08:40:14.294+0000][7][gc,task     ] GC(14) Using 4 workers of 4 for evacuation
[2022-03-19T08:40:14.295+0000][7][gc,age      ] GC(14) Desired survivor size 27262976 bytes, new threshold 15 (max threshold 15)
[2022-03-19T08:40:14.376+0000][7][gc,age      ] GC(14) Age table with threshold 15 (max threshold 15)
[2022-03-19T08:40:14.377+0000][7][gc,age      ] GC(14) - age   1:   10387816 bytes,   10387816 total
[2022-03-19T08:40:14.377+0000][7][gc,age      ] GC(14) - age   2:    4737176 bytes,   15124992 total
[2022-03-19T08:40:14.378+0000][7][gc,age      ] GC(14) - age   3:   13006432 bytes,   28131424 total
[2022-03-19T08:40:14.379+0000][7][gc,phases   ] GC(14)   Pre Evacuate Collection Set: 0.4ms
[2022-03-19T08:40:14.379+0000][7][gc,phases   ] GC(14)   Merge Heap Roots: 0.3ms
[2022-03-19T08:40:14.380+0000][7][gc,phases   ] GC(14)   Evacuate Collection Set: 57.2ms
[2022-03-19T08:40:14.380+0000][7][gc,phases   ] GC(14)   Post Evacuate Collection Set: 16.9ms
[2022-03-19T08:40:14.381+0000][7][gc,phases   ] GC(14)   Other: 10.6ms
[2022-03-19T08:40:14.385+0000][7][gc,heap     ] GC(14) Eden regions: 93->0(98)
[2022-03-19T08:40:14.386+0000][7][gc,heap     ] GC(14) Survivor regions: 5->7(13)
[2022-03-19T08:40:14.386+0000][7][gc,heap     ] GC(14) Old regions: 14->14
[2022-03-19T08:40:14.386+0000][7][gc,heap     ] GC(14) Archive regions: 2->2
[2022-03-19T08:40:14.387+0000][7][gc,heap     ] GC(14) Humongous regions: 2->2
[2022-03-19T08:40:14.388+0000][7][gc,metaspace] GC(14) Metaspace: 105797K(107264K)->105797K(107264K) NonClass: 90978K(91840K)->90978K(91840K) Class: 14819K(15424K)->14819K(15424K)
[2022-03-19T08:40:14.388+0000][7][gc          ] GC(14) Pause Young (Normal) (G1 Evacuation Pause) 459M->95M(3128M) 95.048ms
[2022-03-19T08:40:14.389+0000][7][gc,cpu      ] GC(14) User=0.10s Sys=0.15s Real=0.09s
[2022-03-19T08:40:14.389+0000][7][safepoint   ] Safepoint "G1CollectForAllocation", Time since last: 102703500 ns, Reaching safepoint: 168100 ns, At safepoint: 96198600 ns, Total: 96366700 ns
[2022-03-19T08:40:15.396+0000][7][safepoint   ] Safepoint "Cleanup", Time since last: 1006765900 ns, Reaching safepoint: 131300 ns, At safepoint: 9200 ns, Total: 140500 ns
[2022-03-19T08:40:16.397+0000][7][safepoint   ] Safepoint "Cleanup", Time since last: 1000422200 ns, Reaching safepoint: 444900 ns, At safepoint: 23800 ns, Total: 468700 ns
[2022-03-19T08:40:17.400+0000][7][safepoint   ] Safepoint "Cleanup", Time since last: 1002556500 ns, Reaching safepoint: 196200 ns, At safepoint: 10200 ns, Total: 206400 ns
[2022-03-19T08:40:18.436+0000][7][safepoint   ] Safepoint "Cleanup", Time since last: 1036183200 ns, Reaching safepoint: 171500 ns, At safepoint: 10300 ns, Total: 181800 ns
[2022-03-19T08:40:19.438+0000][7][safepoint   ] Safepoint "Cleanup", Time since last: 1001280500 ns, Reaching safepoint: 273900 ns, At safepoint: 51100 ns, Total: 325000 ns
[2022-03-19T08:40:20.439+0000][7][safepoint   ] Safepoint "Cleanup", Time since last: 1001227000 ns, Reaching safepoint: 196200 ns, At safepoint: 19900 ns, Total: 216100 ns
[2022-03-19T08:40:22.454+0000][7][safepoint   ] Safepoint "Cleanup", Time since last: 2014061400 ns, Reaching safepoint: 165500 ns, At safepoint: 9300 ns, Total: 174800 ns
[2022-03-19T08:40:23.462+0000][7][safepoint   ] Safepoint "Cleanup", Time since last: 1008373600 ns, Reaching safepoint: 226700 ns, At safepoint: 24000 ns, Total: 250700 ns
[2022-03-19T08:40:24.489+0000][7][safepoint   ] Safepoint "Cleanup", Time since last: 1026857200 ns, Reaching safepoint: 240000 ns, At safepoint: 16400 ns, Total: 256400 ns
[2022-03-19T08:40:25.530+0000][7][safepoint   ] Safepoint "Cleanup", Time since last: 1005634500 ns, Reaching safepoint: 35201700 ns, At safepoint: 144000 ns, Total: 35345700 ns
[2022-03-19T08:40:26.539+0000][7][safepoint   ] Safepoint "Cleanup", Time since last: 1008383400 ns, Reaching safepoint: 649700 ns, At safepoint: 57200 ns, Total: 706900 ns
[2022-03-19T08:40:27.554+0000][7][safepoint   ] Safepoint "Cleanup", Time since last: 1012443400 ns, Reaching safepoint: 2335800 ns, At safepoint: 74600 ns, Total: 2410400 ns
[2022-03-19T08:40:28.557+0000][7][safepoint   ] Safepoint "Cleanup", Time since last: 1002354900 ns, Reaching safepoint: 108300 ns, At safepoint: 11600 ns, Total: 119900 ns
[2022-03-19T08:40:29.559+0000][7][safepoint   ] Safepoint "Cleanup", Time since last: 1002640600 ns, Reaching safepoint: 128000 ns, At safepoint: 8300 ns, Total: 136300 ns
[2022-03-19T08:40:30.618+0000][7][safepoint   ] Safepoint "Cleanup", Time since last: 1000618200 ns, Reaching safepoint: 57507400 ns, At safepoint: 102900 ns, Total: 57610300 ns
[2022-03-19T08:40:31.619+0000][7][safepoint   ] Safepoint "Cleanup", Time since last: 1001348200 ns, Reaching safepoint: 165500 ns, At safepoint: 44200 ns, Total: 209700 ns
[2022-03-19T08:40:32.628+0000][7][safepoint   ] Safepoint "Cleanup", Time since last: 1000686800 ns, Reaching safepoint: 7848300 ns, At safepoint: 60700 ns, Total: 7909000 ns
[2022-03-19T08:40:33.634+0000][7][safepoint   ] Safepoint "Cleanup", Time since last: 1000341100 ns, Reaching safepoint: 5441200 ns, At safepoint: 58100 ns, Total: 5499300 ns
[2022-03-19T08:40:34.634+0000][7][safepoint   ] Safepoint "Cleanup", Time since last: 1000400600 ns, Reaching safepoint: 173100 ns, At safepoint: 15700 ns, Total: 188800 ns
[2022-03-19T08:40:35.635+0000][7][safepoint   ] Safepoint "Cleanup", Time since last: 1000678600 ns, Reaching safepoint: 120100 ns, At safepoint: 53100 ns, Total: 173200 ns
[2022-03-19T08:40:38.683+0000][7][safepoint   ] Safepoint "Cleanup", Time since last: 3047986500 ns, Reaching safepoint: 119600 ns, At safepoint: 6300 ns, Total: 125900 ns
[2022-03-19T08:40:40.684+0000][7][safepoint   ] Safepoint "Cleanup", Time since last: 2000795800 ns, Reaching safepoint: 126100 ns, At safepoint: 7700 ns, Total: 133800 ns
[2022-03-19T08:40:41.685+0000][7][safepoint   ] Safepoint "Cleanup", Time since last: 1000435200 ns, Reaching safepoint: 121800 ns, At safepoint: 6100 ns, Total: 127900 ns
[2022-03-19T08:40:44.686+0000][7][safepoint   ] Safepoint "Cleanup", Time since last: 3001513000 ns, Reaching safepoint: 172100 ns, At safepoint: 12500 ns, Total: 184600 ns
[2022-03-19T08:40:49.689+0000][7][safepoint   ] Safepoint "Cleanup", Time since last: 5002290100 ns, Reaching safepoint: 133300 ns, At safepoint: 9600 ns, Total: 142900 ns
[2022-03-19T08:40:55.692+0000][7][safepoint   ] Safepoint "Cleanup", Time since last: 6003494100 ns, Reaching safepoint: 128000 ns, At safepoint: 8500 ns, Total: 136500 ns
[2022-03-19T08:40:59.695+0000][7][safepoint   ] Safepoint "Cleanup", Time since last: 4002830500 ns, Reaching safepoint: 115500 ns, At safepoint: 20500 ns, Total: 136000 ns
[2022-03-19T08:41:02.698+0000][7][safepoint   ] Safepoint "Cleanup", Time since last: 3002626300 ns, Reaching safepoint: 130200 ns, At safepoint: 9900 ns, Total: 140100 ns
[2022-03-19T08:41:03.699+0000][7][safepoint   ] Safepoint "Cleanup", Time since last: 1000824000 ns, Reaching safepoint: 174900 ns, At safepoint: 20700 ns, Total: 195600 ns
[2022-03-19T08:41:04.700+0000][7][safepoint   ] Safepoint "Cleanup", Time since last: 1001057800 ns, Reaching safepoint: 189200 ns, At safepoint: 17100 ns, Total: 206300 ns
[2022-03-19T08:41:05.702+0000][7][safepoint   ] Safepoint "Cleanup", Time since last: 1000957100 ns, Reaching safepoint: 125700 ns, At safepoint: 10300 ns, Total: 136000 ns
[2022-03-19T08:41:14.705+0000][7][safepoint   ] Safepoint "Cleanup", Time since last: 9003477700 ns, Reaching safepoint: 150300 ns, At safepoint: 9200 ns, Total: 159500 ns
[2022-03-19T08:41:15.706+0000][7][safepoint   ] Safepoint "Cleanup", Time since last: 1000723900 ns, Reaching safepoint: 116400 ns, At safepoint: 15200 ns, Total: 131600 ns
[2022-03-19T08:41:29.713+0000][7][safepoint   ] Safepoint "Cleanup", Time since last: 14005478000 ns, Reaching safepoint: 908900 ns, At safepoint: 39300 ns, Total: 948200 ns
[2022-03-19T08:41:32.859+0000][7][safepoint   ] Safepoint "Cleanup", Time since last: 3145010200 ns, Reaching safepoint: 985300 ns, At safepoint: 263100 ns, Total: 1248400 ns
[2022-03-19T08:41:33.865+0000][7][safepoint   ] Safepoint "Cleanup", Time since last: 1006044600 ns, Reaching safepoint: 654400 ns, At safepoint: 30300 ns, Total: 684700 ns
[2022-03-19T08:41:35.236+0000][7][safepoint   ] Safepoint "Cleanup", Time since last: 1369690300 ns, Reaching safepoint: 570600 ns, At safepoint: 30400 ns, Total: 601000 ns
[2022-03-19T08:41:47.472+0000][7][safepoint   ] Safepoint "Cleanup", Time since last: 12235415500 ns, Reaching safepoint: 773100 ns, At safepoint: 40600 ns, Total: 813700 ns
[2022-03-19T08:41:57.493+0000][7][safepoint   ] Safepoint "Cleanup", Time since last: 10020448300 ns, Reaching safepoint: 130100 ns, At safepoint: 9100 ns, Total: 139200 ns
[2022-03-19T08:42:03.494+0000][7][safepoint   ] Safepoint "Cleanup", Time since last: 6001655800 ns, Reaching safepoint: 137900 ns, At safepoint: 8200 ns, Total: 146100 ns
[2022-03-19T08:42:07.497+0000][7][safepoint   ] Safepoint "Cleanup", Time since last: 4002791600 ns, Reaching safepoint: 172700 ns, At safepoint: 10900 ns, Total: 183600 ns
[2022-03-19T08:42:10.500+0000][7][safepoint   ] Safepoint "Cleanup", Time since last: 3002472300 ns, Reaching safepoint: 145100 ns, At safepoint: 9400 ns, Total: 154500 ns
[2022-03-19T08:42:12.501+0000][7][safepoint   ] Safepoint "Cleanup", Time since last: 2000996000 ns, Reaching safepoint: 180200 ns, At safepoint: 11700 ns, Total: 191900 ns
[2022-03-19T08:42:20.505+0000][7][safepoint   ] Safepoint "Cleanup", Time since last: 8003411400 ns, Reaching safepoint: 173000 ns, At safepoint: 11200 ns, Total: 184200 ns
[2022-03-19T08:42:33.512+0000][7][safepoint   ] Safepoint "Cleanup", Time since last: 13006834000 ns, Reaching safepoint: 223500 ns, At safepoint: 11300 ns, Total: 234800 ns
[2022-03-19T08:42:55.523+0000][7][safepoint   ] Safepoint "Cleanup", Time since last: 22011193200 ns, Reaching safepoint: 150400 ns, At safepoint: 10300 ns, Total: 160700 ns
[2022-03-19T08:43:10.531+0000][7][safepoint   ] Safepoint "Cleanup", Time since last: 15007825500 ns, Reaching safepoint: 265600 ns, At safepoint: 25500 ns, Total: 291100 ns
[2022-03-19T08:43:33.544+0000][7][safepoint   ] Safepoint "Cleanup", Time since last: 23012117800 ns, Reaching safepoint: 131500 ns, At safepoint: 13900 ns, Total: 145400 ns
[2022-03-19T08:43:35.545+0000][7][safepoint   ] Safepoint "Cleanup", Time since last: 2001728100 ns, Reaching safepoint: 138600 ns, At safepoint: 8900 ns, Total: 147500 ns
[2022-03-19T08:43:38.548+0000][7][safepoint   ] Safepoint "Cleanup", Time since last: 3002373200 ns, Reaching safepoint: 141900 ns, At safepoint: 16600 ns, Total: 158500 ns
[2022-03-19T08:43:40.550+0000][7][safepoint   ] Safepoint "Cleanup", Time since last: 2001964200 ns, Reaching safepoint: 176400 ns, At safepoint: 18300 ns, Total: 194700 ns
[2022-03-19T08:44:31.575+0000][7][safepoint   ] Safepoint "Cleanup", Time since last: 51024412800 ns, Reaching safepoint: 218100 ns, At safepoint: 12500 ns, Total: 230600 ns
[2022-03-19T08:44:55.586+0000][7][safepoint   ] Safepoint "Cleanup", Time since last: 24011539700 ns, Reaching safepoint: 126600 ns, At safepoint: 8300 ns, Total: 134900 ns
[2022-03-19T08:44:56.587+0000][7][safepoint   ] Safepoint "Cleanup", Time since last: 1000694400 ns, Reaching safepoint: 104400 ns, At safepoint: 16300 ns, Total: 120700 ns
[2022-03-19T08:44:57.588+0000][7][safepoint   ] Safepoint "Cleanup", Time since last: 1000782700 ns, Reaching safepoint: 219000 ns, At safepoint: 18300 ns, Total: 237300 ns
[2022-03-19T08:45:03.592+0000][7][safepoint   ] Safepoint "Cleanup", Time since last: 6003435100 ns, Reaching safepoint: 124200 ns, At safepoint: 8800 ns, Total: 133000 ns
[2022-03-19T08:45:10.596+0000][7][safepoint   ] Safepoint "Cleanup", Time since last: 7004048300 ns, Reaching safepoint: 161600 ns, At safepoint: 12000 ns, Total: 173600 ns
[2022-03-19T08:45:21.862+0000][7][gc,start    ] GC(15) Pause Young (Normal) (G1 Evacuation Pause)
[2022-03-19T08:45:21.863+0000][7][gc,task     ] GC(15) Using 4 workers of 4 for evacuation
[2022-03-19T08:45:21.863+0000][7][gc,age      ] GC(15) Desired survivor size 27262976 bytes, new threshold 3 (max threshold 15)
[2022-03-19T08:45:21.915+0000][7][gc,age      ] GC(15) Age table with threshold 3 (max threshold 15)
[2022-03-19T08:45:21.915+0000][7][gc,age      ] GC(15) - age   1:     321616 bytes,     321616 total
[2022-03-19T08:45:21.915+0000][7][gc,age      ] GC(15) - age   2:    5817696 bytes,    6139312 total
[2022-03-19T08:45:21.916+0000][7][gc,age      ] GC(15) - age   3:    4600616 bytes,   10739928 total
[2022-03-19T08:45:21.916+0000][7][gc,phases   ] GC(15)   Pre Evacuate Collection Set: 0.2ms
[2022-03-19T08:45:21.916+0000][7][gc,phases   ] GC(15)   Merge Heap Roots: 0.1ms
[2022-03-19T08:45:21.916+0000][7][gc,phases   ] GC(15)   Evacuate Collection Set: 49.9ms
[2022-03-19T08:45:21.916+0000][7][gc,phases   ] GC(15)   Post Evacuate Collection Set: 1.6ms
[2022-03-19T08:45:21.916+0000][7][gc,phases   ] GC(15)   Other: 1.6ms
[2022-03-19T08:45:21.917+0000][7][gc,heap     ] GC(15) Eden regions: 93->0(281)
[2022-03-19T08:45:21.917+0000][7][gc,heap     ] GC(15) Survivor regions: 7->4(13)
[2022-03-19T08:45:21.917+0000][7][gc,heap     ] GC(15) Old regions: 14->18
[2022-03-19T08:45:21.917+0000][7][gc,heap     ] GC(15) Archive regions: 2->2
[2022-03-19T08:45:21.917+0000][7][gc,heap     ] GC(15) Humongous regions: 2->2
[2022-03-19T08:45:21.917+0000][7][gc,metaspace] GC(15) Metaspace: 106400K(107904K)->106400K(107904K) NonClass: 91545K(92416K)->91545K(92416K) Class: 14854K(15488K)->14854K(15488K)
[2022-03-19T08:45:21.918+0000][7][gc          ] GC(15) Pause Young (Normal) (G1 Evacuation Pause) 467M->93M(3128M) 55.239ms
[2022-03-19T08:45:21.918+0000][7][gc,cpu      ] GC(15) User=0.14s Sys=0.00s Real=0.05s
[2022-03-19T08:45:21.918+0000][7][safepoint   ] Safepoint "G1CollectForAllocation", Time since last: 11259785400 ns, Reaching safepoint: 6466200 ns, At safepoint: 55643100 ns, Total: 62109300 ns
[2022-03-19T08:45:21.939+0000][7][gc,heap,exit] Heap
[2022-03-19T08:45:21.940+0000][7][gc,heap,exit]  garbage-first heap   total 3203072K, used 113532K [0x000000073c800000, 0x0000000800000000)
[2022-03-19T08:45:21.940+0000][7][gc,heap,exit]   region size 4096K, 9 young (36864K), 4 survivors (16384K)
[2022-03-19T08:45:21.940+0000][7][gc,heap,exit]  Metaspace       used 106408K, committed 107904K, reserved 1146880K
[2022-03-19T08:45:21.940+0000][7][gc,heap,exit]   class space    used 14856K, committed 15488K, reserved 1048576K
