[2022-03-19T09:30:50.114+0000][8][gc] Using G1
[2022-03-19T09:31:06.113+0000][8][gc,init] Version: 17.0.1+12 (release)
[2022-03-19T09:31:06.114+0000][8][gc,init] CPUs: 4 total, 4 available
[2022-03-19T09:31:06.115+0000][8][gc,init] Memory: 6251M
[2022-03-19T09:31:06.115+0000][8][gc,init] Large Page Support: Disabled
[2022-03-19T09:31:06.115+0000][8][gc,init] NUMA Support: Disabled
[2022-03-19T09:31:06.116+0000][8][gc,init] Compressed Oops: Enabled (Zero based)
[2022-03-19T09:31:06.116+0000][8][gc,init] Heap Region Size: 4M
[2022-03-19T09:31:06.116+0000][8][gc,init] Heap Min Capacity: 3128M
[2022-03-19T09:31:06.117+0000][8][gc,init] Heap Initial Capacity: 3128M
[2022-03-19T09:31:06.118+0000][8][gc,init] Heap Max Capacity: 3128M
[2022-03-19T09:31:06.118+0000][8][gc,init] Pre-touch: Enabled
[2022-03-19T09:31:06.119+0000][8][gc,init] Parallel Workers: 4
[2022-03-19T09:31:06.119+0000][8][gc,init] Concurrent Workers: 1
[2022-03-19T09:31:06.119+0000][8][gc,init] Concurrent Refinement Workers: 4
[2022-03-19T09:31:06.120+0000][8][gc,init] Periodic GC: Disabled
[2022-03-19T09:31:06.124+0000][8][gc,metaspace] CDS archive(s) mapped at: [0x0000000800000000-0x0000000800bd1000-0x0000000800bd1000), size 12390400, SharedBaseAddress: 0x0000000800000000, ArchiveRelocationMode: 0.
[2022-03-19T09:31:06.125+0000][8][gc,metaspace] Compressed class space mapped at: 0x0000000800c00000-0x0000000840c00000, reserved size: 1073741824
[2022-03-19T09:31:06.125+0000][8][gc,metaspace] Narrow klass base: 0x0000000800000000, Narrow klass shift: 0, Narrow klass range: 0x100000000
[2022-03-19T09:31:07.348+0000][8][safepoint   ] Safepoint "Cleanup", Time since last: 1127270400 ns, Reaching safepoint: 600500 ns, At safepoint: 70400 ns, Total: 670900 ns
[2022-03-19T09:31:08.409+0000][8][safepoint   ] Safepoint "Cleanup", Time since last: 1060851200 ns, Reaching safepoint: 207400 ns, At safepoint: 26500 ns, Total: 233900 ns
[2022-03-19T09:31:09.012+0000][8][safepoint   ] Safepoint "ICBufferFull", Time since last: 602271200 ns, Reaching safepoint: 310500 ns, At safepoint: 58800 ns, Total: 369300 ns
[2022-03-19T09:31:10.099+0000][8][safepoint   ] Safepoint "Cleanup", Time since last: 1086598400 ns, Reaching safepoint: 236100 ns, At safepoint: 9000 ns, Total: 245100 ns
[2022-03-19T09:31:11.382+0000][8][safepoint   ] Safepoint "Cleanup", Time since last: 1283627200 ns, Reaching safepoint: 242100 ns, At safepoint: 29300 ns, Total: 271400 ns
[2022-03-19T09:31:11.818+0000][8][gc,start    ] GC(0) Pause Young (Normal) (G1 Evacuation Pause)
[2022-03-19T09:31:11.819+0000][8][gc,task     ] GC(0) Using 4 workers of 4 for evacuation
[2022-03-19T09:31:11.819+0000][8][gc,age      ] GC(0) Desired survivor size 10485760 bytes, new threshold 15 (max threshold 15)
[2022-03-19T09:31:11.838+0000][8][gc,age      ] GC(0) Age table with threshold 15 (max threshold 15)
[2022-03-19T09:31:11.838+0000][8][gc,age      ] GC(0) - age   1:    9796488 bytes,    9796488 total
[2022-03-19T09:31:11.839+0000][8][gc,phases   ] GC(0)   Pre Evacuate Collection Set: 0.5ms
[2022-03-19T09:31:11.839+0000][8][gc,phases   ] GC(0)   Merge Heap Roots: 1.3ms
[2022-03-19T09:31:11.839+0000][8][gc,phases   ] GC(0)   Evacuate Collection Set: 13.8ms
[2022-03-19T09:31:11.840+0000][8][gc,phases   ] GC(0)   Post Evacuate Collection Set: 2.7ms
[2022-03-19T09:31:11.840+0000][8][gc,phases   ] GC(0)   Other: 3.1ms
[2022-03-19T09:31:11.840+0000][8][gc,heap     ] GC(0) Eden regions: 39->0(36)
[2022-03-19T09:31:11.840+0000][8][gc,heap     ] GC(0) Survivor regions: 0->3(5)
[2022-03-19T09:31:11.840+0000][8][gc,heap     ] GC(0) Old regions: 0->0
[2022-03-19T09:31:11.840+0000][8][gc,heap     ] GC(0) Archive regions: 2->2
[2022-03-19T09:31:11.841+0000][8][gc,heap     ] GC(0) Humongous regions: 0->0
[2022-03-19T09:31:11.841+0000][8][gc,metaspace] GC(0) Metaspace: 15930K(16192K)->15930K(16192K) NonClass: 14058K(14144K)->14058K(14144K) Class: 1872K(2048K)->1872K(2048K)
[2022-03-19T09:31:11.841+0000][8][gc          ] GC(0) Pause Young (Normal) (G1 Evacuation Pause) 159M->13M(3128M) 22.787ms
[2022-03-19T09:31:11.841+0000][8][gc,cpu      ] GC(0) User=0.06s Sys=0.01s Real=0.03s
[2022-03-19T09:31:11.841+0000][8][safepoint   ] Safepoint "G1CollectForAllocation", Time since last: 432811800 ns, Reaching safepoint: 111400 ns, At safepoint: 26063500 ns, Total: 26174900 ns
[2022-03-19T09:31:12.072+0000][8][safepoint   ] Safepoint "ICBufferFull", Time since last: 230337400 ns, Reaching safepoint: 174700 ns, At safepoint: 17900 ns, Total: 192600 ns
[2022-03-19T09:31:12.080+0000][8][safepoint   ] Safepoint "ICBufferFull", Time since last: 8242800 ns, Reaching safepoint: 81800 ns, At safepoint: 4500 ns, Total: 86300 ns
[2022-03-19T09:31:12.091+0000][8][safepoint   ] Safepoint "ICBufferFull", Time since last: 10991700 ns, Reaching safepoint: 84400 ns, At safepoint: 4400 ns, Total: 88800 ns
[2022-03-19T09:31:12.094+0000][8][safepoint   ] Safepoint "ICBufferFull", Time since last: 1933900 ns, Reaching safepoint: 120100 ns, At safepoint: 34300 ns, Total: 154400 ns
[2022-03-19T09:31:12.096+0000][8][safepoint   ] Safepoint "ICBufferFull", Time since last: 2551400 ns, Reaching safepoint: 233900 ns, At safepoint: 38500 ns, Total: 272400 ns
[2022-03-19T09:31:12.312+0000][8][safepoint   ] Safepoint "ICBufferFull", Time since last: 215220000 ns, Reaching safepoint: 267600 ns, At safepoint: 62800 ns, Total: 330400 ns
[2022-03-19T09:31:12.654+0000][8][gc,start    ] GC(1) Pause Young (Normal) (G1 Evacuation Pause)
[2022-03-19T09:31:12.654+0000][8][gc,task     ] GC(1) Using 4 workers of 4 for evacuation
[2022-03-19T09:31:12.655+0000][8][gc,age      ] GC(1) Desired survivor size 10485760 bytes, new threshold 15 (max threshold 15)
[2022-03-19T09:31:12.673+0000][8][gc,age      ] GC(1) Age table with threshold 15 (max threshold 15)
[2022-03-19T09:31:12.673+0000][8][gc,age      ] GC(1) - age   1:    3522776 bytes,    3522776 total
[2022-03-19T09:31:12.674+0000][8][gc,age      ] GC(1) - age   2:    7875704 bytes,   11398480 total
[2022-03-19T09:31:12.674+0000][8][gc,phases   ] GC(1)   Pre Evacuate Collection Set: 0.2ms
[2022-03-19T09:31:12.674+0000][8][gc,phases   ] GC(1)   Merge Heap Roots: 0.1ms
[2022-03-19T09:31:12.674+0000][8][gc,phases   ] GC(1)   Evacuate Collection Set: 17.0ms
[2022-03-19T09:31:12.674+0000][8][gc,phases   ] GC(1)   Post Evacuate Collection Set: 1.0ms
[2022-03-19T09:31:12.675+0000][8][gc,phases   ] GC(1)   Other: 1.8ms
[2022-03-19T09:31:12.675+0000][8][gc,heap     ] GC(1) Eden regions: 36->0(36)
[2022-03-19T09:31:12.675+0000][8][gc,heap     ] GC(1) Survivor regions: 3->3(5)
[2022-03-19T09:31:12.675+0000][8][gc,heap     ] GC(1) Old regions: 0->0
[2022-03-19T09:31:12.676+0000][8][gc,heap     ] GC(1) Archive regions: 2->2
[2022-03-19T09:31:12.676+0000][8][gc,heap     ] GC(1) Humongous regions: 0->0
[2022-03-19T09:31:12.676+0000][8][gc,metaspace] GC(1) Metaspace: 17867K(18240K)->17867K(18240K) NonClass: 15715K(15936K)->15715K(15936K) Class: 2152K(2304K)->2152K(2304K)
[2022-03-19T09:31:12.676+0000][8][gc          ] GC(1) Pause Young (Normal) (G1 Evacuation Pause) 157M->15M(3128M) 22.285ms
[2022-03-19T09:31:12.676+0000][8][gc,cpu      ] GC(1) User=0.07s Sys=0.02s Real=0.02s
[2022-03-19T09:31:12.677+0000][8][safepoint   ] Safepoint "G1CollectForAllocation", Time since last: 341805800 ns, Reaching safepoint: 145000 ns, At safepoint: 22839700 ns, Total: 22984700 ns
[2022-03-19T09:31:13.075+0000][8][gc,start    ] GC(2) Pause Young (Normal) (G1 Evacuation Pause)
[2022-03-19T09:31:13.075+0000][8][gc,task     ] GC(2) Using 4 workers of 4 for evacuation
[2022-03-19T09:31:13.076+0000][8][gc,age      ] GC(2) Desired survivor size 10485760 bytes, new threshold 2 (max threshold 15)
[2022-03-19T09:31:13.109+0000][8][gc,age      ] GC(2) Age table with threshold 2 (max threshold 15)
[2022-03-19T09:31:13.110+0000][8][gc,age      ] GC(2) - age   1:    2312080 bytes,    2312080 total
[2022-03-19T09:31:13.110+0000][8][gc,age      ] GC(2) - age   2:    3058928 bytes,    5371008 total
[2022-03-19T09:31:13.110+0000][8][gc,phases   ] GC(2)   Pre Evacuate Collection Set: 0.3ms
[2022-03-19T09:31:13.110+0000][8][gc,phases   ] GC(2)   Merge Heap Roots: 0.2ms
[2022-03-19T09:31:13.111+0000][8][gc,phases   ] GC(2)   Evacuate Collection Set: 31.8ms
[2022-03-19T09:31:13.111+0000][8][gc,phases   ] GC(2)   Post Evacuate Collection Set: 0.9ms
[2022-03-19T09:31:13.111+0000][8][gc,phases   ] GC(2)   Other: 1.9ms
[2022-03-19T09:31:13.111+0000][8][gc,heap     ] GC(2) Eden regions: 36->0(53)
[2022-03-19T09:31:13.111+0000][8][gc,heap     ] GC(2) Survivor regions: 3->2(5)
[2022-03-19T09:31:13.112+0000][8][gc,heap     ] GC(2) Old regions: 0->2
[2022-03-19T09:31:13.112+0000][8][gc,heap     ] GC(2) Archive regions: 2->2
[2022-03-19T09:31:13.112+0000][8][gc,heap     ] GC(2) Humongous regions: 0->0
[2022-03-19T09:31:13.112+0000][8][gc,metaspace] GC(2) Metaspace: 18354K(18624K)->18354K(18624K) NonClass: 16114K(16256K)->16114K(16256K) Class: 2240K(2368K)->2240K(2368K)
[2022-03-19T09:31:13.112+0000][8][gc          ] GC(2) Pause Young (Normal) (G1 Evacuation Pause) 159M->17M(3128M) 37.386ms
[2022-03-19T09:31:13.113+0000][8][gc,cpu      ] GC(2) User=0.14s Sys=0.00s Real=0.04s
[2022-03-19T09:31:13.113+0000][8][safepoint   ] Safepoint "G1CollectForAllocation", Time since last: 398222700 ns, Reaching safepoint: 172700 ns, At safepoint: 37910200 ns, Total: 38082900 ns
[2022-03-19T09:31:13.723+0000][8][gc,start    ] GC(3) Pause Young (Normal) (G1 Evacuation Pause)
[2022-03-19T09:31:13.723+0000][8][gc,task     ] GC(3) Using 4 workers of 4 for evacuation
[2022-03-19T09:31:13.723+0000][8][gc,age      ] GC(3) Desired survivor size 14680064 bytes, new threshold 15 (max threshold 15)
[2022-03-19T09:31:13.731+0000][8][gc,age      ] GC(3) Age table with threshold 15 (max threshold 15)
[2022-03-19T09:31:13.731+0000][8][gc,age      ] GC(3) - age   1:    5196136 bytes,    5196136 total
[2022-03-19T09:31:13.731+0000][8][gc,age      ] GC(3) - age   2:     918496 bytes,    6114632 total
[2022-03-19T09:31:13.732+0000][8][gc,age      ] GC(3) - age   3:    3058400 bytes,    9173032 total
[2022-03-19T09:31:13.732+0000][8][gc,phases   ] GC(3)   Pre Evacuate Collection Set: 0.2ms
[2022-03-19T09:31:13.732+0000][8][gc,phases   ] GC(3)   Merge Heap Roots: 0.1ms
[2022-03-19T09:31:13.732+0000][8][gc,phases   ] GC(3)   Evacuate Collection Set: 6.0ms
[2022-03-19T09:31:13.733+0000][8][gc,phases   ] GC(3)   Post Evacuate Collection Set: 0.9ms
[2022-03-19T09:31:13.733+0000][8][gc,phases   ] GC(3)   Other: 2.1ms
[2022-03-19T09:31:13.733+0000][8][gc,heap     ] GC(3) Eden regions: 53->0(466)
[2022-03-19T09:31:13.733+0000][8][gc,heap     ] GC(3) Survivor regions: 2->3(7)
[2022-03-19T09:31:13.734+0000][8][gc,heap     ] GC(3) Old regions: 2->2
[2022-03-19T09:31:13.734+0000][8][gc,heap     ] GC(3) Archive regions: 2->2
[2022-03-19T09:31:13.734+0000][8][gc,heap     ] GC(3) Humongous regions: 0->0
[2022-03-19T09:31:13.734+0000][8][gc,metaspace] GC(3) Metaspace: 18863K(19200K)->18863K(19200K) NonClass: 16570K(16768K)->16570K(16768K) Class: 2292K(2432K)->2292K(2432K)
[2022-03-19T09:31:13.735+0000][8][gc          ] GC(3) Pause Young (Normal) (G1 Evacuation Pause) 229M->20M(3128M) 11.889ms
[2022-03-19T09:31:13.735+0000][8][gc,cpu      ] GC(3) User=0.02s Sys=0.01s Real=0.01s
[2022-03-19T09:31:13.735+0000][8][safepoint   ] Safepoint "G1CollectForAllocation", Time since last: 609457300 ns, Reaching safepoint: 155800 ns, At safepoint: 12448600 ns, Total: 12604400 ns
[2022-03-19T09:31:14.937+0000][8][safepoint   ] Safepoint "ICBufferFull", Time since last: 1201457100 ns, Reaching safepoint: 210900 ns, At safepoint: 5900 ns, Total: 216800 ns
[2022-03-19T09:31:15.856+0000][8][gc,start    ] GC(4) Pause Young (Concurrent Start) (Metadata GC Threshold)
[2022-03-19T09:31:15.856+0000][8][gc,task     ] GC(4) Using 4 workers of 4 for evacuation
[2022-03-19T09:31:15.857+0000][8][gc,age      ] GC(4) Desired survivor size 123731968 bytes, new threshold 15 (max threshold 15)
[2022-03-19T09:31:15.866+0000][8][gc,age      ] GC(4) Age table with threshold 15 (max threshold 15)
[2022-03-19T09:31:15.866+0000][8][gc,age      ] GC(4) - age   1:    3385288 bytes,    3385288 total
[2022-03-19T09:31:15.867+0000][8][gc,age      ] GC(4) - age   2:    3163384 bytes,    6548672 total
[2022-03-19T09:31:15.867+0000][8][gc,age      ] GC(4) - age   3:     914552 bytes,    7463224 total
[2022-03-19T09:31:15.867+0000][8][gc,age      ] GC(4) - age   4:    3055520 bytes,   10518744 total
[2022-03-19T09:31:15.868+0000][8][gc,phases   ] GC(4)   Pre Evacuate Collection Set: 0.2ms
[2022-03-19T09:31:15.868+0000][8][gc,phases   ] GC(4)   Merge Heap Roots: 0.1ms
[2022-03-19T09:31:15.869+0000][8][gc,phases   ] GC(4)   Evacuate Collection Set: 6.5ms
[2022-03-19T09:31:15.869+0000][8][gc,phases   ] GC(4)   Post Evacuate Collection Set: 1.3ms
[2022-03-19T09:31:15.869+0000][8][gc,phases   ] GC(4)   Other: 3.6ms
[2022-03-19T09:31:15.869+0000][8][gc,heap     ] GC(4) Eden regions: 223->0(466)
[2022-03-19T09:31:15.870+0000][8][gc,heap     ] GC(4) Survivor regions: 3->3(59)
[2022-03-19T09:31:15.870+0000][8][gc,heap     ] GC(4) Old regions: 2->2
[2022-03-19T09:31:15.870+0000][8][gc,heap     ] GC(4) Archive regions: 2->2
[2022-03-19T09:31:15.871+0000][8][gc,heap     ] GC(4) Humongous regions: 0->0
[2022-03-19T09:31:15.871+0000][8][gc,metaspace] GC(4) Metaspace: 21014K(21504K)->21014K(21504K) NonClass: 18416K(18688K)->18416K(18688K) Class: 2598K(2816K)->2598K(2816K)
[2022-03-19T09:31:15.871+0000][8][gc          ] GC(4) Pause Young (Concurrent Start) (Metadata GC Threshold) 910M->22M(3128M) 15.181ms
[2022-03-19T09:31:15.872+0000][8][gc,cpu      ] GC(4) User=0.03s Sys=0.00s Real=0.02s
[2022-03-19T09:31:15.872+0000][8][gc          ] GC(5) Concurrent Mark Cycle
[2022-03-19T09:31:15.872+0000][8][safepoint   ] Safepoint "CollectForMetadataAllocation", Time since last: 919074400 ns, Reaching safepoint: 244900 ns, At safepoint: 15903700 ns, Total: 16148600 ns
[2022-03-19T09:31:15.873+0000][8][gc,marking  ] GC(5) Concurrent Clear Claimed Marks
[2022-03-19T09:31:15.873+0000][8][gc,marking  ] GC(5) Concurrent Clear Claimed Marks 1.006ms
[2022-03-19T09:31:15.874+0000][8][gc,marking  ] GC(5) Concurrent Scan Root Regions
[2022-03-19T09:31:15.878+0000][8][gc,marking  ] GC(5) Concurrent Scan Root Regions 4.613ms
[2022-03-19T09:31:15.879+0000][8][gc,marking  ] GC(5) Concurrent Mark
[2022-03-19T09:31:15.879+0000][8][gc,marking  ] GC(5) Concurrent Mark From Roots
[2022-03-19T09:31:15.879+0000][8][gc,task     ] GC(5) Using 1 workers of 1 for marking
[2022-03-19T09:31:15.903+0000][8][gc,marking  ] GC(5) Concurrent Mark From Roots 24.127ms
[2022-03-19T09:31:15.903+0000][8][gc,marking  ] GC(5) Concurrent Preclean
[2022-03-19T09:31:15.904+0000][8][gc,marking  ] GC(5) Concurrent Preclean 0.638ms
[2022-03-19T09:31:15.905+0000][8][gc,start    ] GC(5) Pause Remark
[2022-03-19T09:31:15.909+0000][8][gc          ] GC(5) Pause Remark 46M->46M(3128M) 4.414ms
[2022-03-19T09:31:15.909+0000][8][gc,cpu      ] GC(5) User=0.01s Sys=0.00s Real=0.00s
[2022-03-19T09:31:15.910+0000][8][safepoint   ] Safepoint "G1Concurrent", Time since last: 32488600 ns, Reaching safepoint: 227600 ns, At safepoint: 5094100 ns, Total: 5321700 ns
[2022-03-19T09:31:15.910+0000][8][gc,marking  ] GC(5) Concurrent Mark 31.530ms
[2022-03-19T09:31:15.911+0000][8][gc,marking  ] GC(5) Concurrent Rebuild Remembered Sets
[2022-03-19T09:31:15.911+0000][8][gc,marking  ] GC(5) Concurrent Rebuild Remembered Sets 0.277ms
[2022-03-19T09:31:15.911+0000][8][gc,start    ] GC(5) Pause Cleanup
[2022-03-19T09:31:15.912+0000][8][gc          ] GC(5) Pause Cleanup 46M->46M(3128M) 0.254ms
[2022-03-19T09:31:15.912+0000][8][gc,cpu      ] GC(5) User=0.00s Sys=0.00s Real=0.00s
[2022-03-19T09:31:15.912+0000][8][safepoint   ] Safepoint "G1Concurrent", Time since last: 1475900 ns, Reaching safepoint: 229900 ns, At safepoint: 821700 ns, Total: 1051600 ns
[2022-03-19T09:31:15.913+0000][8][gc,marking  ] GC(5) Concurrent Cleanup for Next Mark
[2022-03-19T09:31:15.918+0000][8][gc,marking  ] GC(5) Concurrent Cleanup for Next Mark 4.384ms
[2022-03-19T09:31:15.918+0000][8][gc          ] GC(5) Concurrent Mark Cycle 46.182ms
[2022-03-19T09:31:17.180+0000][8][safepoint   ] Safepoint "ICBufferFull", Time since last: 1267260100 ns, Reaching safepoint: 229600 ns, At safepoint: 6200 ns, Total: 235800 ns
[2022-03-19T09:31:17.181+0000][8][safepoint   ] Safepoint "ICBufferFull", Time since last: 1192500 ns, Reaching safepoint: 58500 ns, At safepoint: 6700 ns, Total: 65200 ns
[2022-03-19T09:31:17.183+0000][8][safepoint   ] Safepoint "ICBufferFull", Time since last: 1927700 ns, Reaching safepoint: 118600 ns, At safepoint: 26800 ns, Total: 145400 ns
[2022-03-19T09:31:17.184+0000][8][safepoint   ] Safepoint "ICBufferFull", Time since last: 1183500 ns, Reaching safepoint: 149300 ns, At safepoint: 31300 ns, Total: 180600 ns
[2022-03-19T09:31:17.227+0000][8][safepoint   ] Safepoint "ICBufferFull", Time since last: 42356700 ns, Reaching safepoint: 110600 ns, At safepoint: 5100 ns, Total: 115700 ns
[2022-03-19T09:31:17.228+0000][8][safepoint   ] Safepoint "ICBufferFull", Time since last: 1133900 ns, Reaching safepoint: 115200 ns, At safepoint: 6000 ns, Total: 121200 ns
[2022-03-19T09:31:17.287+0000][8][safepoint   ] Safepoint "ICBufferFull", Time since last: 59123600 ns, Reaching safepoint: 104000 ns, At safepoint: 5100 ns, Total: 109100 ns
[2022-03-19T09:31:17.296+0000][8][safepoint   ] Safepoint "ICBufferFull", Time since last: 8697700 ns, Reaching safepoint: 116200 ns, At safepoint: 5700 ns, Total: 121900 ns
[2022-03-19T09:31:17.325+0000][8][safepoint   ] Safepoint "ICBufferFull", Time since last: 28971800 ns, Reaching safepoint: 84700 ns, At safepoint: 4300 ns, Total: 89000 ns
[2022-03-19T09:31:17.456+0000][8][safepoint   ] Safepoint "ICBufferFull", Time since last: 130494600 ns, Reaching safepoint: 426200 ns, At safepoint: 7700 ns, Total: 433900 ns
[2022-03-19T09:31:17.457+0000][8][safepoint   ] Safepoint "ICBufferFull", Time since last: 1143300 ns, Reaching safepoint: 111700 ns, At safepoint: 4000 ns, Total: 115700 ns
[2022-03-19T09:31:17.459+0000][8][safepoint   ] Safepoint "ICBufferFull", Time since last: 1251000 ns, Reaching safepoint: 106400 ns, At safepoint: 24700 ns, Total: 131100 ns
[2022-03-19T09:31:17.487+0000][8][safepoint   ] Safepoint "ICBufferFull", Time since last: 27446600 ns, Reaching safepoint: 227100 ns, At safepoint: 8200 ns, Total: 235300 ns
[2022-03-19T09:31:17.489+0000][8][safepoint   ] Safepoint "ICBufferFull", Time since last: 2218300 ns, Reaching safepoint: 91500 ns, At safepoint: 6500 ns, Total: 98000 ns
[2022-03-19T09:31:17.806+0000][8][safepoint   ] Safepoint "ICBufferFull", Time since last: 316950600 ns, Reaching safepoint: 115700 ns, At safepoint: 31100 ns, Total: 146800 ns
[2022-03-19T09:31:18.981+0000][8][safepoint   ] Safepoint "Cleanup", Time since last: 1174153500 ns, Reaching safepoint: 418500 ns, At safepoint: 123300 ns, Total: 541800 ns
[2022-03-19T09:31:20.006+0000][8][safepoint   ] Safepoint "Cleanup", Time since last: 1025111500 ns, Reaching safepoint: 253200 ns, At safepoint: 70500 ns, Total: 323700 ns
[2022-03-19T09:31:21.007+0000][8][safepoint   ] Safepoint "Cleanup", Time since last: 1000550300 ns, Reaching safepoint: 302500 ns, At safepoint: 41400 ns, Total: 343900 ns
[2022-03-19T09:31:21.715+0000][8][gc,start    ] GC(6) Pause Young (Concurrent Start) (Metadata GC Threshold)
[2022-03-19T09:31:21.715+0000][8][gc,task     ] GC(6) Using 4 workers of 4 for evacuation
[2022-03-19T09:31:21.716+0000][8][gc,age      ] GC(6) Desired survivor size 123731968 bytes, new threshold 15 (max threshold 15)
[2022-03-19T09:31:21.761+0000][8][gc,age      ] GC(6) Age table with threshold 15 (max threshold 15)
[2022-03-19T09:31:21.761+0000][8][gc,age      ] GC(6) - age   1:   27622176 bytes,   27622176 total
[2022-03-19T09:31:21.761+0000][8][gc,age      ] GC(6) - age   2:    3351488 bytes,   30973664 total
[2022-03-19T09:31:21.761+0000][8][gc,age      ] GC(6) - age   3:    3158968 bytes,   34132632 total
[2022-03-19T09:31:21.761+0000][8][gc,age      ] GC(6) - age   4:     909952 bytes,   35042584 total
[2022-03-19T09:31:21.761+0000][8][gc,age      ] GC(6) - age   5:    3020768 bytes,   38063352 total
[2022-03-19T09:31:21.762+0000][8][gc,phases   ] GC(6)   Pre Evacuate Collection Set: 0.3ms
[2022-03-19T09:31:21.762+0000][8][gc,phases   ] GC(6)   Merge Heap Roots: 0.1ms
[2022-03-19T09:31:21.762+0000][8][gc,phases   ] GC(6)   Evacuate Collection Set: 41.3ms
[2022-03-19T09:31:21.762+0000][8][gc,phases   ] GC(6)   Post Evacuate Collection Set: 2.8ms
[2022-03-19T09:31:21.762+0000][8][gc,phases   ] GC(6)   Other: 2.4ms
[2022-03-19T09:31:21.763+0000][8][gc,heap     ] GC(6) Eden regions: 93->0(403)
[2022-03-19T09:31:21.763+0000][8][gc,heap     ] GC(6) Survivor regions: 3->10(59)
[2022-03-19T09:31:21.763+0000][8][gc,heap     ] GC(6) Old regions: 2->2
[2022-03-19T09:31:21.763+0000][8][gc,heap     ] GC(6) Archive regions: 2->2
[2022-03-19T09:31:21.763+0000][8][gc,heap     ] GC(6) Humongous regions: 0->0
[2022-03-19T09:31:21.763+0000][8][gc,metaspace] GC(6) Metaspace: 35063K(35968K)->35063K(35968K) NonClass: 30417K(30976K)->30417K(30976K) Class: 4645K(4992K)->4645K(4992K)
[2022-03-19T09:31:21.764+0000][8][gc          ] GC(6) Pause Young (Concurrent Start) (Metadata GC Threshold) 392M->48M(3128M) 48.698ms
[2022-03-19T09:31:21.764+0000][8][gc,cpu      ] GC(6) User=0.17s Sys=0.00s Real=0.05s
[2022-03-19T09:31:21.764+0000][8][gc          ] GC(7) Concurrent Mark Cycle
[2022-03-19T09:31:21.764+0000][8][gc,marking  ] GC(7) Concurrent Clear Claimed Marks
[2022-03-19T09:31:21.764+0000][8][gc,marking  ] GC(7) Concurrent Clear Claimed Marks 0.287ms
[2022-03-19T09:31:21.765+0000][8][gc,marking  ] GC(7) Concurrent Scan Root Regions
[2022-03-19T09:31:21.765+0000][8][safepoint   ] Safepoint "CollectForMetadataAllocation", Time since last: 707536400 ns, Reaching safepoint: 231100 ns, At safepoint: 49919700 ns, Total: 50150800 ns
[2022-03-19T09:31:21.809+0000][8][gc,marking  ] GC(7) Concurrent Scan Root Regions 44.556ms
[2022-03-19T09:31:21.810+0000][8][gc,marking  ] GC(7) Concurrent Mark
[2022-03-19T09:31:21.810+0000][8][gc,marking  ] GC(7) Concurrent Mark From Roots
[2022-03-19T09:31:21.810+0000][8][gc,task     ] GC(7) Using 1 workers of 1 for marking
[2022-03-19T09:31:21.836+0000][8][safepoint   ] Safepoint "CollectForMetadataAllocation", Time since last: 69864700 ns, Reaching safepoint: 159900 ns, At safepoint: 905800 ns, Total: 1065700 ns
[2022-03-19T09:31:21.839+0000][8][gc,marking  ] GC(7) Concurrent Mark From Roots 28.588ms
[2022-03-19T09:31:21.839+0000][8][gc,marking  ] GC(7) Concurrent Preclean
[2022-03-19T09:31:21.839+0000][8][gc,marking  ] GC(7) Concurrent Preclean 0.419ms
[2022-03-19T09:31:21.840+0000][8][gc,start    ] GC(7) Pause Remark
[2022-03-19T09:31:21.846+0000][8][gc          ] GC(7) Pause Remark 50M->50M(3128M) 5.868ms
[2022-03-19T09:31:21.846+0000][8][gc,cpu      ] GC(7) User=0.02s Sys=0.00s Real=0.00s
[2022-03-19T09:31:21.846+0000][8][safepoint   ] Safepoint "G1Concurrent", Time since last: 4040000 ns, Reaching safepoint: 232900 ns, At safepoint: 6594500 ns, Total: 6827400 ns
[2022-03-19T09:31:21.847+0000][8][gc,marking  ] GC(7) Concurrent Mark 37.140ms
[2022-03-19T09:31:21.847+0000][8][gc,marking  ] GC(7) Concurrent Rebuild Remembered Sets
[2022-03-19T09:31:21.847+0000][8][gc,marking  ] GC(7) Concurrent Rebuild Remembered Sets 0.345ms
[2022-03-19T09:31:21.851+0000][8][gc,start    ] GC(7) Pause Cleanup
[2022-03-19T09:31:21.851+0000][8][gc          ] GC(7) Pause Cleanup 50M->50M(3128M) 0.300ms
[2022-03-19T09:31:21.852+0000][8][gc,cpu      ] GC(7) User=0.00s Sys=0.00s Real=0.00s
[2022-03-19T09:31:21.852+0000][8][safepoint   ] Safepoint "G1Concurrent", Time since last: 1229400 ns, Reaching safepoint: 3421500 ns, At safepoint: 756300 ns, Total: 4177800 ns
[2022-03-19T09:31:21.852+0000][8][gc,marking  ] GC(7) Concurrent Cleanup for Next Mark
[2022-03-19T09:31:21.858+0000][8][gc,marking  ] GC(7) Concurrent Cleanup for Next Mark 5.554ms
[2022-03-19T09:31:21.858+0000][8][gc          ] GC(7) Concurrent Mark Cycle 94.224ms
[2022-03-19T09:31:22.853+0000][8][safepoint   ] Safepoint "Cleanup", Time since last: 1000422800 ns, Reaching safepoint: 216400 ns, At safepoint: 7900 ns, Total: 224300 ns
[2022-03-19T09:31:23.915+0000][8][safepoint   ] Safepoint "Cleanup", Time since last: 1062499000 ns, Reaching safepoint: 186200 ns, At safepoint: 36700 ns, Total: 222900 ns
[2022-03-19T09:31:25.214+0000][8][safepoint   ] Safepoint "Cleanup", Time since last: 1298827700 ns, Reaching safepoint: 326900 ns, At safepoint: 72200 ns, Total: 399100 ns
[2022-03-19T09:31:26.216+0000][8][safepoint   ] Safepoint "Cleanup", Time since last: 1000565600 ns, Reaching safepoint: 530500 ns, At safepoint: 52900 ns, Total: 583400 ns
[2022-03-19T09:31:27.217+0000][8][safepoint   ] Safepoint "Cleanup", Time since last: 1000739800 ns, Reaching safepoint: 194000 ns, At safepoint: 40000 ns, Total: 234000 ns
[2022-03-19T09:31:28.217+0000][8][safepoint   ] Safepoint "Cleanup", Time since last: 1000559400 ns, Reaching safepoint: 230600 ns, At safepoint: 12200 ns, Total: 242800 ns
[2022-03-19T09:31:30.111+0000][8][safepoint   ] Safepoint "Cleanup", Time since last: 1892140400 ns, Reaching safepoint: 1204100 ns, At safepoint: 66300 ns, Total: 1270400 ns
[2022-03-19T09:31:30.149+0000][8][gc,start    ] GC(8) Pause Young (Concurrent Start) (Metadata GC Threshold)
[2022-03-19T09:31:30.149+0000][8][gc,task     ] GC(8) Using 4 workers of 4 for evacuation
[2022-03-19T09:31:30.149+0000][8][gc,age      ] GC(8) Desired survivor size 123731968 bytes, new threshold 15 (max threshold 15)
[2022-03-19T09:31:30.203+0000][8][gc,age      ] GC(8) Age table with threshold 15 (max threshold 15)
[2022-03-19T09:31:30.204+0000][8][gc,age      ] GC(8) - age   1:   10241784 bytes,   10241784 total
[2022-03-19T09:31:30.204+0000][8][gc,age      ] GC(8) - age   2:   27292512 bytes,   37534296 total
[2022-03-19T09:31:30.204+0000][8][gc,age      ] GC(8) - age   3:    3290856 bytes,   40825152 total
[2022-03-19T09:31:30.204+0000][8][gc,age      ] GC(8) - age   4:    3149168 bytes,   43974320 total
[2022-03-19T09:31:30.205+0000][8][gc,age      ] GC(8) - age   5:     897840 bytes,   44872160 total
[2022-03-19T09:31:30.205+0000][8][gc,age      ] GC(8) - age   6:    3009408 bytes,   47881568 total
[2022-03-19T09:31:30.205+0000][8][gc,phases   ] GC(8)   Pre Evacuate Collection Set: 0.4ms
[2022-03-19T09:31:30.205+0000][8][gc,phases   ] GC(8)   Merge Heap Roots: 0.1ms
[2022-03-19T09:31:30.205+0000][8][gc,phases   ] GC(8)   Evacuate Collection Set: 50.6ms
[2022-03-19T09:31:30.206+0000][8][gc,phases   ] GC(8)   Post Evacuate Collection Set: 2.4ms
[2022-03-19T09:31:30.206+0000][8][gc,phases   ] GC(8)   Other: 2.7ms
[2022-03-19T09:31:30.206+0000][8][gc,heap     ] GC(8) Eden regions: 95->0(26)
[2022-03-19T09:31:30.206+0000][8][gc,heap     ] GC(8) Survivor regions: 10->13(59)
[2022-03-19T09:31:30.207+0000][8][gc,heap     ] GC(8) Old regions: 2->2
[2022-03-19T09:31:30.207+0000][8][gc,heap     ] GC(8) Archive regions: 2->2
[2022-03-19T09:31:30.207+0000][8][gc,heap     ] GC(8) Humongous regions: 0->0
[2022-03-19T09:31:30.207+0000][8][gc,metaspace] GC(8) Metaspace: 59375K(60608K)->59375K(60608K) NonClass: 51293K(52032K)->51293K(52032K) Class: 8081K(8576K)->8081K(8576K)
[2022-03-19T09:31:30.207+0000][8][gc          ] GC(8) Pause Young (Concurrent Start) (Metadata GC Threshold) 426M->60M(3128M) 58.640ms
[2022-03-19T09:31:30.208+0000][8][gc,cpu      ] GC(8) User=0.22s Sys=0.01s Real=0.06s
[2022-03-19T09:31:30.208+0000][8][gc          ] GC(9) Concurrent Mark Cycle
[2022-03-19T09:31:30.208+0000][8][gc,marking  ] GC(9) Concurrent Clear Claimed Marks
[2022-03-19T09:31:30.208+0000][8][gc,marking  ] GC(9) Concurrent Clear Claimed Marks 0.341ms
[2022-03-19T09:31:30.209+0000][8][gc,marking  ] GC(9) Concurrent Scan Root Regions
[2022-03-19T09:31:30.209+0000][8][safepoint   ] Safepoint "CollectForMetadataAllocation", Time since last: 37769500 ns, Reaching safepoint: 90100 ns, At safepoint: 60005700 ns, Total: 60095800 ns
[2022-03-19T09:31:30.270+0000][8][gc,marking  ] GC(9) Concurrent Scan Root Regions 61.669ms
[2022-03-19T09:31:30.271+0000][8][gc,marking  ] GC(9) Concurrent Mark
[2022-03-19T09:31:30.271+0000][8][gc,marking  ] GC(9) Concurrent Mark From Roots
[2022-03-19T09:31:30.271+0000][8][gc,task     ] GC(9) Using 1 workers of 1 for marking
[2022-03-19T09:31:30.299+0000][8][gc,marking  ] GC(9) Concurrent Mark From Roots 27.990ms
[2022-03-19T09:31:30.299+0000][8][gc,marking  ] GC(9) Concurrent Preclean
[2022-03-19T09:31:30.300+0000][8][gc,marking  ] GC(9) Concurrent Preclean 0.434ms
[2022-03-19T09:31:30.301+0000][8][gc,start    ] GC(9) Pause Remark
[2022-03-19T09:31:30.308+0000][8][gc          ] GC(9) Pause Remark 64M->64M(3128M) 7.148ms
[2022-03-19T09:31:30.308+0000][8][gc,cpu      ] GC(9) User=0.02s Sys=0.00s Real=0.00s
[2022-03-19T09:31:30.308+0000][8][safepoint   ] Safepoint "G1Concurrent", Time since last: 91610600 ns, Reaching safepoint: 283300 ns, At safepoint: 7819600 ns, Total: 8102900 ns
[2022-03-19T09:31:30.309+0000][8][gc,marking  ] GC(9) Concurrent Mark 37.890ms
[2022-03-19T09:31:30.309+0000][8][gc,marking  ] GC(9) Concurrent Rebuild Remembered Sets
[2022-03-19T09:31:30.309+0000][8][gc,marking  ] GC(9) Concurrent Rebuild Remembered Sets 0.269ms
[2022-03-19T09:31:30.310+0000][8][gc,start    ] GC(9) Pause Cleanup
[2022-03-19T09:31:30.310+0000][8][gc          ] GC(9) Pause Cleanup 64M->64M(3128M) 0.369ms
[2022-03-19T09:31:30.310+0000][8][gc,cpu      ] GC(9) User=0.00s Sys=0.00s Real=0.00s
[2022-03-19T09:31:30.311+0000][8][safepoint   ] Safepoint "G1Concurrent", Time since last: 1106000 ns, Reaching safepoint: 149300 ns, At safepoint: 965200 ns, Total: 1114500 ns
[2022-03-19T09:31:30.311+0000][8][gc,marking  ] GC(9) Concurrent Cleanup for Next Mark
[2022-03-19T09:31:30.316+0000][8][gc,marking  ] GC(9) Concurrent Cleanup for Next Mark 4.603ms
[2022-03-19T09:31:30.316+0000][8][gc          ] GC(9) Concurrent Mark Cycle 108.176ms
[2022-03-19T09:31:31.695+0000][8][gc,start    ] GC(10) Pause Young (Normal) (G1 Evacuation Pause)
[2022-03-19T09:31:31.696+0000][8][gc,task     ] GC(10) Using 4 workers of 4 for evacuation
[2022-03-19T09:31:31.696+0000][8][gc,age      ] GC(10) Desired survivor size 10485760 bytes, new threshold 2 (max threshold 15)
[2022-03-19T09:31:31.850+0000][8][gc,age      ] GC(10) Age table with threshold 2 (max threshold 15)
[2022-03-19T09:31:31.851+0000][8][gc,age      ] GC(10) - age   1:    2955496 bytes,    2955496 total
[2022-03-19T09:31:31.851+0000][8][gc,age      ] GC(10) - age   2:   10002336 bytes,   12957832 total
[2022-03-19T09:31:31.851+0000][8][gc,phases   ] GC(10)   Pre Evacuate Collection Set: 0.2ms
[2022-03-19T09:31:31.851+0000][8][gc,phases   ] GC(10)   Merge Heap Roots: 0.1ms
[2022-03-19T09:31:31.851+0000][8][gc,phases   ] GC(10)   Evacuate Collection Set: 152.1ms
[2022-03-19T09:31:31.852+0000][8][gc,phases   ] GC(10)   Post Evacuate Collection Set: 1.8ms
[2022-03-19T09:31:31.852+0000][8][gc,phases   ] GC(10)   Other: 1.7ms
[2022-03-19T09:31:31.852+0000][8][gc,heap     ] GC(10) Eden regions: 26->0(258)
[2022-03-19T09:31:31.852+0000][8][gc,heap     ] GC(10) Survivor regions: 13->4(5)
[2022-03-19T09:31:31.852+0000][8][gc,heap     ] GC(10) Old regions: 2->12
[2022-03-19T09:31:31.853+0000][8][gc,heap     ] GC(10) Archive regions: 2->2
[2022-03-19T09:31:31.853+0000][8][gc,heap     ] GC(10) Humongous regions: 0->0
[2022-03-19T09:31:31.853+0000][8][gc,metaspace] GC(10) Metaspace: 62616K(63808K)->62616K(63808K) NonClass: 54060K(54784K)->54060K(54784K) Class: 8556K(9024K)->8556K(9024K)
[2022-03-19T09:31:31.853+0000][8][gc          ] GC(10) Pause Young (Normal) (G1 Evacuation Pause) 164M->64M(3128M) 157.871ms
[2022-03-19T09:31:31.853+0000][8][gc,cpu      ] GC(10) User=0.61s Sys=0.00s Real=0.16s
[2022-03-19T09:31:31.854+0000][8][safepoint   ] Safepoint "G1CollectForAllocation", Time since last: 1384052100 ns, Reaching safepoint: 526000 ns, At safepoint: 158396400 ns, Total: 158922400 ns
[2022-03-19T09:31:32.857+0000][8][safepoint   ] Safepoint "Cleanup", Time since last: 1000465700 ns, Reaching safepoint: 2955100 ns, At safepoint: 19400 ns, Total: 2974500 ns
[2022-03-19T09:31:34.545+0000][8][safepoint   ] Safepoint "Cleanup", Time since last: 1686932700 ns, Reaching safepoint: 1221700 ns, At safepoint: 11800 ns, Total: 1233500 ns
[2022-03-19T09:31:36.073+0000][8][safepoint   ] Safepoint "ICBufferFull", Time since last: 1527453100 ns, Reaching safepoint: 380500 ns, At safepoint: 40400 ns, Total: 420900 ns
[2022-03-19T09:31:37.335+0000][8][safepoint   ] Safepoint "ICBufferFull", Time since last: 1261481600 ns, Reaching safepoint: 459700 ns, At safepoint: 50600 ns, Total: 510300 ns
[2022-03-19T09:31:38.472+0000][8][safepoint   ] Safepoint "Cleanup", Time since last: 1136739800 ns, Reaching safepoint: 163900 ns, At safepoint: 14100 ns, Total: 178000 ns
[2022-03-19T09:31:39.483+0000][8][safepoint   ] Safepoint "Cleanup", Time since last: 1010616300 ns, Reaching safepoint: 216800 ns, At safepoint: 12900 ns, Total: 229700 ns
[2022-03-19T09:31:40.500+0000][8][safepoint   ] Safepoint "Cleanup", Time since last: 1016711200 ns, Reaching safepoint: 203600 ns, At safepoint: 57900 ns, Total: 261500 ns
[2022-03-19T09:31:41.784+0000][8][safepoint   ] Safepoint "Cleanup", Time since last: 1284042300 ns, Reaching safepoint: 166600 ns, At safepoint: 7500 ns, Total: 174100 ns
[2022-03-19T09:31:42.789+0000][8][safepoint   ] Safepoint "Cleanup", Time since last: 1004196400 ns, Reaching safepoint: 450600 ns, At safepoint: 25800 ns, Total: 476400 ns
[2022-03-19T09:31:43.790+0000][8][safepoint   ] Safepoint "Cleanup", Time since last: 1001542200 ns, Reaching safepoint: 99800 ns, At safepoint: 18200 ns, Total: 118000 ns
[2022-03-19T09:31:44.792+0000][8][safepoint   ] Safepoint "Cleanup", Time since last: 1001022300 ns, Reaching safepoint: 196400 ns, At safepoint: 17300 ns, Total: 213700 ns
[2022-03-19T09:31:45.795+0000][8][safepoint   ] Safepoint "Cleanup", Time since last: 1002556600 ns, Reaching safepoint: 304000 ns, At safepoint: 103400 ns, Total: 407400 ns
[2022-03-19T09:31:46.806+0000][8][safepoint   ] Safepoint "Cleanup", Time since last: 1011205400 ns, Reaching safepoint: 659800 ns, At safepoint: 73900 ns, Total: 733700 ns
[2022-03-19T09:31:47.811+0000][8][safepoint   ] Safepoint "Cleanup", Time since last: 1003232400 ns, Reaching safepoint: 884400 ns, At safepoint: 30200 ns, Total: 914600 ns
[2022-03-19T09:31:49.653+0000][8][safepoint   ] Safepoint "Cleanup", Time since last: 1833804500 ns, Reaching safepoint: 8117200 ns, At safepoint: 114700 ns, Total: 8231900 ns
[2022-03-19T09:31:50.761+0000][8][safepoint   ] Safepoint "Cleanup", Time since last: 1016653500 ns, Reaching safepoint: 91861900 ns, At safepoint: 154200 ns, Total: 92016100 ns
[2022-03-19T09:31:51.781+0000][8][gc,start    ] GC(11) Pause Young (Concurrent Start) (Metadata GC Threshold)
[2022-03-19T09:31:51.781+0000][8][gc,task     ] GC(11) Using 4 workers of 4 for evacuation
[2022-03-19T09:31:51.784+0000][8][gc,age      ] GC(11) Desired survivor size 67108864 bytes, new threshold 15 (max threshold 15)
[2022-03-19T09:31:51.902+0000][8][gc,age      ] GC(11) Age table with threshold 15 (max threshold 15)
[2022-03-19T09:31:51.903+0000][8][gc,age      ] GC(11) - age   1:   15346120 bytes,   15346120 total
[2022-03-19T09:31:51.903+0000][8][gc,age      ] GC(11) - age   2:    2905472 bytes,   18251592 total
[2022-03-19T09:31:51.903+0000][8][gc,age      ] GC(11) - age   3:    9707208 bytes,   27958800 total
[2022-03-19T09:31:51.904+0000][8][gc,phases   ] GC(11)   Pre Evacuate Collection Set: 0.7ms
[2022-03-19T09:31:51.904+0000][8][gc,phases   ] GC(11)   Merge Heap Roots: 0.3ms
[2022-03-19T09:31:51.905+0000][8][gc,phases   ] GC(11)   Evacuate Collection Set: 90.6ms
[2022-03-19T09:31:51.905+0000][8][gc,phases   ] GC(11)   Post Evacuate Collection Set: 25.8ms
[2022-03-19T09:31:51.905+0000][8][gc,phases   ] GC(11)   Other: 6.0ms
[2022-03-19T09:31:51.906+0000][8][gc,heap     ] GC(11) Eden regions: 78->0(57)
[2022-03-19T09:31:51.906+0000][8][gc,heap     ] GC(11) Survivor regions: 4->8(32)
[2022-03-19T09:31:51.907+0000][8][gc,heap     ] GC(11) Old regions: 12->12
[2022-03-19T09:31:51.907+0000][8][gc,heap     ] GC(11) Archive regions: 2->2
[2022-03-19T09:31:51.907+0000][8][gc,heap     ] GC(11) Humongous regions: 2->2
[2022-03-19T09:31:51.908+0000][8][gc,metaspace] GC(11) Metaspace: 99894K(101248K)->99894K(101248K) NonClass: 85843K(86656K)->85843K(86656K) Class: 14051K(14592K)->14051K(14592K)
[2022-03-19T09:31:51.908+0000][8][gc          ] GC(11) Pause Young (Concurrent Start) (Metadata GC Threshold) 384M->84M(3128M) 127.486ms
[2022-03-19T09:31:51.908+0000][8][gc,cpu      ] GC(11) User=0.36s Sys=0.04s Real=0.12s
[2022-03-19T09:31:51.909+0000][8][gc          ] GC(12) Concurrent Mark Cycle
[2022-03-19T09:31:51.909+0000][8][gc,marking  ] GC(12) Concurrent Clear Claimed Marks
[2022-03-19T09:31:51.910+0000][8][gc,marking  ] GC(12) Concurrent Clear Claimed Marks 0.540ms
[2022-03-19T09:31:51.911+0000][8][gc,marking  ] GC(12) Concurrent Scan Root Regions
[2022-03-19T09:31:51.932+0000][8][safepoint   ] Safepoint "CollectForMetadataAllocation", Time since last: 787726000 ns, Reaching safepoint: 231420000 ns, At safepoint: 151068900 ns, Total: 382488900 ns
[2022-03-19T09:31:52.010+0000][8][gc,marking  ] GC(12) Concurrent Scan Root Regions 99.041ms
[2022-03-19T09:31:52.036+0000][8][gc,marking  ] GC(12) Concurrent Mark
[2022-03-19T09:31:52.038+0000][8][gc,marking  ] GC(12) Concurrent Mark From Roots
[2022-03-19T09:31:52.039+0000][8][gc,task     ] GC(12) Using 1 workers of 1 for marking
[2022-03-19T09:31:52.370+0000][8][safepoint   ] Safepoint "CollectForMetadataAllocation", Time since last: 366070800 ns, Reaching safepoint: 70182700 ns, At safepoint: 2422000 ns, Total: 72604700 ns
[2022-03-19T09:31:52.505+0000][8][gc,marking  ] GC(12) Concurrent Mark From Roots 466.751ms
[2022-03-19T09:31:52.506+0000][8][gc,marking  ] GC(12) Concurrent Preclean
[2022-03-19T09:31:52.510+0000][8][gc,marking  ] GC(12) Concurrent Preclean 3.851ms
[2022-03-19T09:31:52.566+0000][8][gc,start    ] GC(12) Pause Remark
[2022-03-19T09:31:52.586+0000][8][gc          ] GC(12) Pause Remark 95M->95M(3128M) 19.781ms
[2022-03-19T09:31:52.586+0000][8][gc,cpu      ] GC(12) User=0.05s Sys=0.00s Real=0.02s
[2022-03-19T09:31:52.587+0000][8][safepoint   ] Safepoint "G1Concurrent", Time since last: 142516100 ns, Reaching safepoint: 53352500 ns, At safepoint: 20886000 ns, Total: 74238500 ns
[2022-03-19T09:31:52.588+0000][8][gc,marking  ] GC(12) Concurrent Mark 552.813ms
[2022-03-19T09:31:52.591+0000][8][gc,marking  ] GC(12) Concurrent Rebuild Remembered Sets
[2022-03-19T09:31:52.725+0000][8][gc,marking  ] GC(12) Concurrent Rebuild Remembered Sets 134.862ms
[2022-03-19T09:31:52.735+0000][8][gc,start    ] GC(12) Pause Cleanup
[2022-03-19T09:31:52.737+0000][8][gc          ] GC(12) Pause Cleanup 95M->95M(3128M) 1.228ms
[2022-03-19T09:31:52.737+0000][8][gc,cpu      ] GC(12) User=0.00s Sys=0.01s Real=0.00s
[2022-03-19T09:31:52.737+0000][8][safepoint   ] Safepoint "G1Concurrent", Time since last: 147541000 ns, Reaching safepoint: 793500 ns, At safepoint: 2067500 ns, Total: 2861000 ns
[2022-03-19T09:31:52.741+0000][8][gc,marking  ] GC(12) Concurrent Cleanup for Next Mark
[2022-03-19T09:31:52.754+0000][8][gc,marking  ] GC(12) Concurrent Cleanup for Next Mark 12.648ms
[2022-03-19T09:31:52.773+0000][8][gc          ] GC(12) Concurrent Mark Cycle 864.282ms
[2022-03-19T09:31:53.883+0000][8][safepoint   ] Safepoint "Cleanup", Time since last: 1029385800 ns, Reaching safepoint: 116479900 ns, At safepoint: 97900 ns, Total: 116577800 ns
[2022-03-19T09:31:54.907+0000][8][safepoint   ] Safepoint "Cleanup", Time since last: 1003889600 ns, Reaching safepoint: 19295000 ns, At safepoint: 125900 ns, Total: 19420900 ns
[2022-03-19T09:31:55.911+0000][8][safepoint   ] Safepoint "Cleanup", Time since last: 1004464700 ns, Reaching safepoint: 217000 ns, At safepoint: 13800 ns, Total: 230800 ns
[2022-03-19T09:31:57.579+0000][8][safepoint   ] Safepoint "Cleanup", Time since last: 1602369700 ns, Reaching safepoint: 65124500 ns, At safepoint: 123600 ns, Total: 65248100 ns
[2022-03-19T09:31:58.792+0000][8][safepoint   ] Safepoint "Cleanup", Time since last: 1003190500 ns, Reaching safepoint: 209433200 ns, At safepoint: 214100 ns, Total: 209647300 ns
[2022-03-19T09:32:00.038+0000][8][safepoint   ] Safepoint "Cleanup", Time since last: 1001195300 ns, Reaching safepoint: 244809300 ns, At safepoint: 132000 ns, Total: 244941300 ns
[2022-03-19T09:32:02.334+0000][8][safepoint   ] Safepoint "Cleanup", Time since last: 2001101200 ns, Reaching safepoint: 294411300 ns, At safepoint: 206300 ns, Total: 294617600 ns
[2022-03-19T09:32:03.893+0000][8][safepoint   ] Safepoint "Cleanup", Time since last: 1000754500 ns, Reaching safepoint: 558144400 ns, At safepoint: 123500 ns, Total: 558267900 ns
[2022-03-19T09:32:04.932+0000][8][safepoint   ] Safepoint "Cleanup", Time since last: 1000982300 ns, Reaching safepoint: 37956800 ns, At safepoint: 86700 ns, Total: 38043500 ns
[2022-03-19T09:32:06.107+0000][8][safepoint   ] Safepoint "Cleanup", Time since last: 1000879500 ns, Reaching safepoint: 174161200 ns, At safepoint: 327700 ns, Total: 174488900 ns
[2022-03-19T09:32:07.207+0000][8][safepoint   ] Safepoint "Cleanup", Time since last: 1001770600 ns, Reaching safepoint: 98391400 ns, At safepoint: 69700 ns, Total: 98461100 ns
[2022-03-19T09:32:08.329+0000][8][safepoint   ] Safepoint "Cleanup", Time since last: 1000652800 ns, Reaching safepoint: 120858400 ns, At safepoint: 75700 ns, Total: 120934100 ns
[2022-03-19T09:32:09.433+0000][8][safepoint   ] Safepoint "Cleanup", Time since last: 1000376300 ns, Reaching safepoint: 103742800 ns, At safepoint: 82400 ns, Total: 103825200 ns
[2022-03-19T09:32:10.457+0000][8][safepoint   ] Safepoint "Cleanup", Time since last: 1000574700 ns, Reaching safepoint: 23367500 ns, At safepoint: 57300 ns, Total: 23424800 ns
[2022-03-19T09:32:11.509+0000][8][safepoint   ] Safepoint "Cleanup", Time since last: 1000947200 ns, Reaching safepoint: 50509600 ns, At safepoint: 74300 ns, Total: 50583900 ns
[2022-03-19T09:32:12.797+0000][8][safepoint   ] Safepoint "Cleanup", Time since last: 1001283700 ns, Reaching safepoint: 286917900 ns, At safepoint: 110800 ns, Total: 287028700 ns
[2022-03-19T09:32:13.960+0000][8][safepoint   ] Safepoint "Cleanup", Time since last: 1000505600 ns, Reaching safepoint: 161868100 ns, At safepoint: 217400 ns, Total: 162085500 ns
[2022-03-19T09:32:15.091+0000][8][safepoint   ] Safepoint "Cleanup", Time since last: 1001332500 ns, Reaching safepoint: 129576800 ns, At safepoint: 56400 ns, Total: 129633200 ns
[2022-03-19T09:32:16.229+0000][8][safepoint   ] Safepoint "Cleanup", Time since last: 1009368200 ns, Reaching safepoint: 128635600 ns, At safepoint: 65800 ns, Total: 128701400 ns
[2022-03-19T09:32:18.252+0000][8][safepoint   ] Safepoint "Cleanup", Time since last: 2002135700 ns, Reaching safepoint: 21340600 ns, At safepoint: 79300 ns, Total: 21419900 ns
[2022-03-19T09:32:19.283+0000][8][safepoint   ] Safepoint "Cleanup", Time since last: 1000817700 ns, Reaching safepoint: 30088600 ns, At safepoint: 65200 ns, Total: 30153800 ns
[2022-03-19T09:32:20.297+0000][8][safepoint   ] Safepoint "Cleanup", Time since last: 1000358700 ns, Reaching safepoint: 13501200 ns, At safepoint: 68800 ns, Total: 13570000 ns
[2022-03-19T09:32:21.324+0000][8][safepoint   ] Safepoint "Cleanup", Time since last: 1000335100 ns, Reaching safepoint: 26430700 ns, At safepoint: 80500 ns, Total: 26511200 ns
[2022-03-19T09:32:22.342+0000][8][safepoint   ] Safepoint "Cleanup", Time since last: 1000697300 ns, Reaching safepoint: 17611000 ns, At safepoint: 72600 ns, Total: 17683600 ns
[2022-03-19T09:32:23.356+0000][8][safepoint   ] Safepoint "Cleanup", Time since last: 1000317800 ns, Reaching safepoint: 13364600 ns, At safepoint: 68100 ns, Total: 13432700 ns
[2022-03-19T09:32:24.357+0000][8][safepoint   ] Safepoint "Cleanup", Time since last: 1001015000 ns, Reaching safepoint: 301000 ns, At safepoint: 48300 ns, Total: 349300 ns
[2022-03-19T09:32:25.358+0000][8][safepoint   ] Safepoint "Cleanup", Time since last: 1000781500 ns, Reaching safepoint: 232900 ns, At safepoint: 45000 ns, Total: 277900 ns
[2022-03-19T09:32:27.360+0000][8][safepoint   ] Safepoint "Cleanup", Time since last: 2001070500 ns, Reaching safepoint: 249400 ns, At safepoint: 18700 ns, Total: 268100 ns
[2022-03-19T09:32:28.361+0000][8][safepoint   ] Safepoint "Cleanup", Time since last: 1000947600 ns, Reaching safepoint: 216100 ns, At safepoint: 45100 ns, Total: 261200 ns
[2022-03-19T09:32:29.362+0000][8][safepoint   ] Safepoint "Cleanup", Time since last: 1000989800 ns, Reaching safepoint: 93200 ns, At safepoint: 8400 ns, Total: 101600 ns
[2022-03-19T09:32:30.363+0000][8][safepoint   ] Safepoint "Cleanup", Time since last: 1001033800 ns, Reaching safepoint: 102700 ns, At safepoint: 19300 ns, Total: 122000 ns
[2022-03-19T09:32:31.380+0000][8][safepoint   ] Safepoint "Cleanup", Time since last: 1016777400 ns, Reaching safepoint: 120400 ns, At safepoint: 9500 ns, Total: 129900 ns
[2022-03-19T09:32:35.383+0000][8][safepoint   ] Safepoint "Cleanup", Time since last: 4002400500 ns, Reaching safepoint: 121000 ns, At safepoint: 8300 ns, Total: 129300 ns
[2022-03-19T09:32:36.383+0000][8][safepoint   ] Safepoint "Cleanup", Time since last: 1000705100 ns, Reaching safepoint: 119700 ns, At safepoint: 8100 ns, Total: 127800 ns
[2022-03-19T09:32:37.385+0000][8][safepoint   ] Safepoint "Cleanup", Time since last: 1001006400 ns, Reaching safepoint: 122900 ns, At safepoint: 7600 ns, Total: 130500 ns
[2022-03-19T09:32:42.388+0000][8][safepoint   ] Safepoint "Cleanup", Time since last: 5003371600 ns, Reaching safepoint: 133800 ns, At safepoint: 11000 ns, Total: 144800 ns
[2022-03-19T09:32:43.389+0000][8][safepoint   ] Safepoint "Cleanup", Time since last: 1000707900 ns, Reaching safepoint: 130300 ns, At safepoint: 17800 ns, Total: 148100 ns
[2022-03-19T09:32:44.390+0000][8][safepoint   ] Safepoint "Cleanup", Time since last: 1001235800 ns, Reaching safepoint: 134500 ns, At safepoint: 10300 ns, Total: 144800 ns
[2022-03-19T09:32:45.392+0000][8][safepoint   ] Safepoint "Cleanup", Time since last: 1001014200 ns, Reaching safepoint: 132700 ns, At safepoint: 7600 ns, Total: 140300 ns
[2022-03-19T09:32:47.392+0000][8][safepoint   ] Safepoint "Cleanup", Time since last: 2000822800 ns, Reaching safepoint: 75900 ns, At safepoint: 5300 ns, Total: 81200 ns
[2022-03-19T09:32:52.395+0000][8][safepoint   ] Safepoint "Cleanup", Time since last: 5002782000 ns, Reaching safepoint: 116600 ns, At safepoint: 9100 ns, Total: 125700 ns
[2022-03-19T09:32:57.398+0000][8][safepoint   ] Safepoint "Cleanup", Time since last: 5002189900 ns, Reaching safepoint: 68100 ns, At safepoint: 5400 ns, Total: 73500 ns
[2022-03-19T09:32:58.399+0000][8][safepoint   ] Safepoint "Cleanup", Time since last: 1000892200 ns, Reaching safepoint: 273300 ns, At safepoint: 18200 ns, Total: 291500 ns
[2022-03-19T09:33:03.402+0000][8][safepoint   ] Safepoint "Cleanup", Time since last: 5003156200 ns, Reaching safepoint: 128800 ns, At safepoint: 10300 ns, Total: 139100 ns
[2022-03-19T09:33:04.403+0000][8][safepoint   ] Safepoint "Cleanup", Time since last: 1000994900 ns, Reaching safepoint: 122800 ns, At safepoint: 18200 ns, Total: 141000 ns
[2022-03-19T09:33:06.405+0000][8][safepoint   ] Safepoint "Cleanup", Time since last: 2001487500 ns, Reaching safepoint: 101000 ns, At safepoint: 6800 ns, Total: 107800 ns
[2022-03-19T09:33:08.407+0000][8][safepoint   ] Safepoint "Cleanup", Time since last: 2001612600 ns, Reaching safepoint: 116500 ns, At safepoint: 7400 ns, Total: 123900 ns
[2022-03-19T09:33:11.409+0000][8][safepoint   ] Safepoint "Cleanup", Time since last: 3002502800 ns, Reaching safepoint: 116800 ns, At safepoint: 7300 ns, Total: 124100 ns
[2022-03-19T09:33:13.410+0000][8][safepoint   ] Safepoint "Cleanup", Time since last: 2001063800 ns, Reaching safepoint: 152500 ns, At safepoint: 10300 ns, Total: 162800 ns
[2022-03-19T09:33:15.412+0000][8][safepoint   ] Safepoint "Cleanup", Time since last: 2001222500 ns, Reaching safepoint: 131100 ns, At safepoint: 9300 ns, Total: 140400 ns
[2022-03-19T09:33:19.414+0000][8][safepoint   ] Safepoint "Cleanup", Time since last: 4001946700 ns, Reaching safepoint: 125300 ns, At safepoint: 10800 ns, Total: 136100 ns
[2022-03-19T09:33:20.415+0000][8][safepoint   ] Safepoint "Cleanup", Time since last: 1001227700 ns, Reaching safepoint: 120900 ns, At safepoint: 7700 ns, Total: 128600 ns
[2022-03-19T09:33:45.424+0000][8][safepoint   ] Safepoint "Cleanup", Time since last: 25008466500 ns, Reaching safepoint: 123200 ns, At safepoint: 7000 ns, Total: 130200 ns
[2022-03-19T09:33:46.425+0000][8][safepoint   ] Safepoint "Cleanup", Time since last: 1000621700 ns, Reaching safepoint: 121500 ns, At safepoint: 10400 ns, Total: 131900 ns
[2022-03-19T09:33:47.425+0000][8][safepoint   ] Safepoint "Cleanup", Time since last: 1000685200 ns, Reaching safepoint: 167100 ns, At safepoint: 17300 ns, Total: 184400 ns
[2022-03-19T09:33:49.427+0000][8][safepoint   ] Safepoint "Cleanup", Time since last: 2001244000 ns, Reaching safepoint: 121600 ns, At safepoint: 8900 ns, Total: 130500 ns
[2022-03-19T09:33:52.428+0000][8][safepoint   ] Safepoint "Cleanup", Time since last: 3001369100 ns, Reaching safepoint: 87400 ns, At safepoint: 5000 ns, Total: 92400 ns
[2022-03-19T09:33:53.051+0000][8][gc,heap,exit] Heap
[2022-03-19T09:33:53.051+0000][8][gc,heap,exit]  garbage-first heap   total 3203072K, used 301395K [0x000000073c800000, 0x0000000800000000)
[2022-03-19T09:33:53.051+0000][8][gc,heap,exit]   region size 4096K, 61 young (249856K), 8 survivors (32768K)
[2022-03-19T09:33:53.051+0000][8][gc,heap,exit]  Metaspace       used 102267K, committed 103680K, reserved 1138688K
[2022-03-19T09:33:53.052+0000][8][gc,heap,exit]   class space    used 14386K, committed 14912K, reserved 1048576K
