[2022-03-19T08:46:08.816+0000][174][gc] Using G1
[2022-03-19T08:46:08.834+0000][174][gc,init] Version: 17.0.1+12 (release)
[2022-03-19T08:46:08.834+0000][174][gc,init] CPUs: 4 total, 4 available
[2022-03-19T08:46:08.834+0000][174][gc,init] Memory: 6251M
[2022-03-19T08:46:08.834+0000][174][gc,init] Large Page Support: Disabled
[2022-03-19T08:46:08.835+0000][174][gc,init] NUMA Support: Disabled
[2022-03-19T08:46:08.835+0000][174][gc,init] Compressed Oops: Enabled (Zero based)
[2022-03-19T08:46:08.835+0000][174][gc,init] Heap Region Size: 2M
[2022-03-19T08:46:08.835+0000][174][gc,init] Heap Min Capacity: 3126M
[2022-03-19T08:46:08.835+0000][174][gc,init] Heap Initial Capacity: 3126M
[2022-03-19T08:46:08.836+0000][174][gc,init] Heap Max Capacity: 3126M
[2022-03-19T08:46:08.836+0000][174][gc,init] Pre-touch: Disabled
[2022-03-19T08:46:08.837+0000][174][gc,init] Parallel Workers: 4
[2022-03-19T08:46:08.837+0000][174][gc,init] Concurrent Workers: 1
[2022-03-19T08:46:08.837+0000][174][gc,init] Concurrent Refinement Workers: 4
[2022-03-19T08:46:08.837+0000][174][gc,init] Periodic GC: Disabled
[2022-03-19T08:46:08.838+0000][174][gc,metaspace] CDS archive(s) not mapped
[2022-03-19T08:46:08.838+0000][174][gc,metaspace] Compressed class space mapped at: 0x00000007c0000000-0x0000000800000000, reserved size: 1073741824
[2022-03-19T08:46:08.838+0000][174][gc,metaspace] Narrow klass base: 0x0000000000000000, Narrow klass shift: 3, Narrow klass range: 0x800000000
[2022-03-19T08:46:08.978+0000][174][gc,heap,exit] Heap
[2022-03-19T08:46:08.978+0000][174][gc,heap,exit]  garbage-first heap   total 3201024K, used 3074K [0x00000006fca00000, 0x00000007c0000000)
[2022-03-19T08:46:08.978+0000][174][gc,heap,exit]   region size 2048K, 2 young (4096K), 0 survivors (0K)
[2022-03-19T08:46:08.979+0000][174][gc,heap,exit]  Metaspace       used 3475K, committed 3520K, reserved 1056768K
[2022-03-19T08:46:08.979+0000][174][gc,heap,exit]   class space    used 277K, committed 320K, reserved 1048576K
