[2022-03-19T08:28:56.732+0000][8][gc] Using G1
[2022-03-19T08:30:22.898+0000][8][gc,init] Version: 17.0.1+12 (release)
[2022-03-19T08:30:22.899+0000][8][gc,init] CPUs: 4 total, 4 available
[2022-03-19T08:30:22.907+0000][8][gc,init] Memory: 6251M
[2022-03-19T08:30:22.907+0000][8][gc,init] Large Page Support: Disabled
[2022-03-19T08:30:22.908+0000][8][gc,init] NUMA Support: Disabled
[2022-03-19T08:30:22.908+0000][8][gc,init] Compressed Oops: Enabled (Zero based)
[2022-03-19T08:30:22.908+0000][8][gc,init] Heap Region Size: 4M
[2022-03-19T08:30:22.909+0000][8][gc,init] Heap Min Capacity: 3128M
[2022-03-19T08:30:22.909+0000][8][gc,init] Heap Initial Capacity: 3128M
[2022-03-19T08:30:22.910+0000][8][gc,init] Heap Max Capacity: 3128M
[2022-03-19T08:30:22.910+0000][8][gc,init] Pre-touch: Enabled
[2022-03-19T08:30:22.911+0000][8][gc,init] Parallel Workers: 4
[2022-03-19T08:30:22.911+0000][8][gc,init] Concurrent Workers: 1
[2022-03-19T08:30:22.911+0000][8][gc,init] Concurrent Refinement Workers: 4
[2022-03-19T08:30:22.911+0000][8][gc,init] Periodic GC: Disabled
[2022-03-19T08:30:22.913+0000][8][gc,metaspace] CDS archive(s) mapped at: [0x0000000800000000-0x0000000800bd1000-0x0000000800bd1000), size 12390400, SharedBaseAddress: 0x0000000800000000, ArchiveRelocationMode: 0.
[2022-03-19T08:30:22.913+0000][8][gc,metaspace] Compressed class space mapped at: 0x0000000800c00000-0x0000000840c00000, reserved size: 1073741824
[2022-03-19T08:30:22.913+0000][8][gc,metaspace] Narrow klass base: 0x0000000800000000, Narrow klass shift: 0, Narrow klass range: 0x100000000
[2022-03-19T08:30:24.195+0000][8][safepoint   ] Safepoint "Cleanup", Time since last: 1015628400 ns, Reaching safepoint: 172100 ns, At safepoint: 27400 ns, Total: 199500 ns
[2022-03-19T08:30:25.636+0000][8][safepoint   ] Safepoint "Cleanup", Time since last: 1441126400 ns, Reaching safepoint: 222200 ns, At safepoint: 26600 ns, Total: 248800 ns
[2022-03-19T08:30:26.982+0000][8][safepoint   ] Safepoint "Cleanup", Time since last: 1344963800 ns, Reaching safepoint: 215200 ns, At safepoint: 34800 ns, Total: 250000 ns
[2022-03-19T08:30:28.331+0000][8][safepoint   ] Safepoint "ICBufferFull", Time since last: 1349249500 ns, Reaching safepoint: 239700 ns, At safepoint: 9400 ns, Total: 249100 ns
[2022-03-19T08:30:29.332+0000][8][safepoint   ] Safepoint "Cleanup", Time since last: 1000517400 ns, Reaching safepoint: 543300 ns, At safepoint: 36800 ns, Total: 580100 ns
[2022-03-19T08:30:29.518+0000][8][gc,start    ] GC(0) Pause Young (Normal) (G1 Evacuation Pause)
[2022-03-19T08:30:29.519+0000][8][gc,task     ] GC(0) Using 4 workers of 4 for evacuation
[2022-03-19T08:30:29.519+0000][8][gc,age      ] GC(0) Desired survivor size 10485760 bytes, new threshold 15 (max threshold 15)
[2022-03-19T08:30:29.540+0000][8][gc,age      ] GC(0) Age table with threshold 15 (max threshold 15)
[2022-03-19T08:30:29.540+0000][8][gc,age      ] GC(0) - age   1:   10080880 bytes,   10080880 total
[2022-03-19T08:30:29.542+0000][8][gc,phases   ] GC(0)   Pre Evacuate Collection Set: 0.8ms
[2022-03-19T08:30:29.542+0000][8][gc,phases   ] GC(0)   Merge Heap Roots: 2.2ms
[2022-03-19T08:30:29.542+0000][8][gc,phases   ] GC(0)   Evacuate Collection Set: 14.3ms
[2022-03-19T08:30:29.542+0000][8][gc,phases   ] GC(0)   Post Evacuate Collection Set: 2.2ms
[2022-03-19T08:30:29.542+0000][8][gc,phases   ] GC(0)   Other: 4.7ms
[2022-03-19T08:30:29.543+0000][8][gc,heap     ] GC(0) Eden regions: 39->0(36)
[2022-03-19T08:30:29.543+0000][8][gc,heap     ] GC(0) Survivor regions: 0->3(5)
[2022-03-19T08:30:29.543+0000][8][gc,heap     ] GC(0) Old regions: 0->0
[2022-03-19T08:30:29.543+0000][8][gc,heap     ] GC(0) Archive regions: 2->2
[2022-03-19T08:30:29.543+0000][8][gc,heap     ] GC(0) Humongous regions: 0->0
[2022-03-19T08:30:29.543+0000][8][gc,metaspace] GC(0) Metaspace: 15957K(16256K)->15957K(16256K) NonClass: 14083K(14208K)->14083K(14208K) Class: 1873K(2048K)->1873K(2048K)
[2022-03-19T08:30:29.544+0000][8][gc          ] GC(0) Pause Young (Normal) (G1 Evacuation Pause) 159M->13M(3128M) 25.672ms
[2022-03-19T08:30:29.544+0000][8][gc,cpu      ] GC(0) User=0.07s Sys=0.01s Real=0.03s
[2022-03-19T08:30:29.544+0000][8][safepoint   ] Safepoint "G1CollectForAllocation", Time since last: 183503500 ns, Reaching safepoint: 129500 ns, At safepoint: 28457100 ns, Total: 28586600 ns
[2022-03-19T08:30:29.955+0000][8][safepoint   ] Safepoint "ICBufferFull", Time since last: 410614200 ns, Reaching safepoint: 284600 ns, At safepoint: 30600 ns, Total: 315200 ns
[2022-03-19T08:30:29.957+0000][8][safepoint   ] Safepoint "ICBufferFull", Time since last: 1619000 ns, Reaching safepoint: 153000 ns, At safepoint: 4700 ns, Total: 157700 ns
[2022-03-19T08:30:29.962+0000][8][safepoint   ] Safepoint "ICBufferFull", Time since last: 4686400 ns, Reaching safepoint: 191200 ns, At safepoint: 51600 ns, Total: 242800 ns
[2022-03-19T08:30:29.963+0000][8][safepoint   ] Safepoint "ICBufferFull", Time since last: 1181200 ns, Reaching safepoint: 120000 ns, At safepoint: 25300 ns, Total: 145300 ns
[2022-03-19T08:30:29.965+0000][8][safepoint   ] Safepoint "ICBufferFull", Time since last: 1309400 ns, Reaching safepoint: 269200 ns, At safepoint: 29500 ns, Total: 298700 ns
[2022-03-19T08:30:30.377+0000][8][safepoint   ] Safepoint "ICBufferFull", Time since last: 411770600 ns, Reaching safepoint: 155600 ns, At safepoint: 7800 ns, Total: 163400 ns
[2022-03-19T08:30:30.463+0000][8][gc,start    ] GC(1) Pause Young (Normal) (G1 Evacuation Pause)
[2022-03-19T08:30:30.464+0000][8][gc,task     ] GC(1) Using 4 workers of 4 for evacuation
[2022-03-19T08:30:30.464+0000][8][gc,age      ] GC(1) Desired survivor size 10485760 bytes, new threshold 15 (max threshold 15)
[2022-03-19T08:30:30.477+0000][8][gc,age      ] GC(1) Age table with threshold 15 (max threshold 15)
[2022-03-19T08:30:30.477+0000][8][gc,age      ] GC(1) - age   1:    3945408 bytes,    3945408 total
[2022-03-19T08:30:30.477+0000][8][gc,age      ] GC(1) - age   2:    7877584 bytes,   11822992 total
[2022-03-19T08:30:30.478+0000][8][gc,phases   ] GC(1)   Pre Evacuate Collection Set: 0.2ms
[2022-03-19T08:30:30.478+0000][8][gc,phases   ] GC(1)   Merge Heap Roots: 0.1ms
[2022-03-19T08:30:30.478+0000][8][gc,phases   ] GC(1)   Evacuate Collection Set: 11.4ms
[2022-03-19T08:30:30.479+0000][8][gc,phases   ] GC(1)   Post Evacuate Collection Set: 1.0ms
[2022-03-19T08:30:30.479+0000][8][gc,phases   ] GC(1)   Other: 2.0ms
[2022-03-19T08:30:30.479+0000][8][gc,heap     ] GC(1) Eden regions: 36->0(36)
[2022-03-19T08:30:30.479+0000][8][gc,heap     ] GC(1) Survivor regions: 3->3(5)
[2022-03-19T08:30:30.479+0000][8][gc,heap     ] GC(1) Old regions: 0->0
[2022-03-19T08:30:30.480+0000][8][gc,heap     ] GC(1) Archive regions: 2->2
[2022-03-19T08:30:30.480+0000][8][gc,heap     ] GC(1) Humongous regions: 0->0
[2022-03-19T08:30:30.480+0000][8][gc,metaspace] GC(1) Metaspace: 17886K(18176K)->17886K(18176K) NonClass: 15733K(15872K)->15733K(15872K) Class: 2153K(2304K)->2153K(2304K)
[2022-03-19T08:30:30.480+0000][8][gc          ] GC(1) Pause Young (Normal) (G1 Evacuation Pause) 157M->15M(3128M) 16.997ms
[2022-03-19T08:30:30.480+0000][8][gc,cpu      ] GC(1) User=0.04s Sys=0.01s Real=0.02s
[2022-03-19T08:30:30.481+0000][8][safepoint   ] Safepoint "G1CollectForAllocation", Time since last: 86104500 ns, Reaching safepoint: 70500 ns, At safepoint: 17514200 ns, Total: 17584700 ns
[2022-03-19T08:30:30.917+0000][8][gc,start    ] GC(2) Pause Young (Normal) (G1 Evacuation Pause)
[2022-03-19T08:30:30.918+0000][8][gc,task     ] GC(2) Using 4 workers of 4 for evacuation
[2022-03-19T08:30:30.918+0000][8][gc,age      ] GC(2) Desired survivor size 10485760 bytes, new threshold 2 (max threshold 15)
[2022-03-19T08:30:30.970+0000][8][gc,age      ] GC(2) Age table with threshold 2 (max threshold 15)
[2022-03-19T08:30:30.970+0000][8][gc,age      ] GC(2) - age   1:    2718336 bytes,    2718336 total
[2022-03-19T08:30:30.970+0000][8][gc,age      ] GC(2) - age   2:    3059024 bytes,    5777360 total
[2022-03-19T08:30:30.970+0000][8][gc,phases   ] GC(2)   Pre Evacuate Collection Set: 0.2ms
[2022-03-19T08:30:30.971+0000][8][gc,phases   ] GC(2)   Merge Heap Roots: 0.1ms
[2022-03-19T08:30:30.971+0000][8][gc,phases   ] GC(2)   Evacuate Collection Set: 50.3ms
[2022-03-19T08:30:31.059+0000][8][gc,phases   ] GC(2)   Post Evacuate Collection Set: 1.0ms
[2022-03-19T08:30:31.060+0000][8][gc,phases   ] GC(2)   Other: 1.7ms
[2022-03-19T08:30:31.061+0000][8][gc,heap     ] GC(2) Eden regions: 36->0(49)
[2022-03-19T08:30:31.061+0000][8][gc,heap     ] GC(2) Survivor regions: 3->2(5)
[2022-03-19T08:30:31.061+0000][8][gc,heap     ] GC(2) Old regions: 0->2
[2022-03-19T08:30:31.061+0000][8][gc,heap     ] GC(2) Archive regions: 2->2
[2022-03-19T08:30:31.062+0000][8][gc,heap     ] GC(2) Humongous regions: 0->0
[2022-03-19T08:30:31.062+0000][8][gc,metaspace] GC(2) Metaspace: 18373K(18688K)->18373K(18688K) NonClass: 16132K(16320K)->16132K(16320K) Class: 2241K(2368K)->2241K(2368K)
[2022-03-19T08:30:31.063+0000][8][gc          ] GC(2) Pause Young (Normal) (G1 Evacuation Pause) 159M->18M(3128M) 145.398ms
[2022-03-19T08:30:31.063+0000][8][gc,cpu      ] GC(2) User=0.30s Sys=0.00s Real=0.15s
[2022-03-19T08:30:31.063+0000][8][safepoint   ] Safepoint "G1CollectForAllocation", Time since last: 436478800 ns, Reaching safepoint: 84300 ns, At safepoint: 146243100 ns, Total: 146327400 ns
[2022-03-19T08:30:31.921+0000][8][gc,start    ] GC(3) Pause Young (Normal) (G1 Evacuation Pause)
[2022-03-19T08:30:31.921+0000][8][gc,task     ] GC(3) Using 4 workers of 4 for evacuation
[2022-03-19T08:30:31.921+0000][8][gc,age      ] GC(3) Desired survivor size 14680064 bytes, new threshold 15 (max threshold 15)
[2022-03-19T08:30:31.931+0000][8][gc,age      ] GC(3) Age table with threshold 15 (max threshold 15)
[2022-03-19T08:30:31.932+0000][8][gc,age      ] GC(3) - age   1:    5123232 bytes,    5123232 total
[2022-03-19T08:30:31.932+0000][8][gc,age      ] GC(3) - age   2:     918368 bytes,    6041600 total
[2022-03-19T08:30:31.932+0000][8][gc,age      ] GC(3) - age   3:    3058496 bytes,    9100096 total
[2022-03-19T08:30:31.932+0000][8][gc,phases   ] GC(3)   Pre Evacuate Collection Set: 0.2ms
[2022-03-19T08:30:31.932+0000][8][gc,phases   ] GC(3)   Merge Heap Roots: 0.2ms
[2022-03-19T08:30:31.932+0000][8][gc,phases   ] GC(3)   Evacuate Collection Set: 7.9ms
[2022-03-19T08:30:31.933+0000][8][gc,phases   ] GC(3)   Post Evacuate Collection Set: 1.4ms
[2022-03-19T08:30:31.933+0000][8][gc,phases   ] GC(3)   Other: 1.6ms
[2022-03-19T08:30:31.933+0000][8][gc,heap     ] GC(3) Eden regions: 49->0(72)
[2022-03-19T08:30:31.933+0000][8][gc,heap     ] GC(3) Survivor regions: 2->3(7)
[2022-03-19T08:30:31.933+0000][8][gc,heap     ] GC(3) Old regions: 2->2
[2022-03-19T08:30:31.933+0000][8][gc,heap     ] GC(3) Archive regions: 2->2
[2022-03-19T08:30:31.934+0000][8][gc,heap     ] GC(3) Humongous regions: 0->0
[2022-03-19T08:30:31.934+0000][8][gc,metaspace] GC(3) Metaspace: 18861K(19200K)->18861K(19200K) NonClass: 16571K(16768K)->16571K(16768K) Class: 2290K(2432K)->2290K(2432K)
[2022-03-19T08:30:31.934+0000][8][gc          ] GC(3) Pause Young (Normal) (G1 Evacuation Pause) 214M->20M(3128M) 13.044ms
[2022-03-19T08:30:31.934+0000][8][gc,cpu      ] GC(3) User=0.03s Sys=0.00s Real=0.01s
[2022-03-19T08:30:31.935+0000][8][safepoint   ] Safepoint "G1CollectForAllocation", Time since last: 857317800 ns, Reaching safepoint: 126200 ns, At safepoint: 13922600 ns, Total: 14048800 ns
[2022-03-19T08:30:32.919+0000][8][gc,start    ] GC(4) Pause Young (Normal) (G1 Evacuation Pause)
[2022-03-19T08:30:32.919+0000][8][gc,task     ] GC(4) Using 4 workers of 4 for evacuation
[2022-03-19T08:30:32.919+0000][8][gc,age      ] GC(4) Desired survivor size 20971520 bytes, new threshold 15 (max threshold 15)
[2022-03-19T08:30:32.926+0000][8][gc,age      ] GC(4) Age table with threshold 15 (max threshold 15)
[2022-03-19T08:30:32.926+0000][8][gc,age      ] GC(4) - age   1:    1416472 bytes,    1416472 total
[2022-03-19T08:30:32.926+0000][8][gc,age      ] GC(4) - age   2:    3144712 bytes,    4561184 total
[2022-03-19T08:30:32.926+0000][8][gc,age      ] GC(4) - age   3:     917344 bytes,    5478528 total
[2022-03-19T08:30:32.926+0000][8][gc,age      ] GC(4) - age   4:    3058080 bytes,    8536608 total
[2022-03-19T08:30:32.927+0000][8][gc,phases   ] GC(4)   Pre Evacuate Collection Set: 0.2ms
[2022-03-19T08:30:32.927+0000][8][gc,phases   ] GC(4)   Merge Heap Roots: 0.1ms
[2022-03-19T08:30:32.927+0000][8][gc,phases   ] GC(4)   Evacuate Collection Set: 5.0ms
[2022-03-19T08:30:32.927+0000][8][gc,phases   ] GC(4)   Post Evacuate Collection Set: 0.7ms
[2022-03-19T08:30:32.927+0000][8][gc,phases   ] GC(4)   Other: 1.9ms
[2022-03-19T08:30:32.928+0000][8][gc,heap     ] GC(4) Eden regions: 72->0(343)
[2022-03-19T08:30:32.928+0000][8][gc,heap     ] GC(4) Survivor regions: 3->3(10)
[2022-03-19T08:30:32.928+0000][8][gc,heap     ] GC(4) Old regions: 2->2
[2022-03-19T08:30:32.928+0000][8][gc,heap     ] GC(4) Archive regions: 2->2
[2022-03-19T08:30:32.928+0000][8][gc,heap     ] GC(4) Humongous regions: 0->0
[2022-03-19T08:30:32.929+0000][8][gc,metaspace] GC(4) Metaspace: 19734K(20096K)->19734K(20096K) NonClass: 17314K(17536K)->17314K(17536K) Class: 2419K(2560K)->2419K(2560K)
[2022-03-19T08:30:32.929+0000][8][gc          ] GC(4) Pause Young (Normal) (G1 Evacuation Pause) 308M->20M(3128M) 9.922ms
[2022-03-19T08:30:32.929+0000][8][gc,cpu      ] GC(4) User=0.01s Sys=0.01s Real=0.01s
[2022-03-19T08:30:32.929+0000][8][safepoint   ] Safepoint "G1CollectForAllocation", Time since last: 983929300 ns, Reaching safepoint: 184800 ns, At safepoint: 10445900 ns, Total: 10630700 ns
[2022-03-19T08:30:34.689+0000][8][gc,start    ] GC(5) Pause Young (Concurrent Start) (Metadata GC Threshold)
[2022-03-19T08:30:34.689+0000][8][gc,task     ] GC(5) Using 4 workers of 4 for evacuation
[2022-03-19T08:30:34.690+0000][8][gc,age      ] GC(5) Desired survivor size 92274688 bytes, new threshold 15 (max threshold 15)
[2022-03-19T08:30:34.698+0000][8][gc,age      ] GC(5) Age table with threshold 15 (max threshold 15)
[2022-03-19T08:30:34.699+0000][8][gc,age      ] GC(5) - age   1:    2443160 bytes,    2443160 total
[2022-03-19T08:30:34.699+0000][8][gc,age      ] GC(5) - age   2:     648032 bytes,    3091192 total
[2022-03-19T08:30:34.699+0000][8][gc,age      ] GC(5) - age   3:    3143576 bytes,    6234768 total
[2022-03-19T08:30:34.699+0000][8][gc,age      ] GC(5) - age   4:     914424 bytes,    7149192 total
[2022-03-19T08:30:34.700+0000][8][gc,age      ] GC(5) - age   5:    3055616 bytes,   10204808 total
[2022-03-19T08:30:34.700+0000][8][gc,phases   ] GC(5)   Pre Evacuate Collection Set: 0.3ms
[2022-03-19T08:30:34.700+0000][8][gc,phases   ] GC(5)   Merge Heap Roots: 0.1ms
[2022-03-19T08:30:34.700+0000][8][gc,phases   ] GC(5)   Evacuate Collection Set: 5.6ms
[2022-03-19T08:30:34.701+0000][8][gc,phases   ] GC(5)   Post Evacuate Collection Set: 0.9ms
[2022-03-19T08:30:34.701+0000][8][gc,phases   ] GC(5)   Other: 4.0ms
[2022-03-19T08:30:34.701+0000][8][gc,heap     ] GC(5) Eden regions: 112->0(466)
[2022-03-19T08:30:34.702+0000][8][gc,heap     ] GC(5) Survivor regions: 3->3(44)
[2022-03-19T08:30:34.702+0000][8][gc,heap     ] GC(5) Old regions: 2->2
[2022-03-19T08:30:34.702+0000][8][gc,heap     ] GC(5) Archive regions: 2->2
[2022-03-19T08:30:34.702+0000][8][gc,heap     ] GC(5) Humongous regions: 0->0
[2022-03-19T08:30:34.702+0000][8][gc,metaspace] GC(5) Metaspace: 20981K(21504K)->20981K(21504K) NonClass: 18395K(18752K)->18395K(18752K) Class: 2586K(2752K)->2586K(2752K)
[2022-03-19T08:30:34.703+0000][8][gc          ] GC(5) Pause Young (Concurrent Start) (Metadata GC Threshold) 466M->21M(3128M) 13.531ms
[2022-03-19T08:30:34.703+0000][8][gc,cpu      ] GC(5) User=0.02s Sys=0.02s Real=0.02s
[2022-03-19T08:30:34.703+0000][8][gc          ] GC(6) Concurrent Mark Cycle
[2022-03-19T08:30:34.704+0000][8][gc,marking  ] GC(6) Concurrent Clear Claimed Marks
[2022-03-19T08:30:34.704+0000][8][safepoint   ] Safepoint "CollectForMetadataAllocation", Time since last: 1759558700 ns, Reaching safepoint: 164400 ns, At safepoint: 14893000 ns, Total: 15057400 ns
[2022-03-19T08:30:34.704+0000][8][gc,marking  ] GC(6) Concurrent Clear Claimed Marks 0.511ms
[2022-03-19T08:30:34.705+0000][8][gc,marking  ] GC(6) Concurrent Scan Root Regions
[2022-03-19T08:30:34.711+0000][8][gc,marking  ] GC(6) Concurrent Scan Root Regions 6.443ms
[2022-03-19T08:30:34.711+0000][8][gc,marking  ] GC(6) Concurrent Mark
[2022-03-19T08:30:34.712+0000][8][gc,marking  ] GC(6) Concurrent Mark From Roots
[2022-03-19T08:30:34.712+0000][8][gc,task     ] GC(6) Using 1 workers of 1 for marking
[2022-03-19T08:30:34.737+0000][8][gc,marking  ] GC(6) Concurrent Mark From Roots 25.616ms
[2022-03-19T08:30:34.738+0000][8][gc,marking  ] GC(6) Concurrent Preclean
[2022-03-19T08:30:34.738+0000][8][gc,marking  ] GC(6) Concurrent Preclean 0.465ms
[2022-03-19T08:30:34.739+0000][8][gc,start    ] GC(6) Pause Remark
[2022-03-19T08:30:34.743+0000][8][gc          ] GC(6) Pause Remark 39M->39M(3128M) 4.347ms
[2022-03-19T08:30:34.743+0000][8][gc,cpu      ] GC(6) User=0.01s Sys=0.00s Real=0.01s
[2022-03-19T08:30:34.744+0000][8][safepoint   ] Safepoint "G1Concurrent", Time since last: 34643600 ns, Reaching safepoint: 198800 ns, At safepoint: 4877800 ns, Total: 5076600 ns
[2022-03-19T08:30:34.744+0000][8][gc,marking  ] GC(6) Concurrent Mark 32.552ms
[2022-03-19T08:30:34.744+0000][8][gc,marking  ] GC(6) Concurrent Rebuild Remembered Sets
[2022-03-19T08:30:34.744+0000][8][gc,marking  ] GC(6) Concurrent Rebuild Remembered Sets 0.170ms
[2022-03-19T08:30:34.745+0000][8][gc,start    ] GC(6) Pause Cleanup
[2022-03-19T08:30:34.745+0000][8][gc          ] GC(6) Pause Cleanup 39M->39M(3128M) 0.203ms
[2022-03-19T08:30:34.745+0000][8][gc,cpu      ] GC(6) User=0.00s Sys=0.00s Real=0.00s
[2022-03-19T08:30:34.745+0000][8][safepoint   ] Safepoint "G1Concurrent", Time since last: 833000 ns, Reaching safepoint: 185500 ns, At safepoint: 656700 ns, Total: 842200 ns
[2022-03-19T08:30:34.746+0000][8][gc,marking  ] GC(6) Concurrent Cleanup for Next Mark
[2022-03-19T08:30:34.750+0000][8][gc,marking  ] GC(6) Concurrent Cleanup for Next Mark 4.516ms
[2022-03-19T08:30:34.751+0000][8][gc          ] GC(6) Concurrent Mark Cycle 47.250ms
[2022-03-19T08:30:35.644+0000][8][gc,heap,exit] Heap
[2022-03-19T08:30:35.644+0000][8][gc,heap,exit]  garbage-first heap   total 3203072K, used 305145K [0x000000073c800000, 0x0000000800000000)
[2022-03-19T08:30:35.644+0000][8][gc,heap,exit]   region size 4096K, 72 young (294912K), 3 survivors (12288K)
[2022-03-19T08:30:35.644+0000][8][gc,heap,exit]  Metaspace       used 22246K, committed 22784K, reserved 1073152K
[2022-03-19T08:30:35.644+0000][8][gc,heap,exit]   class space    used 2892K, committed 3072K, reserved 1048576K
